
Fri Oct 18 2024 00:53:32:623 GMT+0530 (India Standard Time) -- [SUCCESS] You can now access your local server(s) in our remote browser

Fri Oct 18 2024 00:53:32:777 GMT+0530 (India Standard Time) -- Press Ctrl-C to exit


Fri Oct 18 2024 00:53:34:271 GMT+0530 (India Standard Time) -- Starting configuration console on http://localhost:45454

Fri Oct 18 2024 01:06:06:285 GMT+0530 (India Standard Time) -- [SUCCESS] You can now access your local server(s) in our remote browser

Fri Oct 18 2024 01:06:06:455 GMT+0530 (India Standard Time) -- Press Ctrl-C to exit


Fri Oct 18 2024 01:06:07:978 GMT+0530 (India Standard Time) -- Starting configuration console on http://localhost:45454

Fri Oct 18 2024 01:10:40:114 GMT+0530 (India Standard Time) -- [SUCCESS] You can now access your local server(s) in our remote browser

Fri Oct 18 2024 01:10:40:276 GMT+0530 (India Standard Time) -- Press Ctrl-C to exit


Fri Oct 18 2024 01:10:41:684 GMT+0530 (India Standard Time) -- Starting configuration console on http://localhost:45454

Fri Oct 25 2024 12:46:05:914 GMT+0530 (India Standard Time) -- [SUCCESS] You can now access your local server(s) in our remote browser

Fri Oct 25 2024 12:46:06:128 GMT+0530 (India Standard Time) -- Press Ctrl-C to exit


Fri Oct 25 2024 12:46:07:626 GMT+0530 (India Standard Time) -- Starting configuration console on http://localhost:45454

Fri Oct 25 2024 13:33:21:95 GMT+0530 (India Standard Time) -- [SUCCESS] You can now access your local server(s) in our remote browser

Fri Oct 25 2024 13:33:21:277 GMT+0530 (India Standard Time) -- Press Ctrl-C to exit


Fri Oct 25 2024 13:33:22:817 GMT+0530 (India Standard Time) -- Starting configuration console on http://localhost:45454

Fri Oct 25 2024 13:36:25:963 GMT+0530 (India Standard Time) -- [SUCCESS] You can now access your local server(s) in our remote browser

Fri Oct 25 2024 13:36:26:127 GMT+0530 (India Standard Time) -- Press Ctrl-C to exit


Fri Oct 25 2024 13:36:27:714 GMT+0530 (India Standard Time) -- Starting configuration console on http://localhost:45454

Fri Oct 25 2024 13:54:56:994 GMT+0530 (India Standard Time) -- [SUCCESS] You can now access your local server(s) in our remote browser

Fri Oct 25 2024 13:54:57:250 GMT+0530 (India Standard Time) -- Press Ctrl-C to exit


Fri Oct 25 2024 13:54:58:681 GMT+0530 (India Standard Time) -- Starting configuration console on http://localhost:45454

Fri Oct 25 2024 14:01:39:941 GMT+0530 (India Standard Time) -- [SUCCESS] You can now access your local server(s) in our remote browser

Fri Oct 25 2024 14:01:40:419 GMT+0530 (India Standard Time) -- Press Ctrl-C to exit


Fri Oct 25 2024 14:01:41:655 GMT+0530 (India Standard Time) -- Starting configuration console on http://localhost:45454

Fri Oct 25 2024 14:07:07:366 GMT+0530 (India Standard Time) -- [SUCCESS] You can now access your local server(s) in our remote browser

Fri Oct 25 2024 14:07:07:588 GMT+0530 (India Standard Time) -- Press Ctrl-C to exit


Fri Oct 25 2024 14:07:09:40 GMT+0530 (India Standard Time) -- Starting configuration console on http://localhost:45454

Fri Oct 25 2024 14:10:05:203 GMT+0530 (India Standard Time) -- [SUCCESS] You can now access your local server(s) in our remote browser

Fri Oct 25 2024 14:10:05:493 GMT+0530 (India Standard Time) -- Press Ctrl-C to exit


Fri Oct 25 2024 14:10:06:901 GMT+0530 (India Standard Time) -- Starting configuration console on http://localhost:45454

Fri Oct 25 2024 14:14:58:859 GMT+0530 (India Standard Time) -- [SUCCESS] You can now access your local server(s) in our remote browser

Fri Oct 25 2024 14:14:59:78 GMT+0530 (India Standard Time) -- Press Ctrl-C to exit


Fri Oct 25 2024 14:15:00:501 GMT+0530 (India Standard Time) -- Starting configuration console on http://localhost:45454

Fri Oct 25 2024 14:24:47:16 GMT+0530 (India Standard Time) -- [SUCCESS] You can now access your local server(s) in our remote browser

Fri Oct 25 2024 14:24:47:206 GMT+0530 (India Standard Time) -- Press Ctrl-C to exit


Fri Oct 25 2024 14:24:48:707 GMT+0530 (India Standard Time) -- Starting configuration console on http://localhost:45454

Fri Oct 25 2024 14:26:39:567 GMT+0530 (India Standard Time) -- [SUCCESS] You can now access your local server(s) in our remote browser

Fri Oct 25 2024 14:26:39:794 GMT+0530 (India Standard Time) -- Press Ctrl-C to exit


Fri Oct 25 2024 14:26:41:248 GMT+0530 (India Standard Time) -- Starting configuration console on http://localhost:45454

Fri Oct 25 2024 14:33:59:656 GMT+0530 (India Standard Time) -- [SUCCESS] You can now access your local server(s) in our remote browser

Fri Oct 25 2024 14:33:59:857 GMT+0530 (India Standard Time) -- Press Ctrl-C to exit


Fri Oct 25 2024 14:34:01:354 GMT+0530 (India Standard Time) -- Starting configuration console on http://localhost:45454

Fri Oct 25 2024 17:05:07:589 GMT+0530 (India Standard Time) -- [SUCCESS] You can now access your local server(s) in our remote browser

Fri Oct 25 2024 17:05:07:888 GMT+0530 (India Standard Time) -- Press Ctrl-C to exit


Fri Oct 25 2024 17:05:09:208 GMT+0530 (India Standard Time) -- Starting configuration console on http://localhost:45454

Tue Oct 29 2024 14:05:01:465 GMT+0530 (India Standard Time) -- [SUCCESS] You can now access your local server(s) in our remote browser

Tue Oct 29 2024 14:05:02:808 GMT+0530 (India Standard Time) -- Starting configuration console on http://localhost:45454
Tue Oct 29 2024 14:05:03:856 GMT+0530 (India Standard Time) -- Press Ctrl-C to exit



Tue Oct 29 2024 18:30:26:233 GMT+0530 (India Standard Time) -- [SUCCESS] You can now access your local server(s) in our remote browser

Tue Oct 29 2024 18:30:27:571 GMT+0530 (India Standard Time) -- Starting configuration console on http://localhost:45454
Tue Oct 29 2024 18:30:28:545 GMT+0530 (India Standard Time) -- Press Ctrl-C to exit



Thu Nov 21 2024 21:54:17:888 GMT+0530 (India Standard Time) -- [SUCCESS] You can now access your local server(s) in our remote browser

Thu Nov 21 2024 21:54:18:701 GMT+0530 (India Standard Time) -- Starting configuration console on http://localhost:45454
Thu Nov 21 2024 21:54:23:292 GMT+0530 (India Standard Time) -- Press Ctrl-C to exit



Fri Dec 20 2024 13:01:08:190 GMT+0530 (India Standard Time) -- [WARNING] Skipping initialisation of configuration console because: port already in use by another Binary
Fri Dec 20 2024 13:01:08:669 GMT+0530 (India Standard Time) -- [SUCCESS] You can now access your local server(s) in our remote browser

Fri Dec 20 2024 13:01:12:837 GMT+0530 (India Standard Time) -- Press Ctrl-C to exit



Fri Dec 27 2024 20:31:02:699 GMT+0530 (India Standard Time) -- [WARNING] Skipping initialisation of configuration console because: port already in use by another Binary
Fri Dec 27 2024 20:31:03:87 GMT+0530 (India Standard Time) -- [SUCCESS] You can now access your local server(s) in our remote browser

Fri Dec 27 2024 20:31:04:55 GMT+0530 (India Standard Time) -- Press Ctrl-C to exit



Fri Jan 03 2025 16:13:23:44 GMT+0530 (India Standard Time) -- [WARNING] Skipping initialisation of configuration console because: port already in use by another Binary
Fri Jan 03 2025 16:13:23:475 GMT+0530 (India Standard Time) -- [SUCCESS] You can now access your local server(s) in our remote browser

Fri Jan 03 2025 16:13:24:456 GMT+0530 (India Standard Time) -- Press Ctrl-C to exit



Fri Jan 17 2025 20:38:05:169 GMT+0530 (India Standard Time) -- [WARNING] Skipping initialisation of configuration console because: port already in use by another Binary
Fri Jan 17 2025 20:38:05:644 GMT+0530 (India Standard Time) -- [SUCCESS] You can now access your local server(s) in our remote browser

Fri Jan 17 2025 20:38:06:686 GMT+0530 (India Standard Time) -- Press Ctrl-C to exit



Fri Jan 24 2025 12:29:31:930 GMT+0530 (India Standard Time) -- [WARNING] Skipping initialisation of configuration console because: port already in use by another Binary
Fri Jan 24 2025 12:29:32:291 GMT+0530 (India Standard Time) -- [SUCCESS] You can now access your local server(s) in our remote browser

Fri Jan 24 2025 12:29:33:218 GMT+0530 (India Standard Time) -- Press Ctrl-C to exit



Mon Jan 27 2025 12:48:51:575 GMT+0530 (India Standard Time) -- [WARNING] Skipping initialisation of configuration console because: port already in use by another Binary
Mon Jan 27 2025 12:48:51:952 GMT+0530 (India Standard Time) -- [SUCCESS] You can now access your local server(s) in our remote browser

Mon Jan 27 2025 12:48:52:986 GMT+0530 (India Standard Time) -- Press Ctrl-C to exit



Mon Jan 27 2025 18:15:16:216 GMT+0530 (India Standard Time) -- [WARNING] Skipping initialisation of configuration console because: port already in use by another Binary
Mon Jan 27 2025 18:15:16:606 GMT+0530 (India Standard Time) -- [SUCCESS] You can now access your local server(s) in our remote browser

Mon Jan 27 2025 18:15:17:600 GMT+0530 (India Standard Time) -- Press Ctrl-C to exit



Tue Jan 28 2025 14:06:05:705 GMT+0530 (India Standard Time) -- [WARNING] Skipping initialisation of configuration console because: port already in use by another Binary
Tue Jan 28 2025 14:06:06:82 GMT+0530 (India Standard Time) -- [SUCCESS] You can now access your local server(s) in our remote browser

Tue Jan 28 2025 14:06:07:225 GMT+0530 (India Standard Time) -- Press Ctrl-C to exit



Wed Jan 29 2025 18:28:02:103 GMT+0530 (India Standard Time) -- [WARNING] Skipping initialisation of configuration console because: port already in use by another Binary
Wed Jan 29 2025 18:28:02:534 GMT+0530 (India Standard Time) -- [SUCCESS] You can now access your local server(s) in our remote browser

Wed Jan 29 2025 18:28:03:608 GMT+0530 (India Standard Time) -- Press Ctrl-C to exit



Thu Jan 30 2025 15:07:39:625 GMT+0530 (India Standard Time) -- [WARNING] Skipping initialisation of configuration console because: port already in use by another Binary
Thu Jan 30 2025 15:07:39:988 GMT+0530 (India Standard Time) -- [SUCCESS] You can now access your local server(s) in our remote browser

Thu Jan 30 2025 15:07:41:349 GMT+0530 (India Standard Time) -- Press Ctrl-C to exit



Thu Jan 30 2025 17:18:52:256 GMT+0530 (India Standard Time) -- [WARNING] Skipping initialisation of configuration console because: port already in use by another Binary
Thu Jan 30 2025 17:18:52:653 GMT+0530 (India Standard Time) -- [SUCCESS] You can now access your local server(s) in our remote browser

Thu Jan 30 2025 17:18:53:543 GMT+0530 (India Standard Time) -- Press Ctrl-C to exit



Thu Jan 30 2025 17:21:52:42 GMT+0530 (India Standard Time) -- [WARNING] Skipping initialisation of configuration console because: port already in use by another Binary
Thu Jan 30 2025 17:21:52:446 GMT+0530 (India Standard Time) -- [SUCCESS] You can now access your local server(s) in our remote browser

Thu Jan 30 2025 17:21:53:472 GMT+0530 (India Standard Time) -- Press Ctrl-C to exit



Thu Jan 30 2025 17:31:54:243 GMT+0530 (India Standard Time) -- [WARNING] Skipping initialisation of configuration console because: port already in use by another Binary
Thu Jan 30 2025 17:31:54:668 GMT+0530 (India Standard Time) -- [SUCCESS] You can now access your local server(s) in our remote browser

Thu Jan 30 2025 17:31:55:681 GMT+0530 (India Standard Time) -- Press Ctrl-C to exit



Thu Jan 30 2025 17:38:31:354 GMT+0530 (India Standard Time) -- [WARNING] Skipping initialisation of configuration console because: port already in use by another Binary
Thu Jan 30 2025 17:38:31:753 GMT+0530 (India Standard Time) -- [SUCCESS] You can now access your local server(s) in our remote browser

Thu Jan 30 2025 17:38:32:723 GMT+0530 (India Standard Time) -- Press Ctrl-C to exit



Thu Jan 30 2025 17:41:35:946 GMT+0530 (India Standard Time) -- [WARNING] Skipping initialisation of configuration console because: port already in use by another Binary
Thu Jan 30 2025 17:41:36:419 GMT+0530 (India Standard Time) -- [SUCCESS] You can now access your local server(s) in our remote browser

Thu Jan 30 2025 17:41:37:338 GMT+0530 (India Standard Time) -- Press Ctrl-C to exit



Thu Jan 30 2025 17:45:38:519 GMT+0530 (India Standard Time) -- [WARNING] Skipping initialisation of configuration console because: port already in use by another Binary
Thu Jan 30 2025 17:45:38:968 GMT+0530 (India Standard Time) -- [SUCCESS] You can now access your local server(s) in our remote browser

Thu Jan 30 2025 17:45:40:54 GMT+0530 (India Standard Time) -- Press Ctrl-C to exit



Thu Jan 30 2025 17:49:42:34 GMT+0530 (India Standard Time) -- [WARNING] Skipping initialisation of configuration console because: port already in use by another Binary
Thu Jan 30 2025 17:49:42:433 GMT+0530 (India Standard Time) -- [SUCCESS] You can now access your local server(s) in our remote browser

Thu Jan 30 2025 17:49:43:419 GMT+0530 (India Standard Time) -- Press Ctrl-C to exit



Thu Jan 30 2025 17:58:06:313 GMT+0530 (India Standard Time) -- [WARNING] Skipping initialisation of configuration console because: port already in use by another Binary
Thu Jan 30 2025 17:58:06:841 GMT+0530 (India Standard Time) -- [SUCCESS] You can now access your local server(s) in our remote browser

Thu Jan 30 2025 17:58:07:695 GMT+0530 (India Standard Time) -- Press Ctrl-C to exit



Thu Jan 30 2025 18:01:20:878 GMT+0530 (India Standard Time) -- [WARNING] Skipping initialisation of configuration console because: port already in use by another Binary
Thu Jan 30 2025 18:01:21:280 GMT+0530 (India Standard Time) -- [SUCCESS] You can now access your local server(s) in our remote browser

Thu Jan 30 2025 18:01:22:247 GMT+0530 (India Standard Time) -- Press Ctrl-C to exit



Thu Jan 30 2025 18:13:22:184 GMT+0530 (India Standard Time) -- [WARNING] Skipping initialisation of configuration console because: port already in use by another Binary
Thu Jan 30 2025 18:13:22:632 GMT+0530 (India Standard Time) -- [SUCCESS] You can now access your local server(s) in our remote browser

Thu Jan 30 2025 18:13:23:536 GMT+0530 (India Standard Time) -- Press Ctrl-C to exit



Thu Jan 30 2025 18:17:32:349 GMT+0530 (India Standard Time) -- [WARNING] Skipping initialisation of configuration console because: port already in use by another Binary
Thu Jan 30 2025 18:17:32:720 GMT+0530 (India Standard Time) -- [SUCCESS] You can now access your local server(s) in our remote browser

Thu Jan 30 2025 18:17:33:723 GMT+0530 (India Standard Time) -- Press Ctrl-C to exit



Thu Jan 30 2025 18:21:09:87 GMT+0530 (India Standard Time) -- [WARNING] Skipping initialisation of configuration console because: port already in use by another Binary
Thu Jan 30 2025 18:21:09:462 GMT+0530 (India Standard Time) -- [SUCCESS] You can now access your local server(s) in our remote browser

Thu Jan 30 2025 18:21:10:416 GMT+0530 (India Standard Time) -- Press Ctrl-C to exit



Thu Jan 30 2025 18:25:20:479 GMT+0530 (India Standard Time) -- [WARNING] Skipping initialisation of configuration console because: port already in use by another Binary
Thu Jan 30 2025 18:25:20:938 GMT+0530 (India Standard Time) -- [SUCCESS] You can now access your local server(s) in our remote browser

Thu Jan 30 2025 18:25:21:818 GMT+0530 (India Standard Time) -- Press Ctrl-C to exit



Thu Jan 30 2025 18:31:59:404 GMT+0530 (India Standard Time) -- [WARNING] Skipping initialisation of configuration console because: port already in use by another Binary
Thu Jan 30 2025 18:31:59:806 GMT+0530 (India Standard Time) -- [SUCCESS] You can now access your local server(s) in our remote browser

Thu Jan 30 2025 18:32:00:852 GMT+0530 (India Standard Time) -- Press Ctrl-C to exit



Thu Jan 30 2025 18:34:16:985 GMT+0530 (India Standard Time) -- [WARNING] Skipping initialisation of configuration console because: port already in use by another Binary
Thu Jan 30 2025 18:34:17:391 GMT+0530 (India Standard Time) -- [SUCCESS] You can now access your local server(s) in our remote browser

Thu Jan 30 2025 18:34:18:405 GMT+0530 (India Standard Time) -- Press Ctrl-C to exit



Thu Jan 30 2025 18:42:15:593 GMT+0530 (India Standard Time) -- [WARNING] Skipping initialisation of configuration console because: port already in use by another Binary
Thu Jan 30 2025 18:42:16:68 GMT+0530 (India Standard Time) -- [SUCCESS] You can now access your local server(s) in our remote browser

Thu Jan 30 2025 18:42:16:925 GMT+0530 (India Standard Time) -- Press Ctrl-C to exit



Thu Jan 30 2025 18:44:59:715 GMT+0530 (India Standard Time) -- [WARNING] Skipping initialisation of configuration console because: port already in use by another Binary
Thu Jan 30 2025 18:45:00:321 GMT+0530 (India Standard Time) -- [SUCCESS] You can now access your local server(s) in our remote browser

Thu Jan 30 2025 18:45:01:430 GMT+0530 (India Standard Time) -- Press Ctrl-C to exit



Thu Jan 30 2025 18:47:25:91 GMT+0530 (India Standard Time) -- [WARNING] Skipping initialisation of configuration console because: port already in use by another Binary
Thu Jan 30 2025 18:47:25:521 GMT+0530 (India Standard Time) -- [SUCCESS] You can now access your local server(s) in our remote browser

Thu Jan 30 2025 18:47:26:349 GMT+0530 (India Standard Time) -- Press Ctrl-C to exit



Thu Jan 30 2025 18:53:25:437 GMT+0530 (India Standard Time) -- [WARNING] Skipping initialisation of configuration console because: port already in use by another Binary
Thu Jan 30 2025 18:53:25:988 GMT+0530 (India Standard Time) -- [SUCCESS] You can now access your local server(s) in our remote browser

Thu Jan 30 2025 18:53:26:986 GMT+0530 (India Standard Time) -- Press Ctrl-C to exit



Fri Jan 31 2025 07:44:36:887 GMT+0530 (India Standard Time) -- [WARNING] Skipping initialisation of configuration console because: port already in use by another Binary
Fri Jan 31 2025 07:44:37:353 GMT+0530 (India Standard Time) -- [SUCCESS] You can now access your local server(s) in our remote browser

Fri Jan 31 2025 07:44:38:540 GMT+0530 (India Standard Time) -- Press Ctrl-C to exit



Fri Jan 31 2025 07:57:46:571 GMT+0530 (India Standard Time) -- [WARNING] Skipping initialisation of configuration console because: port already in use by another Binary
Fri Jan 31 2025 07:57:46:940 GMT+0530 (India Standard Time) -- [SUCCESS] You can now access your local server(s) in our remote browser

Fri Jan 31 2025 07:57:48:7 GMT+0530 (India Standard Time) -- Press Ctrl-C to exit



Fri Jan 31 2025 10:16:48:929 GMT+0530 (India Standard Time) -- [WARNING] Skipping initialisation of configuration console because: port already in use by another Binary
Fri Jan 31 2025 10:16:49:323 GMT+0530 (India Standard Time) -- [SUCCESS] You can now access your local server(s) in our remote browser

Fri Jan 31 2025 10:16:50:294 GMT+0530 (India Standard Time) -- Press Ctrl-C to exit



Fri Jan 31 2025 13:21:29:728 GMT+0530 (India Standard Time) -- [WARNING] Skipping initialisation of configuration console because: port already in use by another Binary
Fri Jan 31 2025 13:21:30:263 GMT+0530 (India Standard Time) -- [SUCCESS] You can now access your local server(s) in our remote browser

Fri Jan 31 2025 13:21:32:929 GMT+0530 (India Standard Time) -- Press Ctrl-C to exit



Fri Mar 14 2025 13:43:20:473 GMT+0530 (India Standard Time) -- [WARNING] Skipping initialisation of configuration console because: port already in use by another Binary
Fri Mar 14 2025 13:43:20:849 GMT+0530 (India Standard Time) -- [SUCCESS] You can now access your local server(s) in our remote browser

Fri Mar 14 2025 13:43:21:613 GMT+0530 (India Standard Time) -- Press Ctrl-C to exit



Fri Mar 14 2025 15:34:56:745 GMT+0530 (India Standard Time) -- [WARNING] Skipping initialisation of configuration console because: port already in use by another Binary
Fri Mar 14 2025 15:34:57:144 GMT+0530 (India Standard Time) -- [SUCCESS] You can now access your local server(s) in our remote browser

Fri Mar 14 2025 15:34:57:991 GMT+0530 (India Standard Time) -- Press Ctrl-C to exit



Wed Mar 19 2025 18:52:35:144 GMT+0530 (India Standard Time) -- [WARNING] Skipping initialisation of configuration console because: port already in use by another Binary
Wed Mar 19 2025 18:52:35:578 GMT+0530 (India Standard Time) -- [SUCCESS] You can now access your local server(s) in our remote browser

Wed Mar 19 2025 18:52:36:365 GMT+0530 (India Standard Time) -- Press Ctrl-C to exit



Wed Mar 19 2025 19:01:50:294 GMT+0530 (India Standard Time) -- [WARNING] Skipping initialisation of configuration console because: port already in use by another Binary
Wed Mar 19 2025 19:01:50:709 GMT+0530 (India Standard Time) -- [SUCCESS] You can now access your local server(s) in our remote browser

Wed Mar 19 2025 19:01:51:616 GMT+0530 (India Standard Time) -- Press Ctrl-C to exit



Wed Mar 19 2025 19:12:33:327 GMT+0530 (India Standard Time) -- [WARNING] Skipping initialisation of configuration console because: port already in use by another Binary
Wed Mar 19 2025 19:12:33:750 GMT+0530 (India Standard Time) -- [SUCCESS] You can now access your local server(s) in our remote browser

Wed Mar 19 2025 19:12:34:521 GMT+0530 (India Standard Time) -- Press Ctrl-C to exit



Wed Mar 19 2025 19:15:17:626 GMT+0530 (India Standard Time) -- [WARNING] Skipping initialisation of configuration console because: port already in use by another Binary
Wed Mar 19 2025 19:15:18:81 GMT+0530 (India Standard Time) -- [SUCCESS] You can now access your local server(s) in our remote browser

Wed Mar 19 2025 19:15:18:928 GMT+0530 (India Standard Time) -- Press Ctrl-C to exit



Wed Mar 19 2025 19:38:41:321 GMT+0530 (India Standard Time) -- [WARNING] Skipping initialisation of configuration console because: port already in use by another Binary
Wed Mar 19 2025 19:38:41:747 GMT+0530 (India Standard Time) -- [SUCCESS] You can now access your local server(s) in our remote browser

Wed Mar 19 2025 19:38:42:574 GMT+0530 (India Standard Time) -- Press Ctrl-C to exit



Wed Mar 19 2025 20:08:25:706 GMT+0530 (India Standard Time) -- [WARNING] Skipping initialisation of configuration console because: port already in use by another Binary
Wed Mar 19 2025 20:08:26:107 GMT+0530 (India Standard Time) -- [SUCCESS] You can now access your local server(s) in our remote browser

Wed Mar 19 2025 20:08:26:909 GMT+0530 (India Standard Time) -- Press Ctrl-C to exit



Wed Mar 19 2025 20:13:41:765 GMT+0530 (India Standard Time) -- [WARNING] Skipping initialisation of configuration console because: port already in use by another Binary
Wed Mar 19 2025 20:13:42:167 GMT+0530 (India Standard Time) -- [SUCCESS] You can now access your local server(s) in our remote browser

Wed Mar 19 2025 20:13:42:950 GMT+0530 (India Standard Time) -- Press Ctrl-C to exit



Wed Mar 19 2025 20:31:14:898 GMT+0530 (India Standard Time) -- [WARNING] Skipping initialisation of configuration console because: port already in use by another Binary
Wed Mar 19 2025 20:31:15:341 GMT+0530 (India Standard Time) -- [SUCCESS] You can now access your local server(s) in our remote browser

Wed Mar 19 2025 20:31:16:264 GMT+0530 (India Standard Time) -- Press Ctrl-C to exit



Thu Mar 20 2025 11:38:27:125 GMT+0530 (India Standard Time) -- [WARNING] Skipping initialisation of configuration console because: port already in use by another Binary
Thu Mar 20 2025 11:38:27:578 GMT+0530 (India Standard Time) -- [SUCCESS] You can now access your local server(s) in our remote browser

Thu Mar 20 2025 11:38:29:323 GMT+0530 (India Standard Time) -- Press Ctrl-C to exit



Thu Mar 20 2025 12:38:53:803 GMT+0530 (India Standard Time) -- [WARNING] Skipping initialisation of configuration console because: port already in use by another Binary
Thu Mar 20 2025 12:38:54:218 GMT+0530 (India Standard Time) -- [SUCCESS] You can now access your local server(s) in our remote browser

Thu Mar 20 2025 12:38:54:953 GMT+0530 (India Standard Time) -- Press Ctrl-C to exit



Thu Mar 20 2025 13:04:39:592 GMT+0530 (India Standard Time) -- [WARNING] Skipping initialisation of configuration console because: port already in use by another Binary
Thu Mar 20 2025 13:04:39:979 GMT+0530 (India Standard Time) -- [SUCCESS] You can now access your local server(s) in our remote browser

Thu Mar 20 2025 13:04:40:775 GMT+0530 (India Standard Time) -- Press Ctrl-C to exit



Thu Mar 20 2025 13:16:55:136 GMT+0530 (India Standard Time) -- [WARNING] Skipping initialisation of configuration console because: port already in use by another Binary
Thu Mar 20 2025 13:16:55:528 GMT+0530 (India Standard Time) -- [SUCCESS] You can now access your local server(s) in our remote browser

Thu Mar 20 2025 13:16:56:399 GMT+0530 (India Standard Time) -- Press Ctrl-C to exit



Thu Mar 20 2025 14:22:55:759 GMT+0530 (India Standard Time) -- [WARNING] Skipping initialisation of configuration console because: port already in use by another Binary
Thu Mar 20 2025 14:22:56:170 GMT+0530 (India Standard Time) -- [SUCCESS] You can now access your local server(s) in our remote browser

Thu Mar 20 2025 14:22:56:985 GMT+0530 (India Standard Time) -- Press Ctrl-C to exit



Fri Mar 21 2025 17:14:45:362 GMT+0530 (India Standard Time) -- [SUCCESS] You can now access your local server(s) in our remote browser

Fri Mar 21 2025 17:14:46:717 GMT+0530 (India Standard Time) -- Starting configuration console on http://localhost:45454
Fri Mar 21 2025 17:14:47:145 GMT+0530 (India Standard Time) -- Press Ctrl-C to exit



Mon Mar 24 2025 13:35:41:391 GMT+0530 (India Standard Time) -- [SUCCESS] You can now access your local server(s) in our remote browser

Mon Mar 24 2025 13:35:42:707 GMT+0530 (India Standard Time) -- Starting configuration console on http://localhost:45454
Mon Mar 24 2025 13:35:43:103 GMT+0530 (India Standard Time) -- Press Ctrl-C to exit



Mon Mar 24 2025 13:40:58:394 GMT+0530 (India Standard Time) -- [SUCCESS] You can now access your local server(s) in our remote browser

Mon Mar 24 2025 13:40:59:682 GMT+0530 (India Standard Time) -- Starting configuration console on http://localhost:45454
Mon Mar 24 2025 13:41:00:159 GMT+0530 (India Standard Time) -- Press Ctrl-C to exit



Mon Mar 24 2025 13:44:12:358 GMT+0530 (India Standard Time) -- [SUCCESS] You can now access your local server(s) in our remote browser

Mon Mar 24 2025 13:44:13:720 GMT+0530 (India Standard Time) -- Starting configuration console on http://localhost:45454
Mon Mar 24 2025 13:44:14:299 GMT+0530 (India Standard Time) -- Press Ctrl-C to exit


