
14:23:05 [browserstack_sdk.__init__][INFO] - Project and debug logs are captured by default. To disable, set disableAutoCaptureLogs: true in config.

14:23:06 [browserstack_sdk.__init__][INFO] - Setting up for Browserstack, using framework: robot
==============================================================================
Userservices-Qa-Automation                                                    
==============================================================================
Userservices-Qa-Automation.Panda-Qa                                           
==============================================================================
Userservices-Qa-Automation.Panda-Qa.Tests                                     
==============================================================================
Userservices-Qa-Automation.Panda-Qa.Tests.FollowWidget                        
==============================================================================
Userservices-Qa-Automation.Panda-Qa.Tests.FollowWidget.Smoke                  
==============================================================================
Userservices-Qa-Automation.Panda-Qa.Tests.FollowWidget.Smoke.Barrons Smoke ...
==============================================================================
Validate the follow button from authors page :: This test case val... 
14:23:09 [browserstack_sdk.__init__][INFO] - Completed setup!
| PASS |
------------------------------------------------------------------------------
Userservices-Qa-Automation.Panda-Qa.Tests.FollowWidget.Smoke.Barro... | PASS |
1 test, 1 passed, 0 failed
==============================================================================
Userservices-Qa-Automation.Panda-Qa.Tests.FollowWidget.Smoke          | PASS |
1 test, 1 passed, 0 failed
==============================================================================
Userservices-Qa-Automation.Panda-Qa.Tests.FollowWidget                | PASS |
1 test, 1 passed, 0 failed
==============================================================================
Userservices-Qa-Automation.Panda-Qa.Tests                             | PASS |
1 test, 1 passed, 0 failed
==============================================================================
Userservices-Qa-Automation.Panda-Qa                                   | PASS |
1 test, 1 passed, 0 failed
==============================================================================
Userservices-Qa-Automation                                            | PASS |
1 test, 1 passed, 0 failed
==============================================================================
Output:  D:\Users\sasikumarj\PycharmProjects\userservices-qa-automation\resultspabot\pabot_results\0\output.xml

14:24:15 [browserstack_sdk.__init__][INFO] - Handling session close

14:24:15 [browserstack_sdk.__init__][INFO] - All done!
