1740058267061	geckodriver	INFO	Listening on 127.0.0.1:56525
1740058270108	mozrunner::runner	INFO	Running command: "C:\\Program Files\\Mozilla Firefox\\firefox.exe" "--marionette" "--remote-debugging-port" "56526" "--remote-allow-hosts" "localhost" "-no-remote" "-profile" "D:\\Users\\sasikumarj\\AppData\\Local\\Temp\\rust_mozprofileP5Kz1d"
console.warn: services.settings: Ignoring preference override of remote settings server
console.warn: services.settings: Allow by setting MOZ_REMOTE_SETTINGS_DEVTOOLS=1 in the environment
Dynamically enable window occlusion 0
1740058270778	Marionette	INFO	Marionette enabled
1740058271096	Marionette	INFO	Listening on port 56540
WebDriver BiDi listening on ws://127.0.0.1:56526
console.error: Policies: 
  Download failed - ERROR_CORRUPT_FILE - file://C:\Program Files\Snow Software\Inventory\Agent\FFCloudmetering.xpi
Read port: 56540
1740058271378	RemoteAgent	WARN	TLS certificate errors will be ignored for this session
DevTools listening on ws://127.0.0.1:56526/devtools/browser/43501728-5f66-475b-8d61-9bdb6dcd54ab
JavaScript warning: https://cdn.gbqofs.com/sv/b/detector-bootstrap.min.js, line 0: Successfully compiled asm.js code (total compilation time 3ms)
JavaScript error: https://cdn.cxense.com/sp1.html#ver=2.8.91&typ=pgv&rnd=m7ddrscpa8mbq6yd&sid=1133979867428110118&loc=https%3A%2F%2Fwww.dev.penews.com%2Farticles%2Ftest-3testing-wsj-full-bleed-3k-words-20220215&new=1&arf=0&ltm=1740058278223&ref=&tzo=-330&wsz=1278x497&res=1278x622&dpr=1&col=24&bln=en-US&chs=UTF-8&cks=m7ddrskvrt4w6wka&ckp=m7ddrscpqsm9xooq&glb=&amo=1644922380&cp_userState=anon&cp_testGroup=49&cp_env=staging&cp_topDomain=penews.com&cp_type=Advisers&cp_template=preview&cp_access=free&cp_section=ESG&cp_subsection=ESG&cp_cms_name=Wordpress&cp_subscriber=nonsubscriber&cp_edition=europe%252Cgb&cp_bucket=5&cp_ab_bucket=25&cp_pageContentSource=Private%20Equity%20News&cp_pageContentType=Article&cp_pageContentTypeDetai=article&cp_pageSiteProduct=PEN&cp_userTags=&cp_sessionState=none, line 1: TypeError: cX.loadScript is not a function
1740058278965	Marionette	WARN	Ignoring event 'DOMContentLoaded' because document has an invalid readyState of 'complete'.
JavaScript warning: https://int-int-capabilities-dashboard.vir-dev.onservo.com/_next/static/chunks/main-5f3df17621beaffa.js, line 1: Script terminated by timeout at:
38745/106/p/<@https://int-int-capabilities-dashboard.vir-dev.onservo.com/_next/static/chunks/main-5f3df17621beaffa.js:1:79742
r@https://int-int-capabilities-dashboard.vir-dev.onservo.com/_next/static/chunks/main-5f3df17621beaffa.js:1:79245

JavaScript warning: https://op1static.oktacdn.com/assets/js/vendor/lib/fingerprint2.min.68ab45bd98459cb766f3ab26d086e5f5.js, line 1: WEBGL_debug_renderer_info is deprecated in Firefox and will be removed. Please use RENDERER.
1740058290875	Marionette	WARN	Ignoring event 'DOMContentLoaded' because document has an invalid readyState of 'complete'.
console.error: ({})
console.warn: LoginRecipes: "Falling back to a synchronous message for: https://newscorp.okta.com."
1740058328773	Marionette	INFO	Stopped listening on port 56540
Dynamically enable window occlusion 1
!!! error running onStopped callback: TypeError: callback is not a function
