1742293109799	geckodriver	INFO	Listening on 127.0.0.1:51760
1742293112830	mozrunner::runner	INFO	Running command: "C:\\Program Files\\Mozilla Firefox\\firefox.exe" "--marionette" "--remote-debugging-port" "51761" "--remote-allow-hosts" "localhost" "-no-remote" "-profile" "D:\\Users\\sasikumarj\\AppData\\Local\\Temp\\rust_mozprofileDteKFL"
console.warn: services.settings: Ignoring preference override of remote settings server
console.warn: services.settings: Allow by setting MOZ_REMOTE_SETTINGS_DEVTOOLS=1 in the environment
Dynamically enable window occlusion 0
1742293113438	Marionette	INFO	Marionette enabled
1742293113680	Marionette	INFO	Listening on port 51773
WebDriver BiDi listening on ws://127.0.0.1:51761
Read port: 51773
console.error: Policies: 
  Download failed - ERROR_CORRUPT_FILE - file://C:\Program Files\Snow Software\Inventory\Agent\FFCloudmetering.xpi
1742293113926	RemoteAgent	WARN	TLS certificate errors will be ignored for this session
DevTools listening on ws://127.0.0.1:51761/devtools/browser/7d0fdecb-3d40-426d-b2f8-f9ee1c108574
console.error: ({})
console.error: ({})
JavaScript error: https://tags.tiqcdn.com/utag/wsjdn/barrons/prod/utag.js, line 94: ReferenceError: s is not defined
JavaScript warning: https://cdn.gbqofs.com/sv/b/detector-bootstrap.min.js, line 0: Successfully compiled asm.js code (total compilation time 2ms)
JavaScript warning: https://pagead2.googlesyndication.com/bg/jtqLS4CpbIVFtG__JM-T91toxYP3JyzmW2J4VfJqIi8.js line 2 > eval line 7139 > eval line 1 > eval line 1 > eval, line 1: WEBGL_debug_renderer_info is deprecated in Firefox and will be removed. Please use RENDERER.
1742293124822	Marionette	WARN	Ignoring event 'pageshow' because document has an invalid readyState of 'uninitialized'.
1742293124882	Marionette	WARN	Ignoring event 'pageshow' because document has an invalid readyState of 'uninitialized'.
JavaScript error: https://pbcs.barrons.com/s/dj/barrons/pb.js, line 831: TypeError: can't convert undefined to object
console.error: ({})
console.error: ({})
JavaScript warning: https://cdn.gbqofs.com/sv/b/detector-bootstrap.min.js, line 0: Successfully compiled asm.js code (total compilation time 3ms)
JavaScript error: https://cdn.cxense.com/sp1.html#ver=2.8.92&typ=pgv&rnd=m8eccds2srd7e1ei&sid=9222325317970825875&loc=https%3A%2F%2Fwww.s.dev.barrons.com%2Farticles%2Fbuy-under-armour-stock-pick-51650672000&new=0&arf=0&ltm=1742293128392&ref=&tzo=-330&wsz=1280x595&res=1280x720&dpr=1&col=24&bln=en-US&chs=UTF-8&cks=m8ecce4xwe1qisxn&ckp=m8ecca1gkw2ncqj5&glb=&amo=1741755900&cp_userState=anon, line 1: TypeError: cX.loadScript is not a function
JavaScript warning: https://pagead2.googlesyndication.com/bg/jtqLS4CpbIVFtG__JM-T91toxYP3JyzmW2J4VfJqIi8.js line 2 > eval line 3058 > eval line 1 > eval line 1 > eval, line 1: WEBGL_debug_renderer_info is deprecated in Firefox and will be removed. Please use RENDERER.
JavaScript error: , line 0: uncaught exception: Failed to track Pageview. A validation check carried out by the server did not succeed.
JavaScript warning: https://pagead2.googlesyndication.com/bg/-DAcQ9lQZbiM5HME96vizN3snXxurSkogwgOEvHdK-k.js line 2 > eval line 7751 > eval line 1 > eval line 1 > eval, line 1: WEBGL_debug_renderer_info is deprecated in Firefox and will be removed. Please use RENDERER.
JavaScript warning: https://pagead2.googlesyndication.com/pagead/managed/js/activeview/current/ufs_web_display.js, line 13: Script terminated by timeout at:
B@https://pagead2.googlesyndication.com/pagead/managed/js/activeview/current/ufs_web_display.js:13:325
h@https://pagead2.googlesyndication.com/pagead/managed/js/activeview/current/ufs_web_display.js:93:449

JavaScript warning: https://pagead2.googlesyndication.com/bg/-DAcQ9lQZbiM5HME96vizN3snXxurSkogwgOEvHdK-k.js line 2 > eval line 5656 > eval line 1 > eval line 1 > eval, line 1: WEBGL_debug_renderer_info is deprecated in Firefox and will be removed. Please use RENDERER.
console.warn: WindowsJumpLists: "Failed to fetch favicon for " "https://www.s.dev.barrons.com/articles/buy-under-armour-stock-pick-51650672000" ({})
console.warn: WindowsJumpLists: "Failed to fetch favicon for " "https://www.barrons.com/" ({})
JavaScript warning: https://pagead2.googlesyndication.com/pagead/managed/js/activeview/current/ufs_web_display.js, line 83: Script terminated by timeout at:
n.next@https://pagead2.googlesyndication.com/pagead/managed/js/activeview/current/ufs_web_display.js:83:869
bd.prototype.next@https://pagead2.googlesyndication.com/pagead/managed/js/activeview/current/ufs_web_display.js:89:1294
tc.prototype.next@https://pagead2.googlesyndication.com/pagead/managed/js/activeview/current/ufs_web_display.js:81:218
n.Fd@https://pagead2.googlesyndication.com/pagead/managed/js/activeview/current/ufs_web_display.js:80:756
n.next@https://pagead2.googlesyndication.com/pagead/managed/js/activeview/current/ufs_web_display.js:80:523
hh/c/</</<@https://pagead2.googlesyndication.com/pagead/managed/js/activeview/current/ufs_web_display.js:131:320
Xa@https://pagead2.googlesyndication.com/pagead/managed/js/activeview/current/ufs_web_display.js:49:339
Ua.prototype.flush@https://pagead2.googlesyndication.com/pagead/managed/js/activeview/current/ufs_web_display.js:49:127
Wa@https://pagead2.googlesyndication.com/pagead/managed/js/activeview/current/ufs_web_display.js:48:483
hh/c/</<@https://pagead2.googlesyndication.com/pagead/managed/js/activeview/current/ufs_web_display.js:131:292
tc.prototype.next@https://pagead2.googlesyndication.com/pagead/managed/js/activeview/current/ufs_web_display.js:81:218
n.Fd@https://pagead2.googlesyndication.com/pagead/managed/js/activeview/current/ufs_web_display.js:80:756
n.next@https://pagead2.googlesyndication.com/pagead/managed/js/activeview/current/ufs_web_display.js:80:523
pg/</</</<@https://pagead2.googlesyndication.com/pagead/managed/js/activeview/current/ufs_web_display.js:121:515
Ta.prototype.Vb/<@https://pagead2.googlesyndication.com/pagead/managed/js/activeview/current/ufs_web_display.js:48:315
pg/</</<@https://pagead2.googlesyndication.com/pagead/managed/js/activeview/current/ufs_web_display.js:121:524
tc.prototype.next@https://pagead2.googlesyndication.com/pagead/managed/js/activeview/current/ufs_web_display.js:81:218
n.Fd@https://pagead2.googlesyndication.com/pagead/managed/js/activeview/current/ufs_web_display.js:80:756
n.next@https://pagead2.googlesyndication.com/pagead/managed/js/activeview/current/ufs_web_display.js:80:523
pg/</</</<@https://pagead2.googlesyndication.com/pagead/managed/js/activeview/current/ufs_web_display.js:121:515
Ta.prototype.Vb/<@https://pagead2.googlesyndication.com/pagead/managed/js/activeview/current/ufs_web_display.js:48:315
pg/</</<@https://pagead2.googlesyndication.com/pagead/managed/js/activeview/current/ufs_web_display.js:121:524
tc.prototype.next@https://pagead2.googlesyndication.com/pagead/managed/js/activeview/current/ufs_web_display.js:81:218
n.Fd@https://pagead2.googlesyndication.com/pagead/managed/js/activeview/current/ufs_web_display.js:80:756
n.next@https://pagead2.googlesyndication.com/pagead/managed/js/activeview/current/ufs_web_display.js:80:523
h@https://pagead2.googlesyndication.com/pagead/managed/js/activeview/current/ufs_web_display.js:93:477

console.warn: WindowsJumpLists: "Failed to fetch favicon for " "https://www.s.dev.barrons.com/articles/buy-under-armour-stock-pick-51650672000" ({})
console.warn: WindowsJumpLists: "Failed to fetch favicon for " "https://www.barrons.com/" ({})
console.warn: WindowsJumpLists: "Failed to fetch favicon for " "https://www.s.dev.barrons.com/articles/buy-under-armour-stock-pick-51650672000" ({})
console.warn: WindowsJumpLists: "Failed to fetch favicon for " "https://www.barrons.com/" ({})
console.warn: WindowsJumpLists: "Failed to fetch favicon for " "https://www.s.dev.barrons.com/articles/buy-under-armour-stock-pick-51650672000" ({})
console.warn: WindowsJumpLists: "Failed to fetch favicon for " "https://www.barrons.com/" ({})
console.warn: WindowsJumpLists: "Failed to fetch favicon for " "https://www.s.dev.barrons.com/articles/buy-under-armour-stock-pick-51650672000" ({})
console.warn: WindowsJumpLists: "Failed to fetch favicon for " "https://www.barrons.com/" ({})
console.warn: WindowsJumpLists: "Failed to fetch favicon for " "https://www.s.dev.barrons.com/articles/buy-under-armour-stock-pick-51650672000" ({})
console.warn: WindowsJumpLists: "Failed to fetch favicon for " "https://www.barrons.com/" ({})
console.warn: WindowsJumpLists: "Failed to fetch favicon for " "https://www.s.dev.barrons.com/articles/buy-under-armour-stock-pick-51650672000" ({})
console.warn: WindowsJumpLists: "Failed to fetch favicon for " "https://www.barrons.com/" ({})
JavaScript warning: https://tagan.adlightning.com/newscorp-barrons-aps/b-bde0e05-873a5d4a.js, line 1: Script terminated by timeout at:
Ye/c<@https://tagan.adlightning.com/newscorp-barrons-aps/b-bde0e05-873a5d4a.js:1:29856
Ye@https://tagan.adlightning.com/newscorp-barrons-aps/b-bde0e05-873a5d4a.js:1:31266
Vt/xblocker@https://tagan.adlightning.com/newscorp-barrons-aps/b-bde0e05-873a5d4a.js:1:47043
Kt/e.value/</<@https://tagan.adlightning.com/newscorp-barrons-aps/b-bde0e05-873a5d4a.js:1:53451
Kt/e.value/<@https://tagan.adlightning.com/newscorp-barrons-aps/b-bde0e05-873a5d4a.js:1:53427
h8@https://tagan.adlightning.com/newscorp-barrons-aps/b-bde0e05-873a5d4a.js:1:12592
Kt/e.value@https://tagan.adlightning.com/newscorp-barrons-aps/b-bde0e05-873a5d4a.js:1:53253
kRt@https://cdn.ampproject.org/rtv/012502032353000/v0/amp-analytics-0.1.mjs:2:89311
gRt@https://cdn.ampproject.org/rtv/012502032353000/v0/amp-analytics-0.1.mjs:2:89226
vRt@https://cdn.ampproject.org/rtv/012502032353000/v0/amp-analytics-0.1.mjs:2:89401
fire@https://cdn.ampproject.org/rtv/012502032353000/amp4ads-v0.mjs:2:16391
ai@https://cdn.ampproject.org/rtv/012502032353000/amp4ads-v0.mjs:2:22557

1742293960430	Marionette	INFO	Stopped listening on port 51773
Dynamically enable window occlusion 1
!!! error running onStopped callback: TypeError: callback is not a function
