1739878427357	geckodriver	INFO	Listening on 127.0.0.1:51407
1739878430724	mozrunner::runner	INFO	Running command: "C:\\Program Files\\Mozilla Firefox\\firefox.exe" "--marionette" "--remote-debugging-port" "51408" "--remote-allow-hosts" "localhost" "-no-remote" "-profile" "D:\\Users\\sasikumarj\\AppData\\Local\\Temp\\rust_mozprofiletqu9ie"
console.warn: services.settings: Ignoring preference override of remote settings server
console.warn: services.settings: Allow by setting MOZ_REMOTE_SETTINGS_DEVTOOLS=1 in the environment
Dynamically enable window occlusion 0
1739878431422	Marionette	INFO	Marionette enabled
1739878431675	Marionette	INFO	Listening on port 51428
Read port: 51428
WebDriver BiDi listening on ws://127.0.0.1:51408
1739878431813	RemoteAgent	WARN	TLS certificate errors will be ignored for this session
console.error: Policies: 
  Download failed - ERROR_CORRUPT_FILE - file://C:\Program Files\Snow Software\Inventory\Agent\FFCloudmetering.xpi
DevTools listening on ws://127.0.0.1:51408/devtools/browser/2ae04734-6224-45df-8b16-a8b990be771c
JavaScript error: https://cdn.cxense.com/sp1.html#ver=2.8.90&typ=pgv&rnd=m7aepav85nrzf1w3&sid=1134002947328204066&loc=https%3A%2F%2Fwww.dev.wsj.com%2F&new=1&arf=0&ltm=1739878443335&ref=&tzo=-330&wsz=1278x497&res=1278x622&dpr=1&col=24&bln=en-US&chs=UTF-8&cks=m7aepawpv78ej8te&ckp=m7aepav8t5yrqmm8&glb=&cp_userState=anon&cp_testGroup=34&cp_env=staging&cp_topDomain=wsj.com&cp_access=free&cp_section=US%20Home%20Page&cp_subsection=&cp_cms_name=CAPS&cp_subscriber=nonsubscriber&cp_edition=naus&cp_bucket=4&cp_ab_bucket=44&cp_pageContentSource=WSJ%20Online&cp_pageContentType=Home&cp_pageContentTypeDetai=desktopweb&cp_pageSiteProduct=WSJ&cp_userTags=&cp_sessionState=none, line 1: TypeError: cX.loadScript is not a function
JavaScript warning: https://cdn.gbqofs.com/sv/b/detector-bootstrap.min.js, line 0: Successfully compiled asm.js code (total compilation time 2ms)
1739878446354	Marionette	WARN	Ignoring event 'DOMContentLoaded' because document has an invalid readyState of 'complete'.
JavaScript error: , line 0: uncaught exception: undefined
JavaScript error: , line 0: TypeError: NetworkError when attempting to fetch resource.
JavaScript error: https://news.google.com/swg/js/v1/swg.js, line 17: Error: XHR Failed fetching (https://news.google.com/...): (Note: a CORS error above may indicate that this publisher or domain is not configured in Publisher Center. The CORS error happens because 4xx responses do not set CORS headers.)

TypeError: NetworkError when attempting to fetch resource.
JavaScript error: , line 0: uncaught exception: Object
JavaScript error: https://news.google.com/swg/js/v1/swg.js, line 17: Error: Error: not allowed
JavaScript warning: https://cdn.gbqofs.com/sv/b/detector-bootstrap.min.js, line 0: Successfully compiled asm.js code (total compilation time 3ms)
1739878460149	Marionette	WARN	TimedPromise timed out after 500 ms: stacktrace:
TimedPromise/<@chrome://remote/content/marionette/sync.sys.mjs:205:24
TimedPromise@chrome://remote/content/marionette/sync.sys.mjs:189:10
interaction.flushEventLoop@chrome://remote/content/marionette/interaction.sys.mjs:467:10
webdriverClickElement@chrome://remote/content/marionette/interaction.sys.mjs:220:33
JavaScript error: , line 0: AbortError: The operation was aborted. 
JavaScript warning: https://www.dev.wsj.com/_next/static/chunks/main-f71735cd0fa4d778.js, line 1: Script terminated by timeout at:
78018/y/<@https://www.dev.wsj.com/_next/static/chunks/main-f71735cd0fa4d778.js:1:120500
r@https://www.dev.wsj.com/_next/static/chunks/main-f71735cd0fa4d778.js:1:119996

JavaScript warning: https://www.gstatic.com/_/mss/boq-subscribewithgoogle/_/js/k=boq-subscribewithgoogle.SubscribewithgoogleClientUi.en_US.IuTH-ln6tN0.es5.O/am=AAbc/d=1/excm=_b,_tp,serviceiframeview/ed=1/dg=0/wt=2/ujg=1/rs=ABXTjI4XuwxXuYeKGkFWufxO2BT9tb_lNw/m=_b,_tp, line 314: Script terminated by timeout at:
c@https://www.gstatic.com/_/mss/boq-subscribewithgoogle/_/js/k=boq-subscribewithgoogle.SubscribewithgoogleClientUi.en_US.IuTH-ln6tN0.es5.O/am=AAbc/d=1/excm=_b,_tp,serviceiframeview/ed=1/dg=0/wt=2/ujg=1/rs=ABXTjI4XuwxXuYeKGkFWufxO2BT9tb_lNw/m=_b,_tp:314:187
b@https://www.gstatic.com/_/mss/boq-subscribewithgoogle/_/js/k=boq-subscribewithgoogle.SubscribewithgoogleClientUi.en_US.IuTH-ln6tN0.es5.O/am=AAbc/d=1/excm=_b,_tp,serviceiframeview/ed=1/dg=0/wt=2/ujg=1/rs=ABXTjI4XuwxXuYeKGkFWufxO2BT9tb_lNw/m=_b,_tp:300:48

JavaScript warning: https://gum.criteo.com/syncframe?origin=criteoPrebidAdapter&topUrl=www.dev.wsj.com&us_privacy=1YNN&gpp=#{%22cw%22:true,%22lsw%22:true,%22origin%22:%22criteoPrebidAdapter%22,%22requestId%22:%220.44806786208675486%22,%22tld%22:%22www.dev.wsj.com%22,%22topUrl%22:%22www.dev.wsj.com%22,%22version%22:%229_30_0%22}, line 13: Script terminated by timeout at:
r.prototype.flushEventQueue@https://gum.criteo.com/syncframe?origin=criteoPrebidAdapter&topUrl=www.dev.wsj.com&us_privacy=1YNN&gpp=#{%22cw%22:true,%22lsw%22:true,%22origin%22:%22criteoPrebidAdapter%22,%22requestId%22:%220.44806786208675486%22,%22tld%22:%22www.dev.wsj.com%22,%22topUrl%22:%22www.dev.wsj.com%22,%22version%22:%229_30_0%22}:13:3137
r/<@https://gum.criteo.com/syncframe?origin=criteoPrebidAdapter&topUrl=www.dev.wsj.com&us_privacy=1YNN&gpp=#{%22cw%22:true,%22lsw%22:true,%22origin%22:%22criteoPrebidAdapter%22,%22requestId%22:%220.44806786208675486%22,%22tld%22:%22www.dev.wsj.com%22,%22topUrl%22:%22www.dev.wsj.com%22,%22version%22:%229_30_0%22}:13:3642

console.warn: LoginRecipes: "Falling back to a synchronous message for: https://sso.int.accounts.dowjones.com."
console.warn: LoginRecipes: "Falling back to a synchronous message for: https://sso.int.accounts.dowjones.com."
JavaScript warning: https://sso.int.accounts.dowjones.com/datadome/tags.js, line 2: Script terminated by timeout at:
@https://sso.int.accounts.dowjones.com/datadome/tags.js:2:160473

JavaScript error: https://cdn.cxense.com/sp1.html#ver=2.8.90&typ=pgv&rnd=m7aeq19s68jysdii&sid=9222318613852486900&loc=https%3A%2F%2Fwww.wsj.com%2Farticles%2Ftwitter-elon-musk-to-argue-over-trial-timetable-to-force-44-billion-takeover-11658223001&new=0&arf=0&ltm=1739878480151&ref=&tzo=-330&wsz=1278x497&res=1278x622&dpr=1&col=24&bln=en-US&chs=UTF-8&cks=m7aeq3piilzb4les&ckp=m7aepav8t5yrqmm8&glb=&amo=1658316780&eid0=e4cefa22ef027cc0132f0c218da37da39cdb3228234af4df969b5c463592e123&eit0=wsj&cp_userState=anon&cp_testGroup=34&cp_topDomain=wsj.com&cp_pwTag=default&cp_pwPlacement=cx-snippetad&cp_pwCampaign=28324&cp_pwType=personalized&cp_type=Technology&cp_template=preview&cp_access=paid&cp_section=Tech&cp_subsection=Tech&cp_cms_name=Methode&cp_vix=&cp_subscriber=nonsubscriber&cp_edition=naus&cp_bucket=4&cp_ab_bucket=44&cp_pageContentSource=WSJ%20Online&cp_pageContentType=Article&cp_pageContentTypeDetai=standard&cp_pageSiteProduct=WSJ&cp_userTags=&cp_sessionState=none, line 1: TypeError: cX.loadScript is not a function
JavaScript warning: https://pagead2.googlesyndication.com/bg/ir3IDkj-YCvNipklvF-I057_N67ylKMzk10-KClRynk.js line 2 > eval line 3005 > eval line 1 > eval line 1 > eval, line 1: WEBGL_debug_renderer_info is deprecated in Firefox and will be removed. Please use RENDERER.
1739878483465	Marionette	WARN	TimedPromise timed out after 500 ms: stacktrace:
TimedPromise/<@chrome://remote/content/marionette/sync.sys.mjs:205:24
TimedPromise@chrome://remote/content/marionette/sync.sys.mjs:189:10
interaction.flushEventLoop@chrome://remote/content/marionette/interaction.sys.mjs:467:10
webdriverClickElement@chrome://remote/content/marionette/interaction.sys.mjs:220:33
JavaScript warning: https://cdn.gbqofs.com/sv/b/detector-bootstrap.min.js, line 0: Successfully compiled asm.js code (total compilation time 10ms)
JavaScript error: , line 0: TypeError: NetworkError when attempting to fetch resource.
JavaScript error: , line 0: TypeError: NetworkError when attempting to fetch resource.
JavaScript error: , line 0: AbortError: The operation was aborted. 
1739878485532	Marionette	WARN	Ignoring event 'pageshow' because document has an invalid readyState of 'uninitialized'.
1739878485595	Marionette	WARN	Ignoring event 'pageshow' because document has an invalid readyState of 'uninitialized'.
JavaScript error: https://www.dianomi.com/smartads.epl?id=6896&numAds=6&cf=1529.373.WSJ2&url=https%3A%2F%2Fwww.wsj.com%2Farticles%2Ftwitter-elon-musk-to-argue-over-trial-timetable-to-force-44-billion-takeover-11658223001&unitId=dianomi-6896-Z7RwVNEyytVAEI5qZ2HwnAAAACQ0&responsiveHeight=1&contextfeedFrameId=373-723&gdpr_consent=null&gdpr=null&canServeAds=true&canCookie=true&partner_tcf_status=2.0&partnerTcfStatus=2.0, line 152: NS_ERROR_UNEXPECTED: 
JavaScript warning: https://cdn.cxense.com/cx.js, line 6: Script terminated by timeout at:
r/l<@https://cdn.cxense.com/cx.js:6:1291
n@https://cdn.cxense.com/cx.js:6:1206
r@https://cdn.cxense.com/cx.js:6:1272
Bi@https://cdn.cxense.com/cx.js:6:52565
po@https://cdn.cxense.com/cx.js:6:54925
ua@https://cdn.cxense.com/cx.js:6:70809
fa/<@https://cdn.cxense.com/cx.js:6:71116
nrWrapper@https://www.wsj.com/articles/twitter-elon-musk-to-argue-over-trial-timetable-to-force-44-billion-takeover-11658223001:246:17759

JavaScript warning: https://imasdk.googleapis.com/js/core/bridge3.686.0_en.html#fid=goog_487265458, line 11: Script terminated by timeout at:
v@https://imasdk.googleapis.com/js/core/bridge3.686.0_en.html#fid=goog_487265458:11:289
dD/this.T@https://imasdk.googleapis.com/js/core/bridge3.686.0_en.html#fid=goog_487265458:453:37

console.warn: LoginRecipes: "Falling back to a synchronous message for: https://sso.accounts.dowjones.com."
JavaScript warning: https://sso.accounts.dowjones.com/datadome/tags.js, line 2: Script terminated by timeout at:
@https://sso.accounts.dowjones.com/datadome/tags.js:2:160473

JavaScript warning: https://pagead2.googlesyndication.com/bg/ir3IDkj-YCvNipklvF-I057_N67ylKMzk10-KClRynk.js line 2 > eval line 6327 > eval line 1 > eval line 1 > eval, line 1: WEBGL_debug_renderer_info is deprecated in Firefox and will be removed. Please use RENDERER.
JavaScript warning: https://cdn.gbqofs.com/sv/b/detector-bootstrap.min.js, line 0: Successfully compiled asm.js code (total compilation time 2ms)
1739878507314	Marionette	WARN	Ignoring event 'DOMContentLoaded' because document has an invalid readyState of 'complete'.
1739878515250	Marionette	INFO	Stopped listening on port 51428
JavaScript warning: https://www.wsj.com/articles/twitter-elon-musk-to-argue-over-trial-timetable-to-force-44-billion-takeover-11658223001, line 246: Script terminated by timeout at:
nrWrapper@https://www.wsj.com/articles/twitter-elon-musk-to-argue-over-trial-timetable-to-force-44-billion-takeover-11658223001:246:17817
s@https://www.wsj.com/static_html_files/bluegrass/2.2.119/bluegrass2.min.js:1:19101
ajax@https://www.wsj.com/static_html_files/bluegrass/2.2.119/bluegrass2.min.js:2:10493
ajaxAbort@https://www.wsj.com/static_html_files/bluegrass/2.2.119/bluegrass2.min.js:2:13621
abort@https://www.wsj.com/static_html_files/bluegrass/2.2.119/bluegrass2.min.js:2:19323
stop@https://www.wsj.com/static_html_files/bluegrass/2.2.119/bluegrass2.min.js:2:7041
e.exports/r.signalR.prototype.stop@https://www.wsj.com/static_html_files/bluegrass/2.2.119/bluegrass2.min.js:1:8405
start/i/</</<@https://www.wsj.com/static_html_files/bluegrass/2.2.119/bluegrass2.min.js:2:2691
nrWrapper@https://www.wsj.com/articles/twitter-elon-musk-to-argue-over-trial-timetable-to-force-44-billion-takeover-11658223001:246:17759

Dynamically enable window occlusion 1
