1742364141590	geckodriver	INFO	Listening on 127.0.0.1:57033
1742364144626	mozrunner::runner	INFO	Running command: "C:\\Program Files\\Mozilla Firefox\\firefox.exe" "--marionette" "--remote-debugging-port" "57034" "--remote-allow-hosts" "localhost" "-no-remote" "-profile" "D:\\Users\\sasikumarj\\AppData\\Local\\Temp\\rust_mozprofileyPbByy"
console.warn: services.settings: Ignoring preference override of remote settings server
console.warn: services.settings: Allow by setting MOZ_REMOTE_SETTINGS_DEVTOOLS=1 in the environment
Dynamically enable window occlusion 0
1742364145272	Marionette	INFO	Marionette enabled
1742364145571	Marionette	INFO	Listening on port 57050
WebDriver BiDi listening on ws://127.0.0.1:57034
Read port: 57050
console.error: Policies: 
  Download failed - ERROR_CORRUPT_FILE - file://C:\Program Files\Snow Software\Inventory\Agent\FFCloudmetering.xpi
1742364145837	RemoteAgent	WARN	TLS certificate errors will be ignored for this session
DevTools listening on ws://127.0.0.1:57034/devtools/browser/fa141cab-efd0-491e-83f2-2384275a87fd
console.error: ({})
console.error: ({})
JavaScript error: https://tags.tiqcdn.com/utag/wsjdn/barrons/prod/utag.js, line 94: ReferenceError: s is not defined
JavaScript error: https://cdn.cxense.com/sp1.html#ver=2.8.92&typ=pgv&rnd=m8fimp2tj22xp425&sid=9222325317970825875&loc=https%3A%2F%2Fwww.barrons.com%2F&new=1&arf=0&ltm=1742364153465&ref=&tzo=-330&wsz=1280x762&res=1920x982&dpr=1&col=24&bln=en-US&chs=UTF-8&cks=m8fimpolthiwcure&ckp=m8fimp2tjoqm0bbe&glb=&cp_userState=anon, line 1: TypeError: cX.loadScript is not a function
JavaScript error: https://cdn.tinypass.com/api/tinypass.min.js, line 1: Error: Piano SDK is loaded twice on same page. Try to fix that to prevent the message.
JavaScript warning: https://cdn.gbqofs.com/sv/b/detector-bootstrap.min.js, line 0: Successfully compiled asm.js code (total compilation time 3ms)
JavaScript warning: https://pagead2.googlesyndication.com/bg/-DAcQ9lQZbiM5HME96vizN3snXxurSkogwgOEvHdK-k.js line 2 > eval line 3858 > eval line 1 > eval line 1 > eval, line 1: WEBGL_debug_renderer_info is deprecated in Firefox and will be removed. Please use RENDERER.
JavaScript warning: https://pagead2.googlesyndication.com/bg/-DAcQ9lQZbiM5HME96vizN3snXxurSkogwgOEvHdK-k.js line 2 > eval line 2751 > eval line 1 > eval line 1 > eval, line 1: WEBGL_debug_renderer_info is deprecated in Firefox and will be removed. Please use RENDERER.
JavaScript error: https://cdn.gbqofs.com/sv/b/detector-bootstrap.min.js, line 10: Error: Error while loading plugin at URL: 'https://aswpsdkeu.com/notify/v1/ua-html-prompt.min.js'
JavaScript error: https://www.barrons.com/ line 33 > injectedScript, line 37: SecurityError: Permission denied to access property "setTimeout" on cross-origin object
JavaScript warning: https://pagead2.googlesyndication.com/pagead/managed/js/activeview/current/ufs_web_display.js, line 13: Script terminated by timeout at:
B@https://pagead2.googlesyndication.com/pagead/managed/js/activeview/current/ufs_web_display.js:13:325
h@https://pagead2.googlesyndication.com/pagead/managed/js/activeview/current/ufs_web_display.js:93:449

JavaScript warning: https://gum.criteo.com/syncframe?origin=criteoPrebidAdapter&topUrl=www.barrons.com&us_privacy=1YNN&gpp=DBABRg~BVoAACA&gpp_sid=9#{%22cw%22:true,%22lsw%22:true,%22origin%22:%22criteoPrebidAdapter%22,%22requestId%22:%220.08918011826384897%22,%22tld%22:%22www.barrons.com%22,%22topUrl%22:%22www.barrons.com%22,%22version%22:%229_30_0%22}, line 13: Script terminated by timeout at:
r.prototype.flushEventQueue@https://gum.criteo.com/syncframe?origin=criteoPrebidAdapter&topUrl=www.barrons.com&us_privacy=1YNN&gpp=DBABRg~BVoAACA&gpp_sid=9#{%22cw%22:true,%22lsw%22:true,%22origin%22:%22criteoPrebidAdapter%22,%22requestId%22:%220.08918011826384897%22,%22tld%22:%22www.barrons.com%22,%22topUrl%22:%22www.barrons.com%22,%22version%22:%229_30_0%22}:13:3137
r/<@https://gum.criteo.com/syncframe?origin=criteoPrebidAdapter&topUrl=www.barrons.com&us_privacy=1YNN&gpp=DBABRg~BVoAACA&gpp_sid=9#{%22cw%22:true,%22lsw%22:true,%22origin%22:%22criteoPrebidAdapter%22,%22requestId%22:%220.08918011826384897%22,%22tld%22:%22www.barrons.com%22,%22topUrl%22:%22www.barrons.com%22,%22version%22:%229_30_0%22}:13:3642

console.error: ({})
console.error: ({})
JavaScript error: https://cdn.cxense.com/sp1.html#ver=2.8.92&typ=pgv&rnd=m8fin4x2vunfqz1l&sid=9222325317970825875&loc=https%3A%2F%2Fwww.s.dev.barrons.com%2Farticles%2Fbuy-under-armour-stock-pick-51650672000&new=0&arf=0&ltm=1742364174021&ref=&tzo=-330&wsz=1280x762&res=1920x982&dpr=1&col=24&bln=en-US&chs=UTF-8&cks=m8fin68ce02yd3en&ckp=m8fimp2tjoqm0bbe&glb=&amo=1741755900&cp_userState=anon, line 1: TypeError: cX.loadScript is not a function
JavaScript warning: https://cdn.gbqofs.com/sv/b/detector-bootstrap.min.js, line 0: Successfully compiled asm.js code (total compilation time 50ms)
JavaScript warning: https://pagead2.googlesyndication.com/bg/-DAcQ9lQZbiM5HME96vizN3snXxurSkogwgOEvHdK-k.js line 2 > eval line 4841 > eval line 1 > eval line 1 > eval, line 1: WEBGL_debug_renderer_info is deprecated in Firefox and will be removed. Please use RENDERER.
JavaScript warning: https://pagead2.googlesyndication.com/bg/-DAcQ9lQZbiM5HME96vizN3snXxurSkogwgOEvHdK-k.js line 2 > eval line 16 > eval line 1 > eval line 1 > eval, line 1: WEBGL_debug_renderer_info is deprecated in Firefox and will be removed. Please use RENDERER.
JavaScript warning: https://pagead2.googlesyndication.com/bg/-DAcQ9lQZbiM5HME96vizN3snXxurSkogwgOEvHdK-k.js line 2 > eval line 2282 > eval line 1 > eval line 1 > eval, line 1: WEBGL_debug_renderer_info is deprecated in Firefox and will be removed. Please use RENDERER.
A content process crashed and MOZ_CRASHREPORTER_SHUTDOWN is set, shutting down
A content process crashed and MOZ_CRASHREPORTER_SHUTDOWN is set, shutting down
A content process crashed and MOZ_CRASHREPORTER_SHUTDOWN is set, shutting down
JavaScript error: chrome://global/content/elements/browser-custom-element.js, line 1840: Error: permitUnload is already running for this tab.
JavaScript warning: https://static.adsafeprotected.com/main.19.8.578.js, line 1: Script terminated by timeout at:
__IASScope.__IntegralASExec["19.8.578"].initialize/$.prototype.stringify@https://static.adsafeprotected.com/main.19.8.578.js:1:28299
__IASScope.__IntegralASExec["19.8.578"].initialize/$.prototype.toParams@https://static.adsafeprotected.com/main.19.8.578.js:1:28887
toString@https://static.adsafeprotected.com/main.19.8.578.js:1:114019
stringify@https://static.adsafeprotected.com/main.19.8.578.js:1:115416
I@https://static.adsafeprotected.com/main.19.8.578.js:1:85691
m@https://static.adsafeprotected.com/main.19.8.578.js:1:84119
h@https://static.adsafeprotected.com/main.19.8.578.js:1:84491
__IASScope.__IntegralASExec["19.8.578"].initialize/xe/push/e[e.length]@https://static.adsafeprotected.com/main.19.8.578.js:1:56346
__IASScope.__IntegralASExec["19.8.578"].initialize/xe/run/<@https://static.adsafeprotected.com/main.19.8.578.js:1:56429
__IASScope.__IntegralASExec["19.8.578"].initialize/$.prototype.each@https://static.adsafeprotected.com/main.19.8.578.js:1:27958
run@https://static.adsafeprotected.com/main.19.8.578.js:1:56407
r@https://static.adsafeprotected.com/main.19.8.578.js:1:55279
trigger@https://static.adsafeprotected.com/main.19.8.578.js:1:55632
l@https://static.adsafeprotected.com/main.19.8.578.js:1:187012
__IASScope.__IntegralASExec["19.8.578"].initialize/xe/push/e[e.length]@https://static.adsafeprotected.com/main.19.8.578.js:1:56346
__IASScope.__IntegralASExec["19.8.578"].initialize/xe/run/<@https://static.adsafeprotected.com/main.19.8.578.js:1:56429
__IASScope.__IntegralASExec["19.8.578"].initialize/$.prototype.each@https://static.adsafeprotected.com/main.19.8.578.js:1:27958
run@https://static.adsafeprotected.com/main.19.8.578.js:1:56407
r@https://static.adsafeprotected.com/main.19.8.578.js:1:55279
trigger@https://static.adsafeprotected.com/main.19.8.578.js:1:55632
__IASScope.__IntegralASExec["19.8.578"].initialize/creator/g/<@https://static.adsafeprotected.com/main.19.8.578.js:1:186914

A content process crashed and MOZ_CRASHREPORTER_SHUTDOWN is set, shutting down
1742364188888	Marionette	INFO	Stopped listening on port 57050
Dynamically enable window occlusion 1
JavaScript error: chrome://global/content/elements/browser-custom-element.js, line 1840: Error: permitUnload is already running for this tab.
JavaScript error: resource:///modules/ContentCrashHandlers.sys.mjs, line 165: uncaught exception: undefined
A content process crashed and MOZ_CRASHREPORTER_SHUTDOWN is set, shutting down
A content process crashed and MOZ_CRASHREPORTER_SHUTDOWN is set, shutting down
A content process crashed and MOZ_CRASHREPORTER_SHUTDOWN is set, shutting down
A content process crashed and MOZ_CRASHREPORTER_SHUTDOWN is set, shutting down
console.error: "Failed to fetch https://spocs.getpocket.com/user:" "NetworkError when attempting to fetch resource."
console.warn: TopSitesFeed: Failed to fetch data from Contile server: NetworkError when attempting to fetch resource.
console.error: services.settings: 
Object
  - prototype Object
    - columnNumber = 0
    - data = null
    - filename = resource://gre/modules/ServiceRequest.sys.mjs
    - lineNumber = 126
    - location = {"name":"open","filename":"resource://gre/modules/ServiceRequest.sys.mjs","sourceId":30,"lineNumber":126,"columnNumber":11,"asyncCause":null,"asyncCaller":null,"caller":{"filename":"resource://services-settings/Utils.sys.mjs","name":"fetch/<","sourceId":29,"lineNumber":268,"columnNumber":15,"asyncCause":null,"asyncCaller":null,"caller":{"filename":"resource://services-settings/Utils.sys.mjs","name":"fetch","sourceId":29,"lineNumber":219,"columnNumber":12,"asyncCause":null,"asyncCaller":null,"caller":{"filename":"resource://services-settings/Utils.sys.mjs","name":"fetchLatestChanges","sourceId":29,"lineNumber":429,"columnNumber":34,"asyncCause":null,"asyncCaller":null,"caller":{"filename":"resource://services-settings/RemoteSettingsClient.sys.mjs","name":"sync","sourceId":27,"lineNumber":625,"columnNumber":42,"asyncCause":null,"asyncCaller":null,"caller":{"filename":"resource://services-settings/RemoteSettingsClient.sys.mjs","name":"get/this._importingPromise<","sourceId":27,"lineNumber":477,"columnNumber":28,"asyncCause":null,"asyncCaller":null,"caller":null,"formattedStack":"get/this._importingPromise<@resource://services-settings/RemoteSettingsClient.sys.mjs:477:28\n","nativeSavedFrame":{}},"formattedStack":"sync@resource://services-settings/RemoteSettingsClient.sys.mjs:625:42\nget/this._importingPromise<@resource://services-settings/RemoteSettingsClient.sys.mjs:477:28\n","nativeSavedFrame":{}},"formattedStack":"fetchLatestChanges@resource://services-settings/Utils.sys.mjs:429:34\nsync@resource://services-settings/RemoteSettingsClient.sys.mjs:625:42\nget/this._importingPromise<@resource://services-settings/RemoteSettingsClient.sys.mjs:477:28\n","nativeSavedFrame":{}},"formattedStack":"fetch@resource://services-settings/Utils.sys.mjs:219:12\nfetchLatestChanges@resource://services-settings/Utils.sys.mjs:429:34\nsync@resource://services-settings/RemoteSettingsClient.sys.mjs:625:42\nget/this._importingPromise<@resource://services-settings/RemoteSettingsClient.sys.mjs:477:28\n","nativeSavedFrame":{}},"formattedStack":"fetch/<@resource://services-settings/Utils.sys.mjs:268:15\nfetch@resource://services-settings/Utils.sys.mjs:219:12\nfetchLatestChanges@resource://services-settings/Utils.sys.mjs:429:34\nsync@resource://services-settings/RemoteSettingsClient.sys.mjs:625:42\nget/this._importingPromise<@resource://services-settings/RemoteSettingsClient.sys.mjs:477:28\n","nativeSavedFrame":{}},"formattedStack":"open@resource://gre/modules/ServiceRequest.sys.mjs:126:11\nfetch/<@resource://services-settings/Utils.sys.mjs:268:15\nfetch@resource://services-settings/Utils.sys.mjs:219:12\nfetchLatestChanges@resource://services-settings/Utils.sys.mjs:429:34\nsync@resource://services-settings/RemoteSettingsClient.sys.mjs:625:42\nget/this._importingPromise<@resource://services-settings/RemoteSettingsClient.sys.mjs:477:28\n","nativeSavedFrame":{}}
    - message = 
    - name = 
    - result = 2152071198
    - stack = open@resource://gre/modules/ServiceRequest.sys.mjs:126:11|fetch/<@resource://services-settings/Utils.sys.mjs:268:15|fetch@resource://services-settings/Utils.sys.mjs:219:12|fetchLatestChanges@resource://services-settings/Utils.sys.mjs:429:34|sync@resource://services-settings/RemoteSettingsClient.sys.mjs:625:42|get/this._importingPromise<@resource://services-settings/RemoteSettingsClient.sys.mjs:477:28|
  - prototype Object
1742364189381	Marionette	WARN	Ignoring event 'pageshow' because document has an invalid readyState of 'uninitialized'.
JavaScript error: , line 0: TypeError: NetworkError when attempting to fetch resource.
JavaScript error: , line 0: TypeError: NetworkError when attempting to fetch resource.
