1739882850658	geckodriver	INFO	Listening on 127.0.0.1:49321
1739882853703	mozrunner::runner	INFO	Running command: "C:\\Program Files\\Mozilla Firefox\\firefox.exe" "--marionette" "--remote-debugging-port" "49322" "--remote-allow-hosts" "localhost" "-no-remote" "-profile" "D:\\Users\\sasikumarj\\AppData\\Local\\Temp\\rust_mozprofileZa9Ypp"
console.warn: services.settings: Ignoring preference override of remote settings server
console.warn: services.settings: Allow by setting MOZ_REMOTE_SETTINGS_DEVTOOLS=1 in the environment
Dynamically enable window occlusion 0
1739882854314	Marionette	INFO	Marionette enabled
1739882854562	Marionette	INFO	Listening on port 49338
WebDriver BiDi listening on ws://127.0.0.1:49322
Read port: 49338
console.error: Policies: 
  Download failed - ERROR_CORRUPT_FILE - file://C:\Program Files\Snow Software\Inventory\Agent\FFCloudmetering.xpi
1739882854816	RemoteAgent	WARN	TLS certificate errors will be ignored for this session
DevTools listening on ws://127.0.0.1:49322/devtools/browser/a21f8257-28ce-4b05-8733-85727bb13b94
JavaScript warning: https://cdn.gbqofs.com/sv/b/detector-bootstrap.min.js, line 0: Successfully compiled asm.js code (total compilation time 3ms)
JavaScript error: https://cdn.cxense.com/sp1.html#ver=2.8.90&typ=pgv&rnd=m7ahc5g5kxzh6x69&sid=1134002947328204066&loc=https%3A%2F%2Fwww.dev.wsj.com%2F&new=1&arf=0&ltm=1739882868633&ref=&tzo=-330&wsz=1278x497&res=1278x622&dpr=1&col=24&bln=en-US&chs=UTF-8&cks=m7ahc5pq7b48zvxz&ckp=m7ahc5g5ad29kxkc&glb=&cp_userState=anon&cp_testGroup=28&cp_env=staging&cp_topDomain=wsj.com&cp_template=full&cp_access=free&cp_section=US%20Home%20Page&cp_subsection=&cp_cms_name=CAPS&cp_subscriber=nonsubscriber&cp_edition=naus&cp_bucket=8&cp_ab_bucket=78&cp_pageContentSource=WSJ%20Online&cp_pageContentType=Home&cp_pageContentTypeDetai=desktopweb&cp_pageSiteProduct=WSJ&cp_userTags=&cp_sessionState=none, line 1: TypeError: cX.loadScript is not a function
1739882869725	Marionette	WARN	Ignoring event 'DOMContentLoaded' because document has an invalid readyState of 'complete'.
JavaScript error: , line 0: uncaught exception: undefined
JavaScript warning: https://gum.criteo.com/syncframe?origin=criteoPrebidAdapter&topUrl=www.dev.wsj.com&us_privacy=1YNN&gpp=#{%22cw%22:true,%22lsw%22:true,%22origin%22:%22criteoPrebidAdapter%22,%22requestId%22:%220.3003442186721872%22,%22tld%22:%22www.dev.wsj.com%22,%22topUrl%22:%22www.dev.wsj.com%22,%22version%22:%229_30_0%22}, line 13: Script terminated by timeout at:
r.prototype.flushEventQueue@https://gum.criteo.com/syncframe?origin=criteoPrebidAdapter&topUrl=www.dev.wsj.com&us_privacy=1YNN&gpp=#{%22cw%22:true,%22lsw%22:true,%22origin%22:%22criteoPrebidAdapter%22,%22requestId%22:%220.3003442186721872%22,%22tld%22:%22www.dev.wsj.com%22,%22topUrl%22:%22www.dev.wsj.com%22,%22version%22:%229_30_0%22}:13:3137
r/<@https://gum.criteo.com/syncframe?origin=criteoPrebidAdapter&topUrl=www.dev.wsj.com&us_privacy=1YNN&gpp=#{%22cw%22:true,%22lsw%22:true,%22origin%22:%22criteoPrebidAdapter%22,%22requestId%22:%220.3003442186721872%22,%22tld%22:%22www.dev.wsj.com%22,%22topUrl%22:%22www.dev.wsj.com%22,%22version%22:%229_30_0%22}:13:3642

JavaScript error: https://news.google.com/swg/js/v1/swg.js, line 17: Error: XHR Failed fetching (https://news.google.com/...): (Note: a CORS error above may indicate that this publisher or domain is not configured in Publisher Center. The CORS error happens because 4xx responses do not set CORS headers.)

TypeError: NetworkError when attempting to fetch resource.
JavaScript error: , line 0: uncaught exception: Object
JavaScript error: https://news.google.com/swg/js/v1/swg.js, line 17: Error: Error: not allowed
JavaScript warning: https://cdn.gbqofs.com/sv/b/detector-bootstrap.min.js, line 0: Successfully compiled asm.js code (total compilation time 5ms)
JavaScript error: , line 0: TypeError: NetworkError when attempting to fetch resource.
JavaScript error: , line 0: TypeError: NetworkError when attempting to fetch resource.
JavaScript error: , line 0: TypeError: NetworkError when attempting to fetch resource.
JavaScript warning: https://cdn.cxense.com/cx.js, line 6: Script terminated by timeout at:
l<@https://cdn.cxense.com/cx.js:6:1684
$i@https://cdn.cxense.com/cx.js:6:52727
po@https://cdn.cxense.com/cx.js:6:55125
ua@https://cdn.cxense.com/cx.js:6:70809
fa/<@https://cdn.cxense.com/cx.js:6:71116

console.warn: LoginRecipes: "Falling back to a synchronous message for: https://sso.int.accounts.dowjones.com."
console.warn: LoginRecipes: "Falling back to a synchronous message for: https://sso.int.accounts.dowjones.com."
JavaScript warning: https://www.googletagmanager.com/gtag/js?id=G-GJ5S1GJYKT, line 219: Script terminated by timeout at:
Ec@https://www.googletagmanager.com/gtag/js?id=G-GJ5S1GJYKT:219:105
UC@https://www.googletagmanager.com/gtag/js?id=G-GJ5S1GJYKT:705:438
lD@https://www.googletagmanager.com/gtag/js?id=G-GJ5S1GJYKT:712:163
jD/</<@https://www.googletagmanager.com/gtag/js?id=G-GJ5S1GJYKT:711:189
hb@https://www.googletagmanager.com/gtag/js?id=G-GJ5S1GJYKT:198:204
jD/<@https://www.googletagmanager.com/gtag/js?id=G-GJ5S1GJYKT:711:168
hb@https://www.googletagmanager.com/gtag/js?id=G-GJ5S1GJYKT:198:204
jD@https://www.googletagmanager.com/gtag/js?id=G-GJ5S1GJYKT:711:135
kD/<@https://www.googletagmanager.com/gtag/js?id=G-GJ5S1GJYKT:711:111

JavaScript warning: https://cdn.gbqofs.com/sv/b/detector-bootstrap.min.js, line 0: Successfully compiled asm.js code (total compilation time 3ms)
JavaScript warning: https://pagead2.googlesyndication.com/bg/ir3IDkj-YCvNipklvF-I057_N67ylKMzk10-KClRynk.js line 2 > eval line 6176 > eval line 1 > eval line 1 > eval, line 1: WEBGL_debug_renderer_info is deprecated in Firefox and will be removed. Please use RENDERER.
JavaScript error: https://cdn.cxense.com/sp1.html#ver=2.8.90&typ=pgv&rnd=m7ahcqhrjrg1a9e3&sid=9222318613852486900&loc=https%3A%2F%2Fwww.wsj.com%2Farticles%2Ftwitter-elon-musk-to-argue-over-trial-timetable-to-force-44-billion-takeover-11658223001&new=0&arf=0&ltm=1739882899879&ref=&tzo=-330&wsz=1278x497&res=1278x622&dpr=1&col=24&bln=en-US&chs=UTF-8&cks=m7ahcuqr49l098mm&ckp=m7ahc5g5ad29kxkc&glb=&amo=1658316780&eid0=e4cefa22ef027cc0132f0c218da37da39cdb3228234af4df969b5c463592e123&eit0=wsj&cp_userState=anon&cp_testGroup=28&cp_topDomain=wsj.com&cp_pwTag=default&cp_pwPlacement=cx-snippetad&cp_pwCampaign=28324&cp_pwType=personalized&cp_type=Technology&cp_template=preview&cp_access=paid&cp_section=Tech&cp_subsection=Tech&cp_cms_name=Methode&cp_vix=&cp_subscriber=nonsubscriber&cp_edition=naus&cp_bucket=8&cp_ab_bucket=78&cp_pageContentSource=WSJ%20Online&cp_pageContentType=Article&cp_pageContentTypeDetai=standard&cp_pageSiteProduct=WSJ&cp_userTags=&cp_sessionState=none, line 1: TypeError: cX.loadScript is not a function
1739882902294	Marionette	WARN	Ignoring event 'DOMContentLoaded' because document has an invalid readyState of 'complete'.
1739882903631	Marionette	WARN	TimedPromise timed out after 500 ms: stacktrace:
TimedPromise/<@chrome://remote/content/marionette/sync.sys.mjs:205:24
TimedPromise@chrome://remote/content/marionette/sync.sys.mjs:189:10
interaction.flushEventLoop@chrome://remote/content/marionette/interaction.sys.mjs:467:10
webdriverClickElement@chrome://remote/content/marionette/interaction.sys.mjs:220:33
1739882903672	Marionette	WARN	Ignoring event 'DOMContentLoaded' because document has an invalid readyState of 'complete'.
JavaScript error: , line 0: TypeError: NetworkError when attempting to fetch resource.
JavaScript error: , line 0: AbortError: The operation was aborted. 
JavaScript warning: https://js-agent.newrelic.com/nr-spa-recorder-1.281.0.min.js, line 1: Script terminated by timeout at:
getId@https://js-agent.newrelic.com/nr-spa-recorder-1.281.0.min.js:1:4074
ee@https://js-agent.newrelic.com/nr-spa-recorder-1.281.0.min.js:1:13342
ee@https://js-agent.newrelic.com/nr-spa-recorder-1.281.0.min.js:1:16073
ee@https://js-agent.newrelic.com/nr-spa-recorder-1.281.0.min.js:1:16073
ee@https://js-agent.newrelic.com/nr-spa-recorder-1.281.0.min.js:1:16073
ee@https://js-agent.newrelic.com/nr-spa-recorder-1.281.0.min.js:1:16073
ee@https://js-agent.newrelic.com/nr-spa-recorder-1.281.0.min.js:1:16073
ee@https://js-agent.newrelic.com/nr-spa-recorder-1.281.0.min.js:1:16073
ee@https://js-agent.newrelic.com/nr-spa-recorder-1.281.0.min.js:1:16073
ee@https://js-agent.newrelic.com/nr-spa-recorder-1.281.0.min.js:1:16073
ee@https://js-agent.newrelic.com/nr-spa-recorder-1.281.0.min.js:1:16073
ee@https://js-agent.newrelic.com/nr-spa-recorder-1.281.0.min.js:1:16073
ee@https://js-agent.newrelic.com/nr-spa-recorder-1.281.0.min.js:1:16073
ee@https://js-agent.newrelic.com/nr-spa-recorder-1.281.0.min.js:1:16073
ee@https://js-agent.newrelic.com/nr-spa-recorder-1.281.0.min.js:1:16073
ee@https://js-agent.newrelic.com/nr-spa-recorder-1.281.0.min.js:1:16073
ee@https://js-agent.newrelic.com/nr-spa-recorder-1.281.0.min.js:1:16073
ee@https://js-agent.newrelic.com/nr-spa-recorder-1.281.0.min.js:1:16073
ee@https://js-agent.newrelic.com/nr-spa-recorder-1.281.0.min.js:1:16073
ee@https://js-agent.newrelic.com/nr-spa-recorder-1.281.0.min.js:1:16073
ee@https://js-agent.newrelic.com/nr-spa-recorder-1.281.0.min.js:1:16073
ee@https://js-agent.newrelic.com/nr-spa-recorder-1.281.0.min.js:1:16073
ee@https://js-agent.newrelic.com/nr-spa-recorder-1.281.0.min.js:1:16073
8589/yc/dc/t<@https://js-agent.newrelic.com/nr-spa-recorder-1.281.0.min.js:1:174692
dc@https://js-agent.newrelic.com/nr-spa-recorder-1.281.0.min.js:1:175477
8589/yc.takeFullSnapshot@https://js-agent.newrelic.com/nr-spa-recorder-1.281.0.min.js:1:178889
takeFullSnapshot@https://js-agent.newrelic.com/nr-spa-recorder-1.281.0.min.js:1:183100
8589/audit/<@https://js-agent.newrelic.com/nr-spa-recorder-1.281.0.min.js:1:181910
nrWrapper@https://www.wsj.com/articles/twitter-elon-musk-to-argue-over-trial-timetable-to-force-44-billion-takeover-11658223001:246:17759

JavaScript warning: https://imasdk.googleapis.com/js/core/bridge3.686.0_en.html#fid=goog_1949028360, line 11: Script terminated by timeout at:
v@https://imasdk.googleapis.com/js/core/bridge3.686.0_en.html#fid=goog_1949028360:11:289
dD/this.T@https://imasdk.googleapis.com/js/core/bridge3.686.0_en.html#fid=goog_1949028360:453:37

console.warn: LoginRecipes: "Falling back to a synchronous message for: https://sso.accounts.dowjones.com."
JavaScript warning: https://sso.accounts.dowjones.com/datadome/tags.js, line 2: Script terminated by timeout at:
@https://sso.accounts.dowjones.com/datadome/tags.js:2:160473

JavaScript warning: https://pagead2.googlesyndication.com/bg/ir3IDkj-YCvNipklvF-I057_N67ylKMzk10-KClRynk.js line 2 > eval line 4948 > eval line 1 > eval line 1 > eval, line 1: WEBGL_debug_renderer_info is deprecated in Firefox and will be removed. Please use RENDERER.
JavaScript warning: https://cdn.gbqofs.com/sv/b/detector-bootstrap.min.js, line 0: Successfully compiled asm.js code (total compilation time 3ms)
1739882930661	Marionette	WARN	Ignoring event 'pageshow' because document has an invalid readyState of 'uninitialized'.
1739882931995	Marionette	WARN	Ignoring event 'pageshow' because document has an invalid readyState of 'uninitialized'.
console.warn: WindowsJumpLists: "Failed to fetch favicon for " "https://www.wsj.com/articles/twitter-elon-musk-to-argue-over-trial-timetable-to-force-44-billion-takeover-11658223001" ({})
console.warn: WindowsJumpLists: "Failed to fetch favicon for " "https://www.dev.wsj.com/articles/twitter-elon-musk-to-argue-over-trial-timetable-to-force-44-billion-takeover-11658223001?cx_testId=3&cx_testVariant=cx_5&cx_artPos=6&mod=WTRN#cxrecs_s" ({})
console.warn: WindowsJumpLists: "Failed to fetch favicon for " "https://www.dev.wsj.com/" ({})
console.warn: WindowsJumpLists: "Failed to fetch favicon for " "https://www.wsj.com/articles/twitter-elon-musk-to-argue-over-trial-timetable-to-force-44-billion-takeover-11658223001" ({})
console.warn: WindowsJumpLists: "Failed to fetch favicon for " "https://www.dev.wsj.com/articles/twitter-elon-musk-to-argue-over-trial-timetable-to-force-44-billion-takeover-11658223001?cx_testId=3&cx_testVariant=cx_5&cx_artPos=6&mod=WTRN#cxrecs_s" ({})
console.warn: WindowsJumpLists: "Failed to fetch favicon for " "https://www.dev.wsj.com/" ({})
console.warn: WindowsJumpLists: "Failed to fetch favicon for " "https://www.wsj.com/articles/twitter-elon-musk-to-argue-over-trial-timetable-to-force-44-billion-takeover-11658223001" ({})
console.warn: WindowsJumpLists: "Failed to fetch favicon for " "https://www.dev.wsj.com/articles/twitter-elon-musk-to-argue-over-trial-timetable-to-force-44-billion-takeover-11658223001?cx_testId=3&cx_testVariant=cx_5&cx_artPos=6&mod=WTRN#cxrecs_s" ({})
console.warn: WindowsJumpLists: "Failed to fetch favicon for " "https://www.dev.wsj.com/" ({})
console.warn: WindowsJumpLists: "Failed to fetch favicon for " "https://www.wsj.com/articles/twitter-elon-musk-to-argue-over-trial-timetable-to-force-44-billion-takeover-11658223001" ({})
console.warn: WindowsJumpLists: "Failed to fetch favicon for " "https://www.dev.wsj.com/articles/twitter-elon-musk-to-argue-over-trial-timetable-to-force-44-billion-takeover-11658223001?cx_testId=3&cx_testVariant=cx_5&cx_artPos=6&mod=WTRN#cxrecs_s" ({})
console.warn: WindowsJumpLists: "Failed to fetch favicon for " "https://www.dev.wsj.com/" ({})
console.warn: WindowsJumpLists: "Failed to fetch favicon for " "https://www.wsj.com/articles/twitter-elon-musk-to-argue-over-trial-timetable-to-force-44-billion-takeover-11658223001" ({})
console.warn: WindowsJumpLists: "Failed to fetch favicon for " "https://www.dev.wsj.com/articles/twitter-elon-musk-to-argue-over-trial-timetable-to-force-44-billion-takeover-11658223001?cx_testId=3&cx_testVariant=cx_5&cx_artPos=6&mod=WTRN#cxrecs_s" ({})
console.warn: WindowsJumpLists: "Failed to fetch favicon for " "https://www.dev.wsj.com/" ({})
console.warn: WindowsJumpLists: "Failed to fetch favicon for " "https://www.wsj.com/articles/twitter-elon-musk-to-argue-over-trial-timetable-to-force-44-billion-takeover-11658223001" ({})
console.warn: WindowsJumpLists: "Failed to fetch favicon for " "https://www.dev.wsj.com/articles/twitter-elon-musk-to-argue-over-trial-timetable-to-force-44-billion-takeover-11658223001?cx_testId=3&cx_testVariant=cx_5&cx_artPos=6&mod=WTRN#cxrecs_s" ({})
console.warn: WindowsJumpLists: "Failed to fetch favicon for " "https://www.dev.wsj.com/" ({})
console.warn: WindowsJumpLists: "Failed to fetch favicon for " "https://www.wsj.com/articles/twitter-elon-musk-to-argue-over-trial-timetable-to-force-44-billion-takeover-11658223001" ({})
console.warn: WindowsJumpLists: "Failed to fetch favicon for " "https://www.dev.wsj.com/articles/twitter-elon-musk-to-argue-over-trial-timetable-to-force-44-billion-takeover-11658223001?cx_testId=3&cx_testVariant=cx_5&cx_artPos=6&mod=WTRN#cxrecs_s" ({})
console.warn: WindowsJumpLists: "Failed to fetch favicon for " "https://www.dev.wsj.com/" ({})
console.warn: WindowsJumpLists: "Failed to fetch favicon for " "https://www.wsj.com/articles/twitter-elon-musk-to-argue-over-trial-timetable-to-force-44-billion-takeover-11658223001" ({})
console.warn: WindowsJumpLists: "Failed to fetch favicon for " "https://www.dev.wsj.com/articles/twitter-elon-musk-to-argue-over-trial-timetable-to-force-44-billion-takeover-11658223001?cx_testId=3&cx_testVariant=cx_5&cx_artPos=6&mod=WTRN#cxrecs_s" ({})
console.warn: WindowsJumpLists: "Failed to fetch favicon for " "https://www.dev.wsj.com/" ({})
console.warn: WindowsJumpLists: "Failed to fetch favicon for " "https://www.wsj.com/articles/twitter-elon-musk-to-argue-over-trial-timetable-to-force-44-billion-takeover-11658223001" ({})
console.warn: WindowsJumpLists: "Failed to fetch favicon for " "https://www.dev.wsj.com/articles/twitter-elon-musk-to-argue-over-trial-timetable-to-force-44-billion-takeover-11658223001?cx_testId=3&cx_testVariant=cx_5&cx_artPos=6&mod=WTRN#cxrecs_s" ({})
console.warn: WindowsJumpLists: "Failed to fetch favicon for " "https://www.dev.wsj.com/" ({})
console.warn: WindowsJumpLists: "Failed to fetch favicon for " "https://www.wsj.com/articles/twitter-elon-musk-to-argue-over-trial-timetable-to-force-44-billion-takeover-11658223001" ({})
console.warn: WindowsJumpLists: "Failed to fetch favicon for " "https://www.dev.wsj.com/articles/twitter-elon-musk-to-argue-over-trial-timetable-to-force-44-billion-takeover-11658223001?cx_testId=3&cx_testVariant=cx_5&cx_artPos=6&mod=WTRN#cxrecs_s" ({})
console.warn: WindowsJumpLists: "Failed to fetch favicon for " "https://www.dev.wsj.com/" ({})
console.warn: WindowsJumpLists: "Failed to fetch favicon for " "https://www.wsj.com/articles/twitter-elon-musk-to-argue-over-trial-timetable-to-force-44-billion-takeover-11658223001" ({})
console.warn: WindowsJumpLists: "Failed to fetch favicon for " "https://www.dev.wsj.com/articles/twitter-elon-musk-to-argue-over-trial-timetable-to-force-44-billion-takeover-11658223001?cx_testId=3&cx_testVariant=cx_5&cx_artPos=6&mod=WTRN#cxrecs_s" ({})
console.warn: WindowsJumpLists: "Failed to fetch favicon for " "https://www.dev.wsj.com/" ({})
console.warn: WindowsJumpLists: "Failed to fetch favicon for " "https://www.wsj.com/articles/twitter-elon-musk-to-argue-over-trial-timetable-to-force-44-billion-takeover-11658223001" ({})
console.warn: WindowsJumpLists: "Failed to fetch favicon for " "https://www.dev.wsj.com/articles/twitter-elon-musk-to-argue-over-trial-timetable-to-force-44-billion-takeover-11658223001?cx_testId=3&cx_testVariant=cx_5&cx_artPos=6&mod=WTRN#cxrecs_s" ({})
console.warn: WindowsJumpLists: "Failed to fetch favicon for " "https://www.dev.wsj.com/" ({})
console.warn: WindowsJumpLists: "Failed to fetch favicon for " "https://www.wsj.com/articles/twitter-elon-musk-to-argue-over-trial-timetable-to-force-44-billion-takeover-11658223001" ({})
console.warn: WindowsJumpLists: "Failed to fetch favicon for " "https://www.dev.wsj.com/articles/twitter-elon-musk-to-argue-over-trial-timetable-to-force-44-billion-takeover-11658223001?cx_testId=3&cx_testVariant=cx_5&cx_artPos=6&mod=WTRN#cxrecs_s" ({})
console.warn: WindowsJumpLists: "Failed to fetch favicon for " "https://www.dev.wsj.com/" ({})
console.warn: WindowsJumpLists: "Failed to fetch favicon for " "https://www.wsj.com/articles/twitter-elon-musk-to-argue-over-trial-timetable-to-force-44-billion-takeover-11658223001" ({})
console.warn: WindowsJumpLists: "Failed to fetch favicon for " "https://www.dev.wsj.com/articles/twitter-elon-musk-to-argue-over-trial-timetable-to-force-44-billion-takeover-11658223001?cx_testId=3&cx_testVariant=cx_5&cx_artPos=6&mod=WTRN#cxrecs_s" ({})
console.warn: WindowsJumpLists: "Failed to fetch favicon for " "https://www.dev.wsj.com/" ({})
console.warn: WindowsJumpLists: "Failed to fetch favicon for " "https://www.wsj.com/articles/twitter-elon-musk-to-argue-over-trial-timetable-to-force-44-billion-takeover-11658223001" ({})
console.warn: WindowsJumpLists: "Failed to fetch favicon for " "https://www.dev.wsj.com/articles/twitter-elon-musk-to-argue-over-trial-timetable-to-force-44-billion-takeover-11658223001?cx_testId=3&cx_testVariant=cx_5&cx_artPos=6&mod=WTRN#cxrecs_s" ({})
console.warn: WindowsJumpLists: "Failed to fetch favicon for " "https://www.dev.wsj.com/" ({})
console.warn: WindowsJumpLists: "Failed to fetch favicon for " "https://www.wsj.com/articles/twitter-elon-musk-to-argue-over-trial-timetable-to-force-44-billion-takeover-11658223001" ({})
console.warn: WindowsJumpLists: "Failed to fetch favicon for " "https://www.dev.wsj.com/articles/twitter-elon-musk-to-argue-over-trial-timetable-to-force-44-billion-takeover-11658223001?cx_testId=3&cx_testVariant=cx_5&cx_artPos=6&mod=WTRN#cxrecs_s" ({})
console.warn: WindowsJumpLists: "Failed to fetch favicon for " "https://www.dev.wsj.com/" ({})
console.warn: WindowsJumpLists: "Failed to fetch favicon for " "https://www.wsj.com/articles/twitter-elon-musk-to-argue-over-trial-timetable-to-force-44-billion-takeover-11658223001" ({})
console.warn: WindowsJumpLists: "Failed to fetch favicon for " "https://www.dev.wsj.com/articles/twitter-elon-musk-to-argue-over-trial-timetable-to-force-44-billion-takeover-11658223001?cx_testId=3&cx_testVariant=cx_5&cx_artPos=6&mod=WTRN#cxrecs_s" ({})
console.warn: WindowsJumpLists: "Failed to fetch favicon for " "https://www.dev.wsj.com/" ({})
console.warn: WindowsJumpLists: "Failed to fetch favicon for " "https://www.wsj.com/articles/twitter-elon-musk-to-argue-over-trial-timetable-to-force-44-billion-takeover-11658223001" ({})
console.warn: WindowsJumpLists: "Failed to fetch favicon for " "https://www.dev.wsj.com/articles/twitter-elon-musk-to-argue-over-trial-timetable-to-force-44-billion-takeover-11658223001?cx_testId=3&cx_testVariant=cx_5&cx_artPos=6&mod=WTRN#cxrecs_s" ({})
console.warn: WindowsJumpLists: "Failed to fetch favicon for " "https://www.dev.wsj.com/" ({})
console.warn: WindowsJumpLists: "Failed to fetch favicon for " "https://www.wsj.com/articles/twitter-elon-musk-to-argue-over-trial-timetable-to-force-44-billion-takeover-11658223001" ({})
console.warn: WindowsJumpLists: "Failed to fetch favicon for " "https://www.dev.wsj.com/articles/twitter-elon-musk-to-argue-over-trial-timetable-to-force-44-billion-takeover-11658223001?cx_testId=3&cx_testVariant=cx_5&cx_artPos=6&mod=WTRN#cxrecs_s" ({})
console.warn: WindowsJumpLists: "Failed to fetch favicon for " "https://www.dev.wsj.com/" ({})
JavaScript warning: https://www.wsj.com/articles/twitter-elon-musk-to-argue-over-trial-timetable-to-force-44-billion-takeover-11658223001, line 246: Script terminated by timeout at:
nrWrapper@https://www.wsj.com/articles/twitter-elon-musk-to-argue-over-trial-timetable-to-force-44-billion-takeover-11658223001:246:17609

1739885241827	Marionette	INFO	Stopped listening on port 49338
Dynamically enable window occlusion 1
!!! error running onStopped callback: TypeError: callback is not a function
JavaScript error: , line 0: TypeError: NetworkError when attempting to fetch resource.
JavaScript error: , line 0: TypeError: NetworkError when attempting to fetch resource.
