1742367509316	geckodriver	INFO	Listening on 127.0.0.1:53454
1742367512564	mozrunner::runner	INFO	Running command: "C:\\Program Files\\Mozilla Firefox\\firefox.exe" "--marionette" "--remote-debugging-port" "53455" "--remote-allow-hosts" "localhost" "-no-remote" "-profile" "D:\\Users\\sasikumarj\\AppData\\Local\\Temp\\rust_mozprofileE3aica"
console.warn: services.settings: Ignoring preference override of remote settings server
console.warn: services.settings: Allow by setting MOZ_REMOTE_SETTINGS_DEVTOOLS=1 in the environment
Dynamically enable window occlusion 0
1742367513150	Marionette	INFO	Marionette enabled
1742367513399	Marionette	INFO	Listening on port 53581
WebDriver BiDi listening on ws://127.0.0.1:53455
Read port: 53581
console.error: Policies: 
  Download failed - ERROR_CORRUPT_FILE - file://C:\Program Files\Snow Software\Inventory\Agent\FFCloudmetering.xpi
1742367513671	RemoteAgent	WARN	TLS certificate errors will be ignored for this session
DevTools listening on ws://127.0.0.1:53455/devtools/browser/3f0dc8cc-45eb-4d19-b528-1a348e855707
console.error: ({})
console.error: ({})
JavaScript error: https://tags.tiqcdn.com/utag/wsjdn/barrons/prod/utag.js, line 94: ReferenceError: s is not defined
JavaScript warning: https://cdn.gbqofs.com/sv/b/detector-bootstrap.min.js, line 0: Successfully compiled asm.js code (total compilation time 8ms)
JavaScript error: https://cdn.gbqofs.com/sv/b/detector-bootstrap.min.js, line 10: Error: Piano SDK is loaded twice on same page. Try to fix that to prevent the message.
JavaScript error: https://cdn.cxense.com/sp1.html#ver=2.8.92&typ=pgv&rnd=m8fkmzh4ccemrn6j&sid=9222325317970825875&loc=https%3A%2F%2Fwww.barrons.com%2Fmarket-data%2Fstocks%2Fstock-picks%3Fmod%3DBOL_TOPNAV&new=1&arf=0&ltm=1742367526208&ref=&tzo=-330&wsz=1920x857&res=1920x982&dpr=1&col=24&bln=en-US&chs=UTF-8&cks=m8fkn0b77tuymm28&ckp=m8fkmzh478u1fyqe&glb=&cp_userState=anon, line 1: TypeError: cX.loadScript is not a function
JavaScript warning: https://pagead2.googlesyndication.com/bg/-DAcQ9lQZbiM5HME96vizN3snXxurSkogwgOEvHdK-k.js line 2 > eval line 4851 > eval line 1 > eval line 1 > eval, line 1: WEBGL_debug_renderer_info is deprecated in Firefox and will be removed. Please use RENDERER.
1742367549705	Marionette	WARN	TimedPromise timed out after 500 ms: stacktrace:
TimedPromise/<@chrome://remote/content/marionette/sync.sys.mjs:205:24
TimedPromise@chrome://remote/content/marionette/sync.sys.mjs:189:10
interaction.flushEventLoop@chrome://remote/content/marionette/interaction.sys.mjs:467:10
webdriverClickElement@chrome://remote/content/marionette/interaction.sys.mjs:220:33
JavaScript warning: https://cdn.cxense.com/cx.js, line 6: Script terminated by timeout at:
a@https://cdn.cxense.com/cx.js:6:1369
Fi@https://cdn.cxense.com/cx.js:6:52491
co@https://cdn.cxense.com/cx.js:6:54892
ia@https://cdn.cxense.com/cx.js:6:70681
ca/<@https://cdn.cxense.com/cx.js:6:70988
nrWrapper@https://www.barrons.com/market-data/stocks/stock-picks?mod=BOL_TOPNAV:124:17734

console.warn: LoginRecipes: "Falling back to a synchronous message for: https://sso.accounts.dowjones.com."
console.warn: LoginRecipes: "Falling back to a synchronous message for: https://sso.accounts.dowjones.com."
JavaScript warning: https://www.googletagmanager.com/gtag/js?id=G-K2H7B9JRSS, line 346: Script terminated by timeout at:
ni@https://www.googletagmanager.com/gtag/js?id=G-K2H7B9JRSS:346:424
Jp.prototype.flush@https://www.googletagmanager.com/gtag/js?id=G-K2H7B9JRSS:429:382
Jp.prototype.push@https://www.googletagmanager.com/gtag/js?id=G-K2H7B9JRSS:427:338
Cp@https://www.googletagmanager.com/gtag/js?id=G-K2H7B9JRSS:423:540
ZL/<@https://www.googletagmanager.com/gtag/js?id=G-K2H7B9JRSS:834:187
h.Sl/<@https://www.googletagmanager.com/gtag/js?id=G-K2H7B9JRSS:770:126
h.Sl/c/<@https://www.googletagmanager.com/gtag/js?id=G-K2H7B9JRSS:769:418

JavaScript error: https://tags.tiqcdn.com/utag/wsjdn/barrons/prod/utag.js, line 94: ReferenceError: s is not defined
JavaScript warning: https://cdn.gbqofs.com/sv/b/detector-bootstrap.min.js, line 0: Successfully compiled asm.js code (total compilation time 4ms)
JavaScript error: https://cdn.gbqofs.com/sv/b/detector-bootstrap.min.js, line 10: Error: Piano SDK is loaded twice on same page. Try to fix that to prevent the message.
JavaScript warning: https://pagead2.googlesyndication.com/bg/XXhQVJd-KRqHuvRXUMhwDjVyE3uMgBOFksSJA8MgzWY.js line 2 > eval line 6621 > eval line 1 > eval line 1 > eval, line 1: WEBGL_debug_renderer_info is deprecated in Firefox and will be removed. Please use RENDERER.
1742367729536	Marionette	INFO	Stopped listening on port 53581
Dynamically enable window occlusion 1
JavaScript error: , line 0: TypeError: NetworkError when attempting to fetch resource.
