1739885073917	geckodriver	INFO	Listening on 127.0.0.1:55657
1739885077009	mozrunner::runner	INFO	Running command: "C:\\Program Files\\Mozilla Firefox\\firefox.exe" "--marionette" "--remote-debugging-port" "55658" "--remote-allow-hosts" "localhost" "-no-remote" "-profile" "D:\\Users\\sasikumarj\\AppData\\Local\\Temp\\rust_mozprofileYyhNS5"
console.warn: services.settings: Ignoring preference override of remote settings server
console.warn: services.settings: Allow by setting MOZ_REMOTE_SETTINGS_DEVTOOLS=1 in the environment
Dynamically enable window occlusion 0
1739885078254	Marionette	INFO	Marionette enabled
1739885078568	Marionette	INFO	Listening on port 55684
WebDriver BiDi listening on ws://127.0.0.1:55658
Read port: 55684
console.error: Policies: 
  Download failed - ERROR_CORRUPT_FILE - file://C:\Program Files\Snow Software\Inventory\Agent\FFCloudmetering.xpi
1739885078862	RemoteAgent	WARN	TLS certificate errors will be ignored for this session
DevTools listening on ws://127.0.0.1:55658/devtools/browser/10b67756-ca55-4a70-b8f1-8117cf09f043
JavaScript error: https://cdn.cxense.com/sp1.html#ver=2.8.90&typ=pgv&rnd=m7ainosqx1wh0hx4&sid=1134002947328204066&loc=https%3A%2F%2Fwww.dev.wsj.com%2F&new=1&arf=0&ltm=1739885086541&ref=&tzo=-330&wsz=1278x497&res=1278x622&dpr=1&col=24&bln=en-US&chs=UTF-8&cks=m7ainotzr2gzwznx&ckp=m7ainosq4rxg6spk&glb=&cp_userState=anon&cp_testGroup=82&cp_env=staging&cp_topDomain=wsj.com&cp_access=free&cp_section=US%20Home%20Page&cp_subsection=&cp_cms_name=CAPS&cp_subscriber=nonsubscriber&cp_edition=naus&cp_bucket=2&cp_ab_bucket=62&cp_pageContentSource=WSJ%20Online&cp_pageContentType=Home&cp_pageContentTypeDetai=desktopweb&cp_pageSiteProduct=WSJ&cp_userTags=&cp_sessionState=none, line 1: TypeError: cX.loadScript is not a function
JavaScript error: https://news.google.com/swg/js/v1/swg.js, line 17: Error: XHR Failed fetching (https://news.google.com/...): (Note: a CORS error above may indicate that this publisher or domain is not configured in Publisher Center. The CORS error happens because 4xx responses do not set CORS headers.)

TypeError: NetworkError when attempting to fetch resource.
JavaScript error: , line 0: uncaught exception: Object
JavaScript error: https://news.google.com/swg/js/v1/swg.js, line 17: Error: Error: not allowed
JavaScript warning: https://cdn.gbqofs.com/sv/b/detector-bootstrap.min.js, line 0: Successfully compiled asm.js code (total compilation time 7ms)
JavaScript error: , line 0: TypeError: NetworkError when attempting to fetch resource.
JavaScript warning: https://www.dev.wsj.com/_next/static/chunks/main-f71735cd0fa4d778.js, line 1: Script terminated by timeout at:
78018/y/<@https://www.dev.wsj.com/_next/static/chunks/main-f71735cd0fa4d778.js:1:120500
r@https://www.dev.wsj.com/_next/static/chunks/main-f71735cd0fa4d778.js:1:119996

1739885095850	Marionette	WARN	Ignoring event 'pageshow' because document has an invalid readyState of 'uninitialized'.
JavaScript warning: https://imasdk.googleapis.com/js/core/bridge3.686.0_en.html#fid=goog_1609841270, line 11: Script terminated by timeout at:
v@https://imasdk.googleapis.com/js/core/bridge3.686.0_en.html#fid=goog_1609841270:11:289
dD/this.T@https://imasdk.googleapis.com/js/core/bridge3.686.0_en.html#fid=goog_1609841270:453:37

JavaScript warning: https://www.gstatic.com/_/mss/boq-subscribewithgoogle/_/js/k=boq-subscribewithgoogle.SubscribewithgoogleClientUi.en_US.IuTH-ln6tN0.es5.O/am=AAbc/d=1/excm=_b,_tp,serviceiframeview/ed=1/dg=0/wt=2/ujg=1/rs=ABXTjI4XuwxXuYeKGkFWufxO2BT9tb_lNw/m=_b,_tp, line 314: Script terminated by timeout at:
c@https://www.gstatic.com/_/mss/boq-subscribewithgoogle/_/js/k=boq-subscribewithgoogle.SubscribewithgoogleClientUi.en_US.IuTH-ln6tN0.es5.O/am=AAbc/d=1/excm=_b,_tp,serviceiframeview/ed=1/dg=0/wt=2/ujg=1/rs=ABXTjI4XuwxXuYeKGkFWufxO2BT9tb_lNw/m=_b,_tp:314:187
b@https://www.gstatic.com/_/mss/boq-subscribewithgoogle/_/js/k=boq-subscribewithgoogle.SubscribewithgoogleClientUi.en_US.IuTH-ln6tN0.es5.O/am=AAbc/d=1/excm=_b,_tp,serviceiframeview/ed=1/dg=0/wt=2/ujg=1/rs=ABXTjI4XuwxXuYeKGkFWufxO2BT9tb_lNw/m=_b,_tp:300:48

console.warn: LoginRecipes: "Falling back to a synchronous message for: https://sso.int.accounts.dowjones.com."
console.warn: LoginRecipes: "Falling back to a synchronous message for: https://sso.int.accounts.dowjones.com."
JavaScript warning: https://pagead2.googlesyndication.com/bg/ir3IDkj-YCvNipklvF-I057_N67ylKMzk10-KClRynk.js line 2 > eval line 2865 > eval line 1 > eval line 1 > eval, line 1: WEBGL_debug_renderer_info is deprecated in Firefox and will be removed. Please use RENDERER.
JavaScript error: https://cdn.cxense.com/sp1.html#ver=2.8.90&typ=pgv&rnd=m7aio7jeutclcd3t&sid=9222318613852486900&loc=https%3A%2F%2Fwww.wsj.com%2Farticles%2Ftwitter-elon-musk-to-argue-over-trial-timetable-to-force-44-billion-takeover-11658223001&new=0&arf=0&ltm=1739885114211&ref=&tzo=-330&wsz=1278x497&res=1278x622&dpr=1&col=24&bln=en-US&chs=UTF-8&cks=m7aioa7uqswjrt5v&ckp=m7ainosq4rxg6spk&glb=&amo=1658316780&eid0=e4cefa22ef027cc0132f0c218da37da39cdb3228234af4df969b5c463592e123&eit0=wsj&cp_userState=anon&cp_testGroup=82&cp_topDomain=wsj.com&cp_pwTag=default&cp_pwPlacement=cx-snippetad&cp_pwCampaign=28324&cp_pwType=personalized&cp_type=Technology&cp_template=preview&cp_access=paid&cp_section=Tech&cp_subsection=Tech&cp_cms_name=Methode&cp_vix=&cp_subscriber=nonsubscriber&cp_edition=naus&cp_bucket=2&cp_ab_bucket=62&cp_pageContentSource=WSJ%20Online&cp_pageContentType=Article&cp_pageContentTypeDetai=standard&cp_pageSiteProduct=WSJ&cp_userTags=&cp_sessionState=none, line 1: TypeError: cX.loadScript is not a function
JavaScript warning: https://cdn.gbqofs.com/sv/b/detector-bootstrap.min.js, line 0: Successfully compiled asm.js code (total compilation time 4ms)
JavaScript error: , line 0: TypeError: NetworkError when attempting to fetch resource.
JavaScript warning: https://tagan.adlightning.com/newscorp-wsj-aps/b-bde0e05-9cb7c1ed.js, line 1: Script terminated by timeout at:
Q4oITz3@https://tagan.adlightning.com/newscorp-wsj-aps/b-bde0e05-9cb7c1ed.js:1:523
tp@https://tagan.adlightning.com/newscorp-wsj-aps/b-bde0e05-9cb7c1ed.js:1:44779
nrWrapper@https://www.wsj.com/articles/twitter-elon-musk-to-argue-over-trial-timetable-to-force-44-billion-takeover-11658223001:246:17759

JavaScript warning: https://imasdk.googleapis.com/js/core/bridge3.686.0_en.html#fid=goog_1261780859, line 11: Script terminated by timeout at:
v@https://imasdk.googleapis.com/js/core/bridge3.686.0_en.html#fid=goog_1261780859:11:289
dD/this.T@https://imasdk.googleapis.com/js/core/bridge3.686.0_en.html#fid=goog_1261780859:453:37

console.warn: LoginRecipes: "Falling back to a synchronous message for: https://sso.accounts.dowjones.com."
JavaScript warning: https://www.googletagmanager.com/gtag/js?id=G-K2H7B9JRSS, line 182: Script terminated by timeout at:
hb@https://www.googletagmanager.com/gtag/js?id=G-K2H7B9JRSS:182:159
eg@https://www.googletagmanager.com/gtag/js?id=G-K2H7B9JRSS:270:375
dg@https://www.googletagmanager.com/gtag/js?id=G-K2H7B9JRSS:270:199
fg@https://www.googletagmanager.com/gtag/js?id=G-K2H7B9JRSS:269:60
DJ.prototype.flush@https://www.googletagmanager.com/gtag/js?id=G-K2H7B9JRSS:785:96
h.flush@https://www.googletagmanager.com/gtag/js?id=G-K2H7B9JRSS:803:243
ZK/<@https://www.googletagmanager.com/gtag/js?id=G-K2H7B9JRSS:816:210
h.Fl/<@https://www.googletagmanager.com/gtag/js?id=G-K2H7B9JRSS:754:126
h.Fl/c/<@https://www.googletagmanager.com/gtag/js?id=G-K2H7B9JRSS:753:418

JavaScript warning: https://pagead2.googlesyndication.com/bg/ir3IDkj-YCvNipklvF-I057_N67ylKMzk10-KClRynk.js line 2 > eval line 6698 > eval line 1 > eval line 1 > eval, line 1: WEBGL_debug_renderer_info is deprecated in Firefox and will be removed. Please use RENDERER.
JavaScript warning: https://cdn.gbqofs.com/sv/b/detector-bootstrap.min.js, line 0: Successfully compiled asm.js code (total compilation time 4ms)
JavaScript warning: https://cdn.gbqofs.com/sv/b/detector-bootstrap.min.js, line 0: Successfully compiled asm.js code (total compilation time 2ms)
1739885143091	Marionette	WARN	Ignoring event 'DOMContentLoaded' because document has an invalid readyState of 'complete'.
JavaScript warning: https://cdn.gbqofs.com/sv/b/detector-bootstrap.min.js, line 0: Successfully compiled asm.js code (total compilation time 1ms)
1739885146206	Marionette	WARN	Ignoring event 'pageshow' because document has an invalid readyState of 'uninitialized'.
console.warn: WindowsJumpLists: "Failed to fetch favicon for " "https://www.wsj.com/articles/twitter-elon-musk-to-argue-over-trial-timetable-to-force-44-billion-takeover-11658223001" ({})
console.warn: WindowsJumpLists: "Failed to fetch favicon for " "https://www.dev.wsj.com/articles/twitter-elon-musk-to-argue-over-trial-timetable-to-force-44-billion-takeover-11658223001?cx_testId=3&cx_testVariant=cx_5&cx_artPos=6&mod=WTRN#cxrecs_s" ({})
console.warn: WindowsJumpLists: "Failed to fetch favicon for " "https://www.dev.wsj.com/" ({})
JavaScript warning: https://js-agent.newrelic.com/nr-spa-recorder-1.281.0.min.js, line 1: Script terminated by timeout at:
8589/Vl/h<@https://js-agent.newrelic.com/nr-spa-recorder-1.281.0.min.js:1:148549
8589/Vl/<@https://js-agent.newrelic.com/nr-spa-recorder-1.281.0.min.js:1:151192
8589/yc/</<@https://js-agent.newrelic.com/nr-spa-recorder-1.281.0.min.js:1:178231
8589/yc/<@https://js-agent.newrelic.com/nr-spa-recorder-1.281.0.min.js:1:178219
8589/startRecording/this.stopRecording@https://js-agent.newrelic.com/nr-spa-recorder-1.281.0.min.js:1:181366
6167/R/<@https://js-agent.newrelic.com/nr-spa-1.281.0.min.js:2:40674
emit@https://www.wsj.com/articles/twitter-elon-musk-to-argue-over-trial-timetable-to-force-44-billion-takeover-11658223001:246:9618
onPause@https://js-agent.newrelic.com/nr-spa-1.281.0.min.js:2:86402
pause@https://js-agent.newrelic.com/nr-spa-1.281.0.min.js:2:84439
6526/f/<@https://js-agent.newrelic.com/nr-spa-1.281.0.min.js:2:84200
2843/i/<@https://www.wsj.com/articles/twitter-elon-musk-to-argue-over-trial-timetable-to-force-44-billion-takeover-11658223001:246:15853
nrWrapper@https://www.wsj.com/articles/twitter-elon-musk-to-argue-over-trial-timetable-to-force-44-billion-takeover-11658223001:246:17759

1739885240387	Marionette	INFO	Stopped listening on port 55684
Dynamically enable window occlusion 1
