1742454280973	geckodriver	INFO	Listening on 127.0.0.1:62816
1742454284021	mozrunner::runner	INFO	Running command: "C:\\Program Files\\Mozilla Firefox\\firefox.exe" "--marionette" "--remote-debugging-port" "62817" "--remote-allow-hosts" "localhost" "-no-remote" "-profile" "D:\\Users\\sasikumarj\\AppData\\Local\\Temp\\rust_mozprofilec9MvS1"
console.warn: services.settings: Ignoring preference override of remote settings server
console.warn: services.settings: Allow by setting MOZ_REMOTE_SETTINGS_DEVTOOLS=1 in the environment
Dynamically enable window occlusion 0
1742454284631	Marionette	INFO	Marionette enabled
1742454284911	Marionette	INFO	Listening on port 62828
WebDriver BiDi listening on ws://127.0.0.1:62817
Read port: 62828
console.error: Policies: 
  Download failed - ERROR_CORRUPT_FILE - file://C:\Program Files\Snow Software\Inventory\Agent\FFCloudmetering.xpi
1742454285172	RemoteAgent	WARN	TLS certificate errors will be ignored for this session
DevTools listening on ws://127.0.0.1:62817/devtools/browser/0333e110-d06d-4882-bf39-a67f459251d1
console.error: ({})
console.error: ({})
JavaScript warning: https://js-agent.newrelic.com/nr-1044.min.js, line 1: Script terminated by timeout at:
r@https://js-agent.newrelic.com/nr-1044.min.js:1:22526
[15]</r/<@https://js-agent.newrelic.com/nr-1044.min.js:1:9115

console.error: ({})
console.error: ({})
JavaScript error: https://tags.tiqcdn.com/utag/wsjdn/barrons/prod/utag.js, line 94: ReferenceError: s is not defined
JavaScript warning: https://cdn.gbqofs.com/sv/b/detector-bootstrap.min.js, line 0: Successfully compiled asm.js code (total compilation time 12ms)
JavaScript error: https://cdn.cxense.com/sp1.html#ver=2.8.92&typ=pgv&rnd=m8h0aqycjj1zbgyb&sid=9222325317970825875&loc=https%3A%2F%2Fwww.barrons.com%2Farticles%2Fwendys-wen-stock-earnings-51652268634&new=1&arf=0&ltm=1742454295288&ref=&tzo=-330&wsz=1920x857&res=1920x982&dpr=1&col=24&bln=en-US&chs=UTF-8&cks=m8h0at4vs9hxdlnl&ckp=m8h0aqyccvmjh63q&glb=&amo=1652281620&cp_userState=anon, line 1: TypeError: cX.loadScript is not a function
JavaScript warning: https://pagead2.googlesyndication.com/bg/PcSWGRWl2mLW4O5uRUTCwBTBSkoSFBc_REwve846xD4.js line 2 > eval line 915 > eval line 1 > eval line 1 > eval, line 1: WEBGL_debug_renderer_info is deprecated in Firefox and will be removed. Please use RENDERER.
JavaScript warning: https://securepubads.g.doubleclick.net/pagead/managed/js/gpt/m202503180101/pubads_impl.js?cb=31091137, line 33: Script terminated by timeout at:
mh@https://securepubads.g.doubleclick.net/pagead/managed/js/gpt/m202503180101/pubads_impl.js?cb=31091137:33:184525
hg@https://securepubads.g.doubleclick.net/pagead/managed/js/gpt/m202503180101/pubads_impl.js?cb=31091137:33:185681
_.D/<@https://securepubads.g.doubleclick.net/pagead/managed/js/gpt/m202503180101/pubads_impl.js?cb=31091137:33:28512
nA<@https://securepubads.g.doubleclick.net/pagead/managed/js/gpt/m202503180101/pubads_impl.js?cb=31091137:33:495419
pA@https://securepubads.g.doubleclick.net/pagead/managed/js/gpt/m202503180101/pubads_impl.js?cb=31091137:33:142452
ZZ.prototype.g@https://securepubads.g.doubleclick.net/pagead/managed/js/gpt/m202503180101/pubads_impl.js?cb=31091137:33:506124
DV.prototype.start/<@https://securepubads.g.doubleclick.net/pagead/managed/js/gpt/m202503180101/pubads_impl.js?cb=31091137:33:297105
AB@https://securepubads.g.doubleclick.net/pagead/managed/js/gpt/m202503180101/pubads_impl.js?cb=31091137:33:151416
CB/this.next@https://securepubads.g.doubleclick.net/pagead/managed/js/gpt/m202503180101/pubads_impl.js?cb=31091137:33:151715
b@https://securepubads.g.doubleclick.net/pagead/managed/js/gpt/m202503180101/pubads_impl.js?cb=31091137:33:151966
nrWrapper@https://www.barrons.com/articles/wendys-wen-stock-earnings-51652268634:129:17734

console.warn: LoginRecipes: "Falling back to a synchronous message for: https://sso.accounts.dowjones.com."
console.warn: LoginRecipes: "Falling back to a synchronous message for: https://sso.accounts.dowjones.com."
JavaScript warning: https://sso.accounts.dowjones.com/datadome/tags.js, line 2: Script terminated by timeout at:
@https://sso.accounts.dowjones.com/datadome/tags.js:2:114446
y@https://sso.accounts.dowjones.com/datadome/tags.js:2:159946
@https://sso.accounts.dowjones.com/datadome/tags.js:2:161168

console.error: ({})
console.error: ({})
JavaScript error: https://tags.tiqcdn.com/utag/wsjdn/barrons/prod/utag.js, line 94: ReferenceError: s is not defined
1742454314617	Marionette	INFO	Stopped listening on port 62828
JavaScript warning: https://pbc.barrons.com/p/dj/barrons/pb.js, line 64: Script terminated by timeout at:
5035/r/c.encode@https://pbc.barrons.com/p/dj/barrons/pb.js:64:30980
5035/r/f.encodeValue@https://pbc.barrons.com/p/dj/barrons/pb.js:64:21723
5035/r/g.encode@https://pbc.barrons.com/p/dj/barrons/pb.js:64:35700
5035/r/c.encode@https://pbc.barrons.com/p/dj/barrons/pb.js:64:31057
5035/r/f.encodeValue@https://pbc.barrons.com/p/dj/barrons/pb.js:64:21723
5035/r/g.encode@https://pbc.barrons.com/p/dj/barrons/pb.js:64:35700
5035/r/c.encode@https://pbc.barrons.com/p/dj/barrons/pb.js:64:31057
5035/r/f.encodeValue@https://pbc.barrons.com/p/dj/barrons/pb.js:64:21723
5035/r/g.encode@https://pbc.barrons.com/p/dj/barrons/pb.js:64:35700
5035/r/c.encode@https://pbc.barrons.com/p/dj/barrons/pb.js:64:31057
5035/r/c.build/o.encode@https://pbc.barrons.com/p/dj/barrons/pb.js:64:28175
5035/r/c.build/o.encodeAB@https://pbc.barrons.com/p/dj/barrons/pb.js:64:28554
m@https://pbc.barrons.com/p/dj/barrons/pb.js:48:701
786/v</b<@https://pbc.barrons.com/p/dj/barrons/pb.js:48:1279
nrWrapper@https://www.barrons.com/articles/wendys-wen-stock-earnings-51652268634:129:17734

Dynamically enable window occlusion 1
1742454315470	addons.xpi	ERROR	System addon update list error [Exception... "<no message>"  nsresult: "0x8046001e (<unknown>)"  location: "JS frame :: resource://gre/modules/ServiceRequest.sys.mjs :: open :: line 126"  data: no]
console.error: (new Error("Polling for changes failed: .", "resource://services-settings/remote-settings.sys.mjs", 430))
console.error: Region.sys.mjs: "Error fetching region" (new TypeError("NetworkError when attempting to fetch resource.", ""))
console.error: Region.sys.mjs: "Failed to fetch region" (new Error("NO_RESULT", "resource://gre/modules/Region.sys.mjs", 411))
