1739874864286	geckodriver	INFO	Listening on 127.0.0.1:49551
1739874867357	mozrunner::runner	INFO	Running command: "C:\\Program Files\\Mozilla Firefox\\firefox.exe" "--marionette" "--remote-debugging-port" "49552" "--remote-allow-hosts" "localhost" "-no-remote" "-profile" "D:\\Users\\sasikumarj\\AppData\\Local\\Temp\\rust_mozprofileqBzFTM"
console.warn: services.settings: Ignoring preference override of remote settings server
console.warn: services.settings: Allow by setting MOZ_REMOTE_SETTINGS_DEVTOOLS=1 in the environment
Dynamically enable window occlusion 0
1739874867960	Marionette	INFO	Marionette enabled
1739874868197	Marionette	INFO	Listening on port 49561
WebDriver BiDi listening on ws://127.0.0.1:49552
Read port: 49561
console.error: Policies: 
  Download failed - ERROR_CORRUPT_FILE - file://C:\Program Files\Snow Software\Inventory\Agent\FFCloudmetering.xpi
1739874868449	RemoteAgent	WARN	TLS certificate errors will be ignored for this session
DevTools listening on ws://127.0.0.1:49552/devtools/browser/1d2c0b3e-1f06-4fcb-a780-7d75f128719d
JavaScript error: https://cdn.cxense.com/sp1.html#ver=2.8.90&typ=pgv&rnd=m7acktp16qn85wp8&sid=1134002947328204066&loc=https%3A%2F%2Fwww.dev.wsj.com%2F&new=1&arf=0&ltm=1739874875225&ref=&tzo=-330&wsz=1280x595&res=1280x720&dpr=1&col=24&bln=en-US&chs=UTF-8&cks=m7acktsapv1aplic&ckp=m7acktp1kj1ypmzh&glb=&cp_userState=anon&cp_testGroup=44&cp_env=staging&cp_topDomain=wsj.com&cp_access=free&cp_section=US%20Home%20Page&cp_subsection=&cp_cms_name=CAPS&cp_subscriber=nonsubscriber&cp_edition=naus&cp_bucket=4&cp_ab_bucket=94&cp_pageContentSource=WSJ%20Online&cp_pageContentType=Home&cp_pageContentTypeDetai=desktopweb&cp_pageSiteProduct=WSJ&cp_userTags=&cp_sessionState=none, line 1: TypeError: cX.loadScript is not a function
JavaScript warning: https://cdn.gbqofs.com/sv/b/detector-bootstrap.min.js, line 0: Successfully compiled asm.js code (total compilation time 3ms)
1739874879583	Marionette	WARN	Ignoring event 'DOMContentLoaded' because document has an invalid readyState of 'complete'.
JavaScript warning: https://pagead2.googlesyndication.com/bg/ir3IDkj-YCvNipklvF-I057_N67ylKMzk10-KClRynk.js line 2 > eval line 3025 > eval line 1 > eval line 1 > eval, line 1: WEBGL_debug_renderer_info is deprecated in Firefox and will be removed. Please use RENDERER.
JavaScript error: https://news.google.com/swg/js/v1/swg.js, line 17: Error: XHR Failed fetching (https://news.google.com/...): (Note: a CORS error above may indicate that this publisher or domain is not configured in Publisher Center. The CORS error happens because 4xx responses do not set CORS headers.)

TypeError: NetworkError when attempting to fetch resource.
JavaScript error: , line 0: uncaught exception: Object
JavaScript error: https://news.google.com/swg/js/v1/swg.js, line 17: Error: Error: not allowed
JavaScript warning: https://cdn.gbqofs.com/sv/b/detector-bootstrap.min.js, line 0: Successfully compiled asm.js code (total compilation time 2ms)
JavaScript error: , line 0: TypeError: NetworkError when attempting to fetch resource.
JavaScript warning: https://cdn.cxense.com/cx.js, line 6: Script terminated by timeout at:
i@https://cdn.cxense.com/cx.js:6:2333
remove@https://cdn.cxense.com/cx.js:6:3104
Ii@https://cdn.cxense.com/cx.js:6:47873
ua@https://cdn.cxense.com/cx.js:6:70729
fa/<@https://cdn.cxense.com/cx.js:6:71116

JavaScript warning: https://www.gstatic.com/_/mss/boq-subscribewithgoogle/_/js/k=boq-subscribewithgoogle.SubscribewithgoogleClientUi.en_US.IuTH-ln6tN0.es5.O/am=AAbc/d=1/excm=_b,_tp,serviceiframeview/ed=1/dg=0/wt=2/ujg=1/rs=ABXTjI4XuwxXuYeKGkFWufxO2BT9tb_lNw/m=_b,_tp, line 314: Script terminated by timeout at:
c@https://www.gstatic.com/_/mss/boq-subscribewithgoogle/_/js/k=boq-subscribewithgoogle.SubscribewithgoogleClientUi.en_US.IuTH-ln6tN0.es5.O/am=AAbc/d=1/excm=_b,_tp,serviceiframeview/ed=1/dg=0/wt=2/ujg=1/rs=ABXTjI4XuwxXuYeKGkFWufxO2BT9tb_lNw/m=_b,_tp:314:187
b@https://www.gstatic.com/_/mss/boq-subscribewithgoogle/_/js/k=boq-subscribewithgoogle.SubscribewithgoogleClientUi.en_US.IuTH-ln6tN0.es5.O/am=AAbc/d=1/excm=_b,_tp,serviceiframeview/ed=1/dg=0/wt=2/ujg=1/rs=ABXTjI4XuwxXuYeKGkFWufxO2BT9tb_lNw/m=_b,_tp:300:48

console.warn: LoginRecipes: "Falling back to a synchronous message for: https://sso.int.accounts.dowjones.com."
console.warn: LoginRecipes: "Falling back to a synchronous message for: https://sso.int.accounts.dowjones.com."
JavaScript warning: https://sso.int.accounts.dowjones.com/datadome/tags.js, line 2: Script terminated by timeout at:
@https://sso.int.accounts.dowjones.com/datadome/tags.js:2:160473

JavaScript error: https://cdn.cxense.com/sp1.html#ver=2.8.90&typ=pgv&rnd=m7acljpshtvbdjo2&sid=1134002947328204066&loc=https%3A%2F%2Fwww.wsj.com%2Fvideo%2Fseries%2Fcurrent-features%2Fhow-elon-musks-china-ties-could-test-twitter%2F82B2CEC7-C068-4093-9BE5-A474A0FB8514&new=0&arf=0&ltm=1739874908949&ref=&tzo=-330&wsz=1280x595&res=1280x720&dpr=1&col=24&bln=en-US&chs=UTF-8&cks=m7acljyyz3v53yi7&ckp=m7acktp1kj1ypmzh&glb=&amo=1658316780&cp_userState=anon, line 1: TypeError: cX.loadScript is not a function
JavaScript warning: https://cdn.gbqofs.com/sv/b/detector-bootstrap.min.js, line 0: Successfully compiled asm.js code (total compilation time 2ms)
JavaScript warning: https://pagead2.googlesyndication.com/bg/ir3IDkj-YCvNipklvF-I057_N67ylKMzk10-KClRynk.js line 2 > eval line 1323 > eval line 1 > eval line 1 > eval, line 1: WEBGL_debug_renderer_info is deprecated in Firefox and will be removed. Please use RENDERER.
1739874913606	Marionette	WARN	Ignoring event 'DOMContentLoaded' because document has an invalid readyState of 'complete'.
1739874914759	Marionette	WARN	TimedPromise timed out after 500 ms: stacktrace:
TimedPromise/<@chrome://remote/content/marionette/sync.sys.mjs:205:24
TimedPromise@chrome://remote/content/marionette/sync.sys.mjs:189:10
interaction.flushEventLoop@chrome://remote/content/marionette/interaction.sys.mjs:467:10
webdriverClickElement@chrome://remote/content/marionette/interaction.sys.mjs:220:33
1739874914838	Marionette	WARN	Ignoring event 'DOMContentLoaded' because document has an invalid readyState of 'complete'.
JavaScript error: , line 0: AbortError: The operation was aborted. 
JavaScript warning: https://cdn.parsely.com/keys/wsj.com/p.js, line 7: Script terminated by timeout at:
y.param@https://cdn.parsely.com/keys/wsj.com/p.js:7:20485
buildEventRequestUrl@https://cdn.parsely.com/keys/wsj.com/p.js:7:63701
sendEvent@https://cdn.parsely.com/keys/wsj.com/p.js:7:63211
beacon@https://cdn.parsely.com/keys/wsj.com/p.js:7:64760
e.engagedTime.sendHeartbeat@https://cdn.parsely.com/keys/wsj.com/p.js:7:43415
i.sendHeartbeat@https://cdn.parsely.com/keys/wsj.com/p.js:7:41440
i._sendHeartbeats@https://cdn.parsely.com/keys/wsj.com/p.js:7:41594
i._setUnloadListeners/<@https://cdn.parsely.com/keys/wsj.com/p.js:7:41747
value/<@https://cdn.parsely.com/keys/wsj.com/p.js:7:22304
value@https://cdn.parsely.com/keys/wsj.com/p.js:7:22277
value@https://cdn.parsely.com/keys/wsj.com/p.js:7:24351
value@https://cdn.parsely.com/keys/wsj.com/p.js:7:24771
nrWrapper@https://www.wsj.com/articles/twitter-elon-musk-to-argue-over-trial-timetable-to-force-44-billion-takeover-11658223001:246:17759

1739874917269	Marionette	WARN	Ignoring event 'pageshow' because document has an invalid readyState of 'uninitialized'.
JavaScript warning: https://imasdk.googleapis.com/js/core/bridge3.686.0_en.html#fid=goog_1516770200, line 505: Script terminated by timeout at:
cF@https://imasdk.googleapis.com/js/core/bridge3.686.0_en.html#fid=goog_1516770200:505:13
dF/<@https://imasdk.googleapis.com/js/core/bridge3.686.0_en.html#fid=goog_1516770200:496:980
dD/this.T@https://imasdk.googleapis.com/js/core/bridge3.686.0_en.html#fid=goog_1516770200:453:88

JavaScript warning: https://static.cloudflareinsights.com/beacon.min.js/vcd15cbe7772f49c399c6a5babf22c1241717689176015, line 1: Script terminated by timeout at:
o@https://static.cloudflareinsights.com/beacon.min.js/vcd15cbe7772f49c399c6a5babf22c1241717689176015:1:18291
104/e.onLCP/</c<@https://static.cloudflareinsights.com/beacon.min.js/vcd15cbe7772f49c399c6a5babf22c1241717689176015:1:18393
104/T/<@https://static.cloudflareinsights.com/beacon.min.js/vcd15cbe7772f49c399c6a5babf22c1241717689176015:1:11636
t@https://static.cloudflareinsights.com/beacon.min.js/vcd15cbe7772f49c399c6a5babf22c1241717689176015:1:11507

console.warn: LoginRecipes: "Falling back to a synchronous message for: https://sso.accounts.dowjones.com."
JavaScript warning: https://sso.accounts.dowjones.com/datadome/tags.js, line 2: Script terminated by timeout at:
@https://sso.accounts.dowjones.com/datadome/tags.js:2:160473

1739874934917	Marionette	INFO	Stopped listening on port 49561
JavaScript warning: https://cdn.cxense.com/cx.js, line 6: Script terminated by timeout at:
sa@https://cdn.cxense.com/cx.js:6:70633
ba/<@https://cdn.cxense.com/cx.js:6:73015

Dynamically enable window occlusion 1
