1742296997887	geckodriver	INFO	Listening on 127.0.0.1:63214
1742297000946	mozrunner::runner	INFO	Running command: "C:\\Program Files\\Mozilla Firefox\\firefox.exe" "--marionette" "--remote-debugging-port" "63215" "--remote-allow-hosts" "localhost" "-no-remote" "-profile" "D:\\Users\\sasikumarj\\AppData\\Local\\Temp\\rust_mozprofileU12AQ6"
console.warn: services.settings: Ignoring preference override of remote settings server
console.warn: services.settings: Allow by setting MOZ_REMOTE_SETTINGS_DEVTOOLS=1 in the environment
Dynamically enable window occlusion 0
1742297001532	Marionette	INFO	Marionette enabled
1742297001772	Marionette	INFO	Listening on port 63227
Read port: 63227
WebDriver BiDi listening on ws://127.0.0.1:63215
1742297001914	RemoteAgent	WARN	TLS certificate errors will be ignored for this session
console.error: Policies: 
  Download failed - ERROR_CORRUPT_FILE - file://C:\Program Files\Snow Software\Inventory\Agent\FFCloudmetering.xpi
DevTools listening on ws://127.0.0.1:63215/devtools/browser/26d01178-f564-448e-846a-bd5a37827d43
console.error: ({})
console.error: ({})
JavaScript error: https://tags.tiqcdn.com/utag/wsjdn/barrons/prod/utag.js, line 94: ReferenceError: s is not defined
JavaScript warning: https://js-agent.newrelic.com/nr-1044.min.js, line 1: Script terminated by timeout at:
r@https://js-agent.newrelic.com/nr-1044.min.js:1:22526
[15]</r/<@https://js-agent.newrelic.com/nr-1044.min.js:1:9115

console.error: ({})
console.error: ({})
JavaScript error: https://tags.tiqcdn.com/utag/wsjdn/barrons/prod/utag.js, line 94: ReferenceError: s is not defined
JavaScript error: https://tags.tiqcdn.com/utag/wsjdn/barrons/prod/utag.js, line 94: ReferenceError: s is not defined
JavaScript error: https://cdn.cxense.com/sp1.html#ver=2.8.92&typ=pgv&rnd=m8eenlq0db85fa79&sid=9222325317970825875&loc=https%3A%2F%2Fwww.barrons.com%2Farticles%2Fwendys-wen-stock-earnings-51652268634&new=1&arf=0&ltm=1742297011134&ref=&tzo=-330&wsz=1280x595&res=1280x720&dpr=1&col=24&bln=en-US&chs=UTF-8&cks=m8eenlvfbnnmxdaf&ckp=m8eenlq0yui74h14&glb=&amo=1652281620&cp_userState=anon, line 1: TypeError: cX.loadScript is not a function
JavaScript error: https://us.tags.newscgp.com/prod/ncg/ncg.js, line 10: TypeError: window.GlobalSnowplowNamespace is undefined
JavaScript warning: https://pagead2.googlesyndication.com/bg/jtqLS4CpbIVFtG__JM-T91toxYP3JyzmW2J4VfJqIi8.js line 2 > eval line 7451 > eval line 1 > eval line 1 > eval, line 1: WEBGL_debug_renderer_info is deprecated in Firefox and will be removed. Please use RENDERER.
console.warn: WindowsJumpLists: "Failed to fetch favicon for " "https://www.barrons.com/articles/wendys-wen-stock-earnings-51652268634" ({})
console.warn: WindowsJumpLists: "Failed to fetch favicon for " "https://www.barrons.com/" ({})
console.warn: WindowsJumpLists: "Failed to fetch favicon for " "https://www.barrons.com/articles/wendys-wen-stock-earnings-51652268634" ({})
console.warn: WindowsJumpLists: "Failed to fetch favicon for " "https://www.barrons.com/" ({})
JavaScript warning: https://www.barrons.com/articles/wendys-wen-stock-earnings-51652268634, line 129: Script terminated by timeout at:
nrWrapper@https://www.barrons.com/articles/wendys-wen-stock-earnings-51652268634:129:17584

1742297288030	Marionette	INFO	Stopped listening on port 63227
Dynamically enable window occlusion 1
!!! error running onStopped callback: TypeError: callback is not a function
