1740057971969	geckodriver	INFO	Listening on 127.0.0.1:55301
1740057975021	mozrunner::runner	INFO	Running command: "C:\\Program Files\\Mozilla Firefox\\firefox.exe" "--marionette" "--remote-debugging-port" "55302" "--remote-allow-hosts" "localhost" "-no-remote" "-profile" "D:\\Users\\sasikumarj\\AppData\\Local\\Temp\\rust_mozprofilecwWi8C"
console.warn: services.settings: Ignoring preference override of remote settings server
console.warn: services.settings: Allow by setting MOZ_REMOTE_SETTINGS_DEVTOOLS=1 in the environment
Dynamically enable window occlusion 0
1740057975652	Marionette	INFO	Marionette enabled
1740057975894	Marionette	INFO	Listening on port 55314
WebDriver BiDi listening on ws://127.0.0.1:55302
Read port: 55314
console.error: Policies: 
  Download failed - ERROR_CORRUPT_FILE - file://C:\Program Files\Snow Software\Inventory\Agent\FFCloudmetering.xpi
1740057976123	RemoteAgent	WARN	TLS certificate errors will be ignored for this session
DevTools listening on ws://127.0.0.1:55302/devtools/browser/fa1dea1f-26ae-4b00-bfb6-347803f0a17a
JavaScript error: https://cdn.cxense.com/sp1.html#ver=2.8.91&typ=pgv&rnd=m7ddlfjq5napa5z0&sid=1133979867428110118&loc=https%3A%2F%2Fwww.penews.com%2F&new=1&arf=0&ltm=1740057981691&ref=&tzo=-330&wsz=1278x497&res=1278x622&dpr=1&col=24&bln=en-US&chs=UTF-8&cks=m7ddlfnna5cplzzl&ckp=m7ddlfjqb1wf3f8k&glb=&cp_userState=anon&cp_testGroup=9&cp_topDomain=penews.com&cp_template=full&cp_access=free&cp_section=Home&cp_subsection=&cp_cms_name=CAPS&cp_subscriber=nonsubscriber&cp_edition=europe%252Cgb&cp_bucket=3&cp_ab_bucket=3&cp_pageContentSource=Private%20Equity%20News%20Online&cp_pageContentType=Home&cp_pageContentTypeDetai=default&cp_pageSiteProduct=PEN&cp_userTags=&cp_sessionState=none, line 1: TypeError: cX.loadScript is not a function
JavaScript warning: https://pagead2.googlesyndication.com/bg/sdrlLtlXz6tyZoQC0nabp5KIr-Vpt2sqR-5Uea_adQ8.js line 2 > eval line 3763 > eval line 1 > eval line 1 > eval, line 1: WEBGL_debug_renderer_info is deprecated in Firefox and will be removed. Please use RENDERER.
JavaScript warning: https://cdn.parsely.com/keys/penews.com/p.js, line 7: Script terminated by timeout at:
value/n<@https://cdn.parsely.com/keys/penews.com/p.js:7:24273
value@https://cdn.parsely.com/keys/penews.com/p.js:7:24274
value@https://cdn.parsely.com/keys/penews.com/p.js:7:24771

JavaScript warning: https://newscorp.okta.com/assets/js/vendor/lib/fingerprint2.min.68ab45bd98459cb766f3ab26d086e5f5.js, line 1: WEBGL_debug_renderer_info is deprecated in Firefox and will be removed. Please use RENDERER.
JavaScript warning: https://newscorp.okta.com/assets/js/mvc/sentry-wrapper/sentry-wrapper.pack.2e080a109dbfd00f748e7dab5f49a815.js, line 1: Script terminated by timeout at:
91053/a/<@https://newscorp.okta.com/assets/js/mvc/sentry-wrapper/sentry-wrapper.pack.2e080a109dbfd00f748e7dab5f49a815.js:1:31923
n@https://newscorp.okta.com/assets/js/mvc/sentry-wrapper/sentry-wrapper.pack.2e080a109dbfd00f748e7dab5f49a815.js:1:32885

1740058014699	Marionette	INFO	Stopped listening on port 55314
Dynamically enable window occlusion 1
