1742456618588	geckodriver	INFO	Listening on 127.0.0.1:58231
1742456621424	mozrunner::runner	INFO	Running command: "C:\\Program Files\\Mozilla Firefox\\firefox.exe" "--marionette" "--remote-debugging-port" "58232" "--remote-allow-hosts" "localhost" "-no-remote" "-profile" "D:\\Users\\sasikumarj\\AppData\\Local\\Temp\\rust_mozprofilek9mRIw"
console.warn: services.settings: Ignoring preference override of remote settings server
console.warn: services.settings: Allow by setting MOZ_REMOTE_SETTINGS_DEVTOOLS=1 in the environment
Dynamically enable window occlusion 0
1742456622286	Marionette	INFO	Marionette enabled
1742456622575	Marionette	INFO	Listening on port 58376
WebDriver BiDi listening on ws://127.0.0.1:58232
Read port: 58376
console.error: Policies: 
  Download failed - ERROR_CORRUPT_FILE - file://C:\Program Files\Snow Software\Inventory\Agent\FFCloudmetering.xpi
1742456622894	RemoteAgent	WARN	TLS certificate errors will be ignored for this session
DevTools listening on ws://127.0.0.1:58232/devtools/browser/a065bc87-3869-45f3-b668-3a3758d32509
console.error: ({})
console.error: ({})
console.error: ({})
console.error: ({})
JavaScript error: https://tags.tiqcdn.com/utag/wsjdn/barrons/prod/utag.js, line 94: ReferenceError: s is not defined
JavaScript warning: https://js-agent.newrelic.com/nr-1044.min.js, line 1: Script terminated by timeout at:
r@https://js-agent.newrelic.com/nr-1044.min.js:1:22526
[15]</r/<@https://js-agent.newrelic.com/nr-1044.min.js:1:9115

JavaScript error: https://cdn.cxense.com/sp1.html#ver=2.8.92&typ=pgv&rnd=m8h1ow3jpoje8r4b&sid=9222325317970825875&loc=https%3A%2F%2Fwww.barrons.com%2Farticles%2Fhow-to-handle-an-uncertain-market-buy-weakness-sell-strength-f145c306&new=1&arf=0&ltm=1742456634760&ref=&tzo=-330&wsz=1920x857&res=1920x982&dpr=1&col=24&bln=en-US&chs=UTF-8&cks=m8h1owq9mbcxcugg&ckp=m8h1ow3jru46lfxy&glb=&amo=1679990400&cp_userState=anon, line 1: TypeError: cX.loadScript is not a function
JavaScript warning: https://pagead2.googlesyndication.com/bg/PcSWGRWl2mLW4O5uRUTCwBTBSkoSFBc_REwve846xD4.js line 2 > eval line 5926 > eval line 1 > eval line 1 > eval, line 1: WEBGL_debug_renderer_info is deprecated in Firefox and will be removed. Please use RENDERER.
JavaScript warning: https://cdn.gbqofs.com/sv/b/detector-bootstrap.min.js, line 0: Successfully compiled asm.js code (total compilation time 3ms)
1742456638331	Marionette	INFO	Stopped listening on port 58376
Dynamically enable window occlusion 1
JavaScript error: , line 0: AbortError: The operation was aborted. 
JavaScript error: , line 0: AbortError: The operation was aborted. 
JavaScript error: , line 0: AbortError: The operation was aborted. 
