1742367829853	geckodriver	INFO	Listening on 127.0.0.1:59872
1742367832627	mozrunner::runner	INFO	Running command: "C:\\Program Files\\Mozilla Firefox\\firefox.exe" "--marionette" "--remote-debugging-port" "59873" "--remote-allow-hosts" "localhost" "-no-remote" "-profile" "D:\\Users\\sasikumarj\\AppData\\Local\\Temp\\rust_mozprofileykn3SI"
console.warn: services.settings: Ignoring preference override of remote settings server
console.warn: services.settings: Allow by setting MOZ_REMOTE_SETTINGS_DEVTOOLS=1 in the environment
Dynamically enable window occlusion 0
1742367834322	Marionette	INFO	Marionette enabled
1742367834923	Marionette	INFO	Listening on port 59998
WebDriver BiDi listening on ws://127.0.0.1:59873
Read port: 59998
console.error: Policies: 
  Download failed - ERROR_CORRUPT_FILE - file://C:\Program Files\Snow Software\Inventory\Agent\FFCloudmetering.xpi
1742367835445	RemoteAgent	WARN	TLS certificate errors will be ignored for this session
DevTools listening on ws://127.0.0.1:59873/devtools/browser/ea2ea9e2-d167-4cd1-8016-26466c253128
console.error: ({})
console.error: ({})
JavaScript error: https://www.barrons.com/_next/static/chunks/3225-d68d0be203eaae2c.js, line 1: TypeError: i[e] is null
JavaScript error: https://tags.tiqcdn.com/utag/wsjdn/barrons/prod/utag.js, line 94: ReferenceError: s is not defined
JavaScript error: https://cdn.tinypass.com/api/tinypass.min.js, line 1: Error: Piano SDK is loaded twice on same page. Try to fix that to prevent the message.
JavaScript error: https://cdn.cxense.com/sp1.html#ver=2.8.92&typ=pgv&rnd=m8fktwrh5678dv3t&sid=9222325317970825875&loc=https%3A%2F%2Fwww.barrons.com%2Fmarket-data%2Fstocks%2Fstock-picks%3Fmod%3DBOL_TOPNAV&new=1&arf=0&ltm=1742367849251&ref=&tzo=-330&wsz=1920x857&res=1920x982&dpr=1&col=24&bln=en-US&chs=UTF-8&cks=m8fktx7qihp3vfr4&ckp=m8fktwrh5r30gfti&glb=&cp_userState=anon, line 1: TypeError: cX.loadScript is not a function
JavaScript warning: https://cdn.gbqofs.com/sv/b/detector-bootstrap.min.js, line 0: Successfully compiled asm.js code (total compilation time 3ms)
JavaScript warning: https://pagead2.googlesyndication.com/bg/XXhQVJd-KRqHuvRXUMhwDjVyE3uMgBOFksSJA8MgzWY.js line 2 > eval line 4610 > eval line 1 > eval line 1 > eval, line 1: WEBGL_debug_renderer_info is deprecated in Firefox and will be removed. Please use RENDERER.
JavaScript warning: https://pagead2.googlesyndication.com/bg/XXhQVJd-KRqHuvRXUMhwDjVyE3uMgBOFksSJA8MgzWY.js line 2 > eval line 2974 > eval line 1 > eval line 1 > eval, line 1: WEBGL_debug_renderer_info is deprecated in Firefox and will be removed. Please use RENDERER.
1742367874114	Marionette	WARN	TimedPromise timed out after 500 ms: stacktrace:
TimedPromise/<@chrome://remote/content/marionette/sync.sys.mjs:205:24
TimedPromise@chrome://remote/content/marionette/sync.sys.mjs:189:10
interaction.flushEventLoop@chrome://remote/content/marionette/interaction.sys.mjs:467:10
webdriverClickElement@chrome://remote/content/marionette/interaction.sys.mjs:220:33
JavaScript warning: https://cdn.cxense.com/cx.js, line 6: Script terminated by timeout at:
t@https://cdn.cxense.com/cx.js:6:1107
a@https://cdn.cxense.com/cx.js:6:1369
Fi@https://cdn.cxense.com/cx.js:6:52491
co@https://cdn.cxense.com/cx.js:6:54858
ia@https://cdn.cxense.com/cx.js:6:70681
ca/<@https://cdn.cxense.com/cx.js:6:70988
nrWrapper@https://www.barrons.com/market-data/stocks/stock-picks?mod=BOL_TOPNAV:124:17734

JavaScript warning: https://pagead2.googlesyndication.com/pagead/managed/js/activeview/current/ufs_web_display.js, line 13: Script terminated by timeout at:
B@https://pagead2.googlesyndication.com/pagead/managed/js/activeview/current/ufs_web_display.js:13:325
h@https://pagead2.googlesyndication.com/pagead/managed/js/activeview/current/ufs_web_display.js:93:449

JavaScript warning: https://gum.criteo.com/syncframe?origin=criteoPrebidAdapter&topUrl=www.barrons.com&us_privacy=1YNN&gpp=DBABRg~BVoAACA&gpp_sid=9#{%22cw%22:true,%22lsw%22:true,%22origin%22:%22criteoPrebidAdapter%22,%22requestId%22:%220.7805787573709152%22,%22tld%22:%22www.barrons.com%22,%22topUrl%22:%22www.barrons.com%22,%22version%22:%229_30_0%22}, line 13: Script terminated by timeout at:
r.prototype.flushEventQueue@https://gum.criteo.com/syncframe?origin=criteoPrebidAdapter&topUrl=www.barrons.com&us_privacy=1YNN&gpp=DBABRg~BVoAACA&gpp_sid=9#{%22cw%22:true,%22lsw%22:true,%22origin%22:%22criteoPrebidAdapter%22,%22requestId%22:%220.7805787573709152%22,%22tld%22:%22www.barrons.com%22,%22topUrl%22:%22www.barrons.com%22,%22version%22:%229_30_0%22}:13:3137
r/<@https://gum.criteo.com/syncframe?origin=criteoPrebidAdapter&topUrl=www.barrons.com&us_privacy=1YNN&gpp=DBABRg~BVoAACA&gpp_sid=9#{%22cw%22:true,%22lsw%22:true,%22origin%22:%22criteoPrebidAdapter%22,%22requestId%22:%220.7805787573709152%22,%22tld%22:%22www.barrons.com%22,%22topUrl%22:%22www.barrons.com%22,%22version%22:%229_30_0%22}:13:3642

console.warn: LoginRecipes: "Falling back to a synchronous message for: https://sso.accounts.dowjones.com."
console.warn: LoginRecipes: "Falling back to a synchronous message for: https://sso.accounts.dowjones.com."
JavaScript warning: https://www.googletagmanager.com/gtag/js?id=G-K2H7B9JRSS, line 184: Script terminated by timeout at:
xb@https://www.googletagmanager.com/gtag/js?id=G-K2H7B9JRSS:184:323
Wl@https://www.googletagmanager.com/gtag/js?id=G-K2H7B9JRSS:382:192
Fp@https://www.googletagmanager.com/gtag/js?id=G-K2H7B9JRSS:424:295
Jp.prototype.push@https://www.googletagmanager.com/gtag/js?id=G-K2H7B9JRSS:427:174
Cp@https://www.googletagmanager.com/gtag/js?id=G-K2H7B9JRSS:423:540
ZL/<@https://www.googletagmanager.com/gtag/js?id=G-K2H7B9JRSS:834:187
h.Sl/<@https://www.googletagmanager.com/gtag/js?id=G-K2H7B9JRSS:770:126
h.Sl/c/<@https://www.googletagmanager.com/gtag/js?id=G-K2H7B9JRSS:769:418

JavaScript error: https://tags.tiqcdn.com/utag/wsjdn/barrons/prod/utag.js, line 94: ReferenceError: s is not defined
JavaScript warning: https://cdn.gbqofs.com/sv/b/detector-bootstrap.min.js, line 0: Successfully compiled asm.js code (total compilation time 2ms)
JavaScript error: https://cdn.gbqofs.com/sv/b/detector-bootstrap.min.js, line 10: Error: Piano SDK is loaded twice on same page. Try to fix that to prevent the message.
JavaScript warning: https://pagead2.googlesyndication.com/bg/XXhQVJd-KRqHuvRXUMhwDjVyE3uMgBOFksSJA8MgzWY.js line 2 > eval line 1014 > eval line 1 > eval line 1 > eval, line 1: WEBGL_debug_renderer_info is deprecated in Firefox and will be removed. Please use RENDERER.
JavaScript warning: https://pagead2.googlesyndication.com/bg/XXhQVJd-KRqHuvRXUMhwDjVyE3uMgBOFksSJA8MgzWY.js line 2 > eval line 467 > eval line 1 > eval line 1 > eval, line 1: WEBGL_debug_renderer_info is deprecated in Firefox and will be removed. Please use RENDERER.
1742368054384	Marionette	INFO	Stopped listening on port 59998
Dynamically enable window occlusion 1
JavaScript error: , line 0: TypeError: NetworkError when attempting to fetch resource.
