1742296448724	geckodriver	INFO	Listening on 127.0.0.1:60069
1742296451767	mozrunner::runner	INFO	Running command: "C:\\Program Files\\Mozilla Firefox\\firefox.exe" "--marionette" "--remote-debugging-port" "60070" "--remote-allow-hosts" "localhost" "-no-remote" "-profile" "D:\\Users\\sasikumarj\\AppData\\Local\\Temp\\rust_mozprofileR4khL2"
console.warn: services.settings: Ignoring preference override of remote settings server
console.warn: services.settings: Allow by setting MOZ_REMOTE_SETTINGS_DEVTOOLS=1 in the environment
Dynamically enable window occlusion 0
1742296452368	Marionette	INFO	Marionette enabled
1742296452608	Marionette	INFO	Listening on port 60082
WebDriver BiDi listening on ws://127.0.0.1:60070
Read port: 60082
console.error: Policies: 
  Download failed - ERROR_CORRUPT_FILE - file://C:\Program Files\Snow Software\Inventory\Agent\FFCloudmetering.xpi
1742296452867	RemoteAgent	WARN	TLS certificate errors will be ignored for this session
DevTools listening on ws://127.0.0.1:60070/devtools/browser/a23bda4c-454f-4694-9ba7-1152e99c70d7
console.error: ({})
console.error: ({})
JavaScript error: https://www.barrons.com/asset/dj-watchlist/v1.14.3/p-0633e57d.entry.js, line 11: TypeError: Error.captureStackTrace is not a function
JavaScript warning: https://js-agent.newrelic.com/nr-1044.min.js, line 1: Script terminated by timeout at:
r@https://js-agent.newrelic.com/nr-1044.min.js:1:22526
[15]</r/<@https://js-agent.newrelic.com/nr-1044.min.js:1:9115

console.error: ({})
console.error: ({})
JavaScript error: https://tags.tiqcdn.com/utag/wsjdn/barrons/prod/utag.js, line 94: ReferenceError: s is not defined
JavaScript error: https://cdn.cxense.com/sp1.html#ver=2.8.92&typ=pgv&rnd=m8eebtvx9kog9idk&sid=9222325317970825875&loc=https%3A%2F%2Fwww.barrons.com%2Farticles%2Fwendys-wen-stock-earnings-51652268634&new=1&arf=0&ltm=1742296461847&ref=&tzo=-330&wsz=1280x595&res=1280x720&dpr=1&col=24&bln=en-US&chs=UTF-8&cks=m8eebubcc6oi4dfq&ckp=m8eebtvx9vgcsrbl&glb=&amo=1652281620&cp_userState=anon, line 1: TypeError: cX.loadScript is not a function
JavaScript error: https://tags.tiqcdn.com/utag/wsjdn/barrons/prod/utag.js, line 94: ReferenceError: s is not defined
JavaScript error: https://us.tags.newscgp.com/prod/ncg/ncg.js, line 10: TypeError: window.GlobalSnowplowNamespace is undefined
JavaScript warning: https://pagead2.googlesyndication.com/bg/jtqLS4CpbIVFtG__JM-T91toxYP3JyzmW2J4VfJqIi8.js line 2 > eval line 7484 > eval line 1 > eval line 1 > eval, line 1: WEBGL_debug_renderer_info is deprecated in Firefox and will be removed. Please use RENDERER.
console.warn: WindowsJumpLists: "Failed to fetch favicon for " "https://www.barrons.com/articles/wendys-wen-stock-earnings-51652268634" ({})
console.warn: WindowsJumpLists: "Failed to fetch favicon for " "https://www.barrons.com/" ({})
console.warn: WindowsJumpLists: "Failed to fetch favicon for " "https://www.barrons.com/articles/wendys-wen-stock-earnings-51652268634" ({})
console.warn: WindowsJumpLists: "Failed to fetch favicon for " "https://www.barrons.com/" ({})
console.warn: WindowsJumpLists: "Failed to fetch favicon for " "https://www.barrons.com/articles/wendys-wen-stock-earnings-51652268634" ({})
console.warn: WindowsJumpLists: "Failed to fetch favicon for " "https://www.barrons.com/" ({})
console.warn: WindowsJumpLists: "Failed to fetch favicon for " "https://www.barrons.com/articles/wendys-wen-stock-earnings-51652268634" ({})
console.warn: WindowsJumpLists: "Failed to fetch favicon for " "https://www.barrons.com/" ({})
JavaScript warning: https://js-agent.newrelic.com/nr-spa-1.284.1.min.js, line 2: Script terminated by timeout at:
obfuscateString@https://js-agent.newrelic.com/nr-spa-1.284.1.min.js:2:91174
5519/h/<@https://js-agent.newrelic.com/nr-spa-1.284.1.min.js:2:721
5519/u/<@https://js-agent.newrelic.com/nr-spa-1.284.1.min.js:2:940
u@https://js-agent.newrelic.com/nr-spa-1.284.1.min.js:2:883
serializer@https://js-agent.newrelic.com/nr-spa-1.284.1.min.js:2:41581
3922/makeHarvestPayload/<@https://js-agent.newrelic.com/nr-spa-1.284.1.min.js:2:101057
makeHarvestPayload@https://js-agent.newrelic.com/nr-spa-1.284.1.min.js:2:100992
triggerHarvestFor@https://js-agent.newrelic.com/nr-spa-1.284.1.min.js:2:96950
3922/C/t/<@https://js-agent.newrelic.com/nr-spa-1.284.1.min.js:2:96282
t@https://js-agent.newrelic.com/nr-spa-1.284.1.min.js:2:96265
2843/i/<@https://www.barrons.com/articles/wendys-wen-stock-earnings-51652268634:129:15822
nrWrapper@https://www.barrons.com/articles/wendys-wen-stock-earnings-51652268634:129:17734

1742296985561	Marionette	INFO	Stopped listening on port 60082
Dynamically enable window occlusion 1
!!! error running onStopped callback: TypeError: callback is not a function
