1742461083366	geckodriver	INFO	Listening on 127.0.0.1:56856
1742461086681	mozrunner::runner	INFO	Running command: "C:\\Program Files\\Mozilla Firefox\\firefox.exe" "--marionette" "--remote-debugging-port" "56857" "--remote-allow-hosts" "localhost" "-no-remote" "-profile" "D:\\Users\\sasikumarj\\AppData\\Local\\Temp\\rust_mozprofileKSoysR"
console.warn: services.settings: Ignoring preference override of remote settings server
console.warn: services.settings: Allow by setting MOZ_REMOTE_SETTINGS_DEVTOOLS=1 in the environment
Dynamically enable window occlusion 0
1742461087321	Marionette	INFO	Marionette enabled
1742461087573	Marionette	INFO	Listening on port 56964
WebDriver BiDi listening on ws://127.0.0.1:56857
Read port: 56964
console.error: Policies: 
  Download failed - ERROR_CORRUPT_FILE - file://C:\Program Files\Snow Software\Inventory\Agent\FFCloudmetering.xpi
1742461087805	RemoteAgent	WARN	TLS certificate errors will be ignored for this session
DevTools listening on ws://127.0.0.1:56857/devtools/browser/28256c20-ad59-4af9-84b4-1121cba0a21c
console.error: ({})
console.error: ({})
JavaScript warning: https://pagead2.googlesyndication.com/bg/PcSWGRWl2mLW4O5uRUTCwBTBSkoSFBc_REwve846xD4.js line 2 > eval line 3726 > eval line 1 > eval line 1 > eval, line 1: WEBGL_debug_renderer_info is deprecated in Firefox and will be removed. Please use RENDERER.
JavaScript error: https://pbcs.barrons.com/s/dj/barrons/pb.js, line 831: TypeError: can't convert undefined to object
console.error: ({})
console.error: ({})
JavaScript warning: https://cdn.gbqofs.com/sv/b/detector-bootstrap.min.js, line 0: Successfully compiled asm.js code (total compilation time 3ms)
JavaScript error: https://cdn.cxense.com/sp1.html#ver=2.8.92&typ=pgv&rnd=m8h4cmti96ct1auk&sid=9222325317970825875&loc=https%3A%2F%2Fwww.s.dev.barrons.com%2Farticles%2Fbuy-rockwell-automation-stock-pick-price-cc120733%3Fmod%3Dstock_picks_lp&new=1&arf=0&ltm=1742461101708&ref=&tzo=-330&wsz=1280x762&res=1920x982&dpr=1&col=24&bln=en-US&chs=UTF-8&cks=m8h4cnlixkph46m6&ckp=m8h4cmtilhnsyg3e&glb=&amo=1720099500&cp_userState=anon, line 1: TypeError: cX.loadScript is not a function
JavaScript warning: https://pagead2.googlesyndication.com/bg/PcSWGRWl2mLW4O5uRUTCwBTBSkoSFBc_REwve846xD4.js line 2 > eval line 5591 > eval line 1 > eval line 1 > eval, line 1: WEBGL_debug_renderer_info is deprecated in Firefox and will be removed. Please use RENDERER.
JavaScript warning: https://pagead2.googlesyndication.com/bg/PcSWGRWl2mLW4O5uRUTCwBTBSkoSFBc_REwve846xD4.js line 2 > eval line 2444 > eval line 1 > eval line 1 > eval, line 1: WEBGL_debug_renderer_info is deprecated in Firefox and will be removed. Please use RENDERER.
1742461110112	Marionette	WARN	TimedPromise timed out after 500 ms: stacktrace:
TimedPromise/<@chrome://remote/content/marionette/sync.sys.mjs:205:24
TimedPromise@chrome://remote/content/marionette/sync.sys.mjs:189:10
interaction.flushEventLoop@chrome://remote/content/marionette/interaction.sys.mjs:467:10
webdriverClickElement@chrome://remote/content/marionette/interaction.sys.mjs:220:33
JavaScript warning: https://cdn.cxense.com/cx.js, line 6: Script terminated by timeout at:
s@https://cdn.cxense.com/cx.js:6:340
n@https://cdn.cxense.com/cx.js:6:1207
r@https://cdn.cxense.com/cx.js:6:1272
l<@https://cdn.cxense.com/cx.js:6:1807
qi@https://cdn.cxense.com/cx.js:6:52599
co@https://cdn.cxense.com/cx.js:6:54997
ia@https://cdn.cxense.com/cx.js:6:70681
ca/<@https://cdn.cxense.com/cx.js:6:70988

console.warn: LoginRecipes: "Falling back to a synchronous message for: https://sso.int.accounts.dowjones.com."
console.warn: LoginRecipes: "Falling back to a synchronous message for: https://sso.int.accounts.dowjones.com."
JavaScript warning: https://www.googletagmanager.com/gtag/js?id=G-GJ5S1GJYKT, line 225: Script terminated by timeout at:
Yc@https://www.googletagmanager.com/gtag/js?id=G-GJ5S1GJYKT:225:303
f@https://www.googletagmanager.com/gtag/js?id=G-GJ5S1GJYKT:236:263
e@https://www.googletagmanager.com/gtag/js?id=G-GJ5S1GJYKT:236:91
f@https://www.googletagmanager.com/gtag/js?id=G-GJ5S1GJYKT:236:293
od@https://www.googletagmanager.com/gtag/js?id=G-GJ5S1GJYKT:236:694
r@https://www.googletagmanager.com/gtag/js?id=G-GJ5S1GJYKT:234:52
qD@https://www.googletagmanager.com/gtag/js?id=G-GJ5S1GJYKT:725:180
oD/</<@https://www.googletagmanager.com/gtag/js?id=G-GJ5S1GJYKT:723:189
kb@https://www.googletagmanager.com/gtag/js?id=G-GJ5S1GJYKT:198:204
oD/<@https://www.googletagmanager.com/gtag/js?id=G-GJ5S1GJYKT:723:168
kb@https://www.googletagmanager.com/gtag/js?id=G-GJ5S1GJYKT:198:204
oD@https://www.googletagmanager.com/gtag/js?id=G-GJ5S1GJYKT:723:135
pD/<@https://www.googletagmanager.com/gtag/js?id=G-GJ5S1GJYKT:723:111

JavaScript error: https://pbcs.barrons.com/s/dj/barrons/pb.js, line 831: TypeError: can't convert undefined to object
JavaScript warning: https://cdn.gbqofs.com/sv/b/detector-bootstrap.min.js, line 0: Successfully compiled asm.js code (total compilation time 4ms)
console.error: ({})
JavaScript warning: https://pagead2.googlesyndication.com/bg/PcSWGRWl2mLW4O5uRUTCwBTBSkoSFBc_REwve846xD4.js line 2 > eval line 2543 > eval line 1 > eval line 1 > eval, line 1: WEBGL_debug_renderer_info is deprecated in Firefox and will be removed. Please use RENDERER.
console.error: ({})
1742461133245	Marionette	INFO	Stopped listening on port 56964
Dynamically enable window occlusion 1
JavaScript error: , line 0: TypeError: NetworkError when attempting to fetch resource.
JavaScript error: , line 0: TypeError: NetworkError when attempting to fetch resource.
