1739883162474	geckodriver	INFO	Listening on 127.0.0.1:55433
1739883165757	mozrunner::runner	INFO	Running command: "C:\\Program Files\\Mozilla Firefox\\firefox.exe" "--marionette" "--remote-debugging-port" "55434" "--remote-allow-hosts" "localhost" "-no-remote" "-profile" "D:\\Users\\sasikumarj\\AppData\\Local\\Temp\\rust_mozprofileytbiR2"
console.warn: services.settings: Ignoring preference override of remote settings server
console.warn: services.settings: Allow by setting MOZ_REMOTE_SETTINGS_DEVTOOLS=1 in the environment
Dynamically enable window occlusion 0
1739883166709	Marionette	INFO	Marionette enabled
1739883167097	Marionette	INFO	Listening on port 55478
WebDriver BiDi listening on ws://127.0.0.1:55434
Read port: 55478
console.error: Policies: 
  Download failed - ERROR_CORRUPT_FILE - file://C:\Program Files\Snow Software\Inventory\Agent\FFCloudmetering.xpi
1739883167462	RemoteAgent	WARN	TLS certificate errors will be ignored for this session
DevTools listening on ws://127.0.0.1:55434/devtools/browser/2f9397ec-1d7e-4945-97b1-c0727df69e87
JavaScript error: https://news.google.com/swg/js/v1/swg.js, line 17: Error: XHR Failed fetching (https://news.google.com/...): (Note: a CORS error above may indicate that this publisher or domain is not configured in Publisher Center. The CORS error happens because 4xx responses do not set CORS headers.)

TypeError: NetworkError when attempting to fetch resource.
JavaScript error: https://cdn.cxense.com/sp1.html#ver=2.8.90&typ=pgv&rnd=m7ahiq3th5vnycit&sid=1134002947328204066&loc=https%3A%2F%2Fwww.dev.wsj.com%2Farticles%2Ftwitter-elon-musk-to-argue-over-trial-timetable-to-force-44-billion-takeover-11658223001%3Fcx_testId%3D3%26cx_testVariant%3Dcx_5%26cx_artPos%3D6%26mod%3DWTRN%23cxrecs_s&new=1&arf=0&ltm=1739883177135&ref=&tzo=-330&wsz=1278x497&res=1278x622&dpr=1&col=24&bln=en-US&chs=UTF-8&cks=m7ahirk8ymjvi7gg&ckp=m7ahirhit8zouspg&glb=&amo=1720057500&cp_userState=anon&cp_testId=3&cp_testVariant=cx_5&cp_artPos=6&cp_testGroup=15&cp_env=staging&cp_topDomain=wsj.com&cp_pwTag=default&cp_pwPlacement=cx-snippetad&cp_pwCampaign=28324&cp_pwType=personalized&cp_navSource=WTRN&cp_type=Technology&cp_template=preview&cp_access=paid&cp_section=Tech&cp_subsection=Tech&cp_cms_name=Methode&cp_vix=&cp_subscriber=nonsubscriber&cp_edition=naus&cp_bucket=3&cp_ab_bucket=13&cp_pageContentSource=WSJ%20Online&cp_pageContentType=Article&cp_pageContentTypeDetai=standard&cp_pageSiteProduct=WSJ&cp_userTags=&cp_sessionState=none, line 1: TypeError: cX.loadScript is not a function
JavaScript error: , line 0: uncaught exception: Object
JavaScript error: https://news.google.com/swg/js/v1/swg.js, line 17: Error: Error: not allowed
JavaScript warning: https://cdn.gbqofs.com/sv/b/detector-bootstrap.min.js, line 0: Successfully compiled asm.js code (total compilation time 4ms)
JavaScript error: , line 0: TypeError: NetworkError when attempting to fetch resource.
JavaScript warning: https://cdn.cxense.com/cx.js, line 6: Script terminated by timeout at:
set@https://cdn.cxense.com/cx.js:6:52134
Qi@https://cdn.cxense.com/cx.js:6:52358
po@https://cdn.cxense.com/cx.js:6:55082
ua@https://cdn.cxense.com/cx.js:6:70809
fa/<@https://cdn.cxense.com/cx.js:6:71116

JavaScript warning: https://imasdk.googleapis.com/js/core/bridge3.686.0_en.html#fid=goog_1111926830, line 11: Script terminated by timeout at:
v@https://imasdk.googleapis.com/js/core/bridge3.686.0_en.html#fid=goog_1111926830:11:289
dD/this.T@https://imasdk.googleapis.com/js/core/bridge3.686.0_en.html#fid=goog_1111926830:453:37

JavaScript warning: https://www.gstatic.com/_/mss/boq-subscribewithgoogle/_/js/k=boq-subscribewithgoogle.SubscribewithgoogleClientUi.en_US.IuTH-ln6tN0.es5.O/am=AAbc/d=1/excm=_b,_tp,serviceiframeview/ed=1/dg=0/wt=2/ujg=1/rs=ABXTjI4XuwxXuYeKGkFWufxO2BT9tb_lNw/m=_b,_tp, line 314: Script terminated by timeout at:
c@https://www.gstatic.com/_/mss/boq-subscribewithgoogle/_/js/k=boq-subscribewithgoogle.SubscribewithgoogleClientUi.en_US.IuTH-ln6tN0.es5.O/am=AAbc/d=1/excm=_b,_tp,serviceiframeview/ed=1/dg=0/wt=2/ujg=1/rs=ABXTjI4XuwxXuYeKGkFWufxO2BT9tb_lNw/m=_b,_tp:314:187
b@https://www.gstatic.com/_/mss/boq-subscribewithgoogle/_/js/k=boq-subscribewithgoogle.SubscribewithgoogleClientUi.en_US.IuTH-ln6tN0.es5.O/am=AAbc/d=1/excm=_b,_tp,serviceiframeview/ed=1/dg=0/wt=2/ujg=1/rs=ABXTjI4XuwxXuYeKGkFWufxO2BT9tb_lNw/m=_b,_tp:300:48

console.warn: LoginRecipes: "Falling back to a synchronous message for: https://sso.int.accounts.dowjones.com."
console.warn: LoginRecipes: "Falling back to a synchronous message for: https://sso.int.accounts.dowjones.com."
JavaScript warning: https://sso.int.accounts.dowjones.com/datadome/tags.js, line 2: Script terminated by timeout at:
@https://sso.int.accounts.dowjones.com/datadome/tags.js:2:160473

JavaScript warning: https://pagead2.googlesyndication.com/bg/ir3IDkj-YCvNipklvF-I057_N67ylKMzk10-KClRynk.js line 2 > eval line 2691 > eval line 1 > eval line 1 > eval, line 1: WEBGL_debug_renderer_info is deprecated in Firefox and will be removed. Please use RENDERER.
JavaScript error: , line 0: TypeError: NetworkError when attempting to fetch resource.
JavaScript error: , line 0: TypeError: NetworkError when attempting to fetch resource.
JavaScript error: https://cdn.cxense.com/sp1.html#ver=2.8.90&typ=pgv&rnd=m7ahj8ifqpfaez67&sid=9222318613852486900&loc=https%3A%2F%2Fwww.wsj.com%2Farticles%2Ftwitter-elon-musk-to-argue-over-trial-timetable-to-force-44-billion-takeover-11658223001&new=0&arf=0&ltm=1739883202743&ref=&tzo=-330&wsz=1278x497&res=1278x622&dpr=1&col=24&bln=en-US&chs=UTF-8&cks=m7ahjbn1ykojvkl0&ckp=m7ahirhit8zouspg&glb=&amo=1658316780&eid0=e4cefa22ef027cc0132f0c218da37da39cdb3228234af4df969b5c463592e123&eit0=wsj&cp_userState=anon&cp_testGroup=15&cp_topDomain=wsj.com&cp_pwTag=default&cp_pwPlacement=cx-snippetad&cp_pwCampaign=28324&cp_pwType=personalized&cp_type=Technology&cp_template=preview&cp_access=paid&cp_section=Tech&cp_subsection=Tech&cp_cms_name=Methode&cp_vix=&cp_subscriber=nonsubscriber&cp_edition=naus&cp_bucket=3&cp_ab_bucket=13&cp_pageContentSource=WSJ%20Online&cp_pageContentType=Article&cp_pageContentTypeDetai=standard&cp_pageSiteProduct=WSJ&cp_userTags=&cp_sessionState=none, line 1: TypeError: cX.loadScript is not a function
JavaScript warning: https://www.googletagmanager.com/gtag/destination?id=AW-1071306083&l=dataLayer&cx=c&gtm=45je52d0v9177788093za200, line 393: Script terminated by timeout at:
fq@https://www.googletagmanager.com/gtag/destination?id=AW-1071306083&l=dataLayer&cx=c&gtm=45je52d0v9177788093za200:393:62
jq@https://www.googletagmanager.com/gtag/destination?id=AW-1071306083&l=dataLayer&cx=c&gtm=45je52d0v9177788093za200:387:255
kq@https://www.googletagmanager.com/gtag/destination?id=AW-1071306083&l=dataLayer&cx=c&gtm=45je52d0v9177788093za200:389:239
oq@https://www.googletagmanager.com/gtag/destination?id=AW-1071306083&l=dataLayer&cx=c&gtm=45je52d0v9177788093za200:389:485
tr@https://www.googletagmanager.com/gtag/destination?id=AW-1071306083&l=dataLayer&cx=c&gtm=45je52d0v9177788093za200:410:458
sr@https://www.googletagmanager.com/gtag/destination?id=AW-1071306083&l=dataLayer&cx=c&gtm=45je52d0v9177788093za200:410:366
or@https://www.googletagmanager.com/gtag/destination?id=AW-1071306083&l=dataLayer&cx=c&gtm=45je52d0v9177788093za200:409:543
Uw@https://www.googletagmanager.com/gtag/destination?id=AW-1071306083&l=dataLayer&cx=c&gtm=45je52d0v9177788093za200:514:391
gG@https://www.googletagmanager.com/gtag/destination?id=AW-1071306083&l=dataLayer&cx=c&gtm=45je52d0v9177788093za200:663:344
f@https://www.googletagmanager.com/gtag/destination?id=AW-1071306083&l=dataLayer&cx=c&gtm=45je52d0v9177788093za200:664:495
iG/<@https://www.googletagmanager.com/gtag/destination?id=AW-1071306083&l=dataLayer&cx=c&gtm=45je52d0v9177788093za200:666:410
Gl@https://www.googletagmanager.com/gtag/destination?id=AW-1071306083&l=dataLayer&cx=c&gtm=45je52d0v9177788093za200:334:151
Hm@https://www.googletagmanager.com/gtag/destination?id=AW-1071306083&l=dataLayer&cx=c&gtm=45je52d0v9177788093za200:342:434
iG@https://www.googletagmanager.com/gtag/destination?id=AW-1071306083&l=dataLayer&cx=c&gtm=45je52d0v9177788093za200:666:398
w@https://www.googletagmanager.com/gtag/destination?id=AW-1071306083&l=dataLayer&cx=c&gtm=45je52d0v9177788093za200:358:370
Co@https://www.googletagmanager.com/gtag/destination?id=AW-1071306083&l=dataLayer&cx=c&gtm=45je52d0v9177788093za200:358:470
Bo.prototype.flush@https://www.googletagmanager.com/gtag/destination?id=AW-1071306083&l=dataLayer&cx=c&gtm=45je52d0v9177788093za200:361:178
Bo.prototype.push@https://www.googletagmanager.com/gtag/destination?id=AW-1071306083&l=dataLayer&cx=c&gtm=45je52d0v9177788093za200:359:337
config@https://www.googletagmanager.com/gtag/destination?id=AW-1071306083&l=dataLayer&cx=c&gtm=45je52d0v9177788093za200:604:56
GB@https://www.googletagmanager.com/gtag/destination?id=AW-1071306083&l=dataLayer&cx=c&gtm=45je52d0v9177788093za200:613:469
IB@https://www.googletagmanager.com/gtag/destination?id=AW-1071306083&l=dataLayer&cx=c&gtm=45je52d0v9177788093za200:615:45
@https://www.googletagmanager.com/gtag/destination?id=AW-1071306083&l=dataLayer&cx=c&gtm=45je52d0v9177788093za200:743:242
c@https://www.googletagmanager.com/gtag/destination?id=AW-1071306083&l=dataLayer&cx=c&gtm=45je52d0v9177788093za200:738:130
@https://www.googletagmanager.com/gtag/destination?id=AW-1071306083&l=dataLayer&cx=c&gtm=45je52d0v9177788093za200:740:382
@https://www.googletagmanager.com/gtag/destination?id=AW-1071306083&l=dataLayer&cx=c&gtm=45je52d0v9177788093za200:740:387
@https://www.googletagmanager.com/gtag/destination?id=AW-1071306083&l=dataLayer&cx=c&gtm=45je52d0v9177788093za200:746:3

JavaScript warning: https://pagead2.googlesyndication.com/bg/I62HyEGXIhWOeNtg7y6bkmU8LsR4aj1DVCzat290OPo.js line 2 > eval line 2837 > eval line 1 > eval line 1 > eval, line 1: WEBGL_debug_renderer_info is deprecated in Firefox and will be removed. Please use RENDERER.
JavaScript warning: https://pagead2.googlesyndication.com/pagead/managed/js/activeview/current/ufs_web_display.js, line 13: Script terminated by timeout at:
C@https://pagead2.googlesyndication.com/pagead/managed/js/activeview/current/ufs_web_display.js:13:325
h@https://pagead2.googlesyndication.com/pagead/managed/js/activeview/current/ufs_web_display.js:93:449

console.warn: LoginRecipes: "Falling back to a synchronous message for: https://sso.accounts.dowjones.com."
JavaScript warning: https://sso.accounts.dowjones.com/datadome/tags.js, line 2: Script terminated by timeout at:
@https://sso.accounts.dowjones.com/datadome/tags.js:2:160473

JavaScript warning: https://cdn.gbqofs.com/sv/b/detector-bootstrap.min.js, line 0: Successfully compiled asm.js code (total compilation time 2ms)
JavaScript warning: https://pagead2.googlesyndication.com/bg/ir3IDkj-YCvNipklvF-I057_N67ylKMzk10-KClRynk.js line 2 > eval line 975 > eval line 1 > eval line 1 > eval, line 1: WEBGL_debug_renderer_info is deprecated in Firefox and will be removed. Please use RENDERER.
1739883227484	Marionette	WARN	Ignoring event 'DOMContentLoaded' because document has an invalid readyState of 'complete'.
1739883231944	Marionette	WARN	Ignoring event 'pageshow' because document has an invalid readyState of 'uninitialized'.
1739883232194	Marionette	INFO	Stopped listening on port 55478
JavaScript warning: https://pagead2.googlesyndication.com/bg/ir3IDkj-YCvNipklvF-I057_N67ylKMzk10-KClRynk.js line 2 > eval line 6547 > eval line 1 > eval line 1 > eval, line 1: WEBGL_debug_renderer_info is deprecated in Firefox and will be removed. Please use RENDERER.
JavaScript warning: https://c.evidon.com/geo/ba.js?r231121, line 1: Script terminated by timeout at:
aX@https://c.evidon.com/geo/ba.js?r231121:1:1726
aX@https://c.evidon.com/geo/ba.js?r231121:1:2008
BAP<@https://c.evidon.com/geo/ba.js?r231121:1:43155
@https://c.evidon.com/geo/ba.js?r231121:1:43474

JavaScript warning: https://pagead2.googlesyndication.com/bg/ir3IDkj-YCvNipklvF-I057_N67ylKMzk10-KClRynk.js line 2 > eval line 6547 > eval line 1 > eval line 1 > eval, line 1: Script terminated by timeout at:
Z@https://pagead2.googlesyndication.com/bg/ir3IDkj-YCvNipklvF-I057_N67ylKMzk10-KClRynk.js line 2 > eval line 6547 > eval line 1 > eval line 1 > eval:1:24
@https://pagead2.googlesyndication.com/bg/ir3IDkj-YCvNipklvF-I057_N67ylKMzk10-KClRynk.js line 2 > eval line 6547 > eval line 1 > eval line 1 > eval:1:48
G5@https://pagead2.googlesyndication.com/bg/ir3IDkj-YCvNipklvF-I057_N67ylKMzk10-KClRynk.js line 2 > eval line 6547 > eval line 1 > eval line 1 > eval:1:241
rk@https://pagead2.googlesyndication.com/bg/ir3IDkj-YCvNipklvF-I057_N67ylKMzk10-KClRynk.js line 2 > eval line 6547 > eval line 1 > eval line 1 > eval:1:45
@https://pagead2.googlesyndication.com/bg/ir3IDkj-YCvNipklvF-I057_N67ylKMzk10-KClRynk.js line 2 > eval:6547:52301
P$@https://pagead2.googlesyndication.com/bg/ir3IDkj-YCvNipklvF-I057_N67ylKMzk10-KClRynk.js line 2 > eval:6547:21270
kC@https://pagead2.googlesyndication.com/bg/ir3IDkj-YCvNipklvF-I057_N67ylKMzk10-KClRynk.js line 2 > eval:6547:20649
v$@https://pagead2.googlesyndication.com/bg/ir3IDkj-YCvNipklvF-I057_N67ylKMzk10-KClRynk.js line 2 > eval:6547:4301
kC/<@https://pagead2.googlesyndication.com/bg/ir3IDkj-YCvNipklvF-I057_N67ylKMzk10-KClRynk.js line 2 > eval:6547:20550
ST</<@https://pagead2.googlesyndication.com/bg/ir3IDkj-YCvNipklvF-I057_N67ylKMzk10-KClRynk.js line 2 > eval:6547:49412

Dynamically enable window occlusion 1
JavaScript error: , line 0: TypeError: NetworkError when attempting to fetch resource.
JavaScript error: , line 0: TypeError: NetworkError when attempting to fetch resource.
JavaScript error: , line 0: TypeError: NetworkError when attempting to fetch resource.
JavaScript error: , line 0: TypeError: NetworkError when attempting to fetch resource.
