1740059797273	geckodriver	INFO	Listening on 127.0.0.1:56988
1740059800351	mozrunner::runner	INFO	Running command: "C:\\Program Files\\Mozilla Firefox\\firefox.exe" "--marionette" "--remote-debugging-port" "56989" "--remote-allow-hosts" "localhost" "-no-remote" "-profile" "D:\\Users\\sasikumarj\\AppData\\Local\\Temp\\rust_mozprofileWMwa4z"
console.warn: services.settings: Ignoring preference override of remote settings server
console.warn: services.settings: Allow by setting MOZ_REMOTE_SETTINGS_DEVTOOLS=1 in the environment
Dynamically enable window occlusion 0
1740059801129	Marionette	INFO	Marionette enabled
1740059801378	Marionette	INFO	Listening on port 57007
Read port: 57007
WebDriver BiDi listening on ws://127.0.0.1:56989
1740059801499	RemoteAgent	WARN	TLS certificate errors will be ignored for this session
console.error: Policies: 
  Download failed - ERROR_CORRUPT_FILE - file://C:\Program Files\Snow Software\Inventory\Agent\FFCloudmetering.xpi
DevTools listening on ws://127.0.0.1:56989/devtools/browser/10c876c1-2368-4bb2-85f2-b5c2cce875d6
JavaScript error: https://cdn.cxense.com/sp1.html#ver=2.8.91&typ=pgv&rnd=m7deojt4ezden6i8&sid=1133979867428110118&loc=https%3A%2F%2Fwww.penews.com%2F&new=1&arf=0&ltm=1740059806795&ref=&tzo=-330&wsz=1278x497&res=1278x622&dpr=1&col=24&bln=en-US&chs=UTF-8&cks=m7deojubn6ps0oy5&ckp=m7deojt4q704m6ed&glb=&cp_userState=anon&cp_testGroup=96&cp_topDomain=penews.com&cp_template=full&cp_access=free&cp_section=Home&cp_subsection=&cp_cms_name=CAPS&cp_subscriber=nonsubscriber&cp_edition=europe%252Cgb&cp_bucket=4&cp_ab_bucket=44&cp_pageContentSource=Private%20Equity%20News%20Online&cp_pageContentType=Home&cp_pageContentTypeDetai=default&cp_pageSiteProduct=PEN&cp_userTags=&cp_sessionState=none, line 1: TypeError: cX.loadScript is not a function
JavaScript warning: https://pagead2.googlesyndication.com/bg/sdrlLtlXz6tyZoQC0nabp5KIr-Vpt2sqR-5Uea_adQ8.js line 2 > eval line 1678 > eval line 1 > eval line 1 > eval, line 1: WEBGL_debug_renderer_info is deprecated in Firefox and will be removed. Please use RENDERER.
JavaScript warning: https://pagead2.googlesyndication.com/bg/sdrlLtlXz6tyZoQC0nabp5KIr-Vpt2sqR-5Uea_adQ8.js line 2 > eval line 2373 > eval line 1 > eval line 1 > eval, line 1: WEBGL_debug_renderer_info is deprecated in Firefox and will be removed. Please use RENDERER.
JavaScript warning: https://cdn.parsely.com/keys/penews.com/p.js, line 7: Script terminated by timeout at:
isFunction@https://cdn.parsely.com/keys/penews.com/p.js:7:10919
sendEvent@https://cdn.parsely.com/keys/penews.com/p.js:7:67748
beacon@https://cdn.parsely.com/keys/penews.com/p.js:7:69271
e.engagedTime.sendHeartbeat@https://cdn.parsely.com/keys/penews.com/p.js:7:47926
i.sendHeartbeat@https://cdn.parsely.com/keys/penews.com/p.js:7:45951
i._sendHeartbeats@https://cdn.parsely.com/keys/penews.com/p.js:7:46105
i._setUnloadListeners/<@https://cdn.parsely.com/keys/penews.com/p.js:7:46258
value/<@https://cdn.parsely.com/keys/penews.com/p.js:7:22304
value@https://cdn.parsely.com/keys/penews.com/p.js:7:22277
value@https://cdn.parsely.com/keys/penews.com/p.js:7:24351
value@https://cdn.parsely.com/keys/penews.com/p.js:7:24771
nrWrapper@https://www.penews.com/articles/lp-survey-warns-brace-for-some-high-profile-fundraising-failures-20220622:124:14322

JavaScript warning: https://int-prod-capabilities-dashboard.vir.onservo.com/_next/static/chunks/main-5f3df17621beaffa.js, line 1: Script terminated by timeout at:
38745/106/p/<@https://int-prod-capabilities-dashboard.vir.onservo.com/_next/static/chunks/main-5f3df17621beaffa.js:1:79742
r@https://int-prod-capabilities-dashboard.vir.onservo.com/_next/static/chunks/main-5f3df17621beaffa.js:1:79245

JavaScript warning: https://newscorp.okta.com/assets/js/vendor/lib/fingerprint2.min.68ab45bd98459cb766f3ab26d086e5f5.js, line 1: WEBGL_debug_renderer_info is deprecated in Firefox and will be removed. Please use RENDERER.
JavaScript warning: https://newscorp.okta.com/assets/js/mvc/sentry-wrapper/sentry-wrapper.pack.2e080a109dbfd00f748e7dab5f49a815.js, line 1: Script terminated by timeout at:
91053/a/<@https://newscorp.okta.com/assets/js/mvc/sentry-wrapper/sentry-wrapper.pack.2e080a109dbfd00f748e7dab5f49a815.js:1:31923
n@https://newscorp.okta.com/assets/js/mvc/sentry-wrapper/sentry-wrapper.pack.2e080a109dbfd00f748e7dab5f49a815.js:1:32885

1740059834265	Marionette	INFO	Stopped listening on port 57007
Dynamically enable window occlusion 1
console.error: services.settings: 
  Message: NetworkError: Network error: TypeError: NetworkError: Network request failed
  Stack:
    APIError@resource://services-settings/RemoteSettingsClient.sys.mjs:108:1
NetworkError@resource://services-settings/RemoteSettingsClient.sys.mjs:112:5
_adjustedError@resource://services-settings/RemoteSettingsClient.sys.mjs:930:14
maybeSync@resource://services-settings/RemoteSettingsClient.sys.mjs:835:38

console.warn: services.settings: main/search-default-override-allowlist sync interrupted by shutdown
console.warn: services.settings: main/urlbar-persisted-search-terms sync interrupted by shutdown
console.warn: services.settings: main/search-config-icons sync interrupted by shutdown
console.warn: services.settings: main/message-groups sync interrupted by shutdown
console.warn: services.settings: main/fingerprinting-protection-overrides sync interrupted by shutdown
console.warn: services.settings: main/search-config-overrides-v2 sync interrupted by shutdown
console.warn: services.settings: main/query-stripping sync interrupted by shutdown
console.warn: services.settings: main/addons-manager-settings sync interrupted by shutdown
console.warn: services.settings: main/fxmonitor-breaches sync interrupted by shutdown
console.warn: services.settings: main/password-recipes sync interrupted by shutdown
console.warn: services.settings: main/language-dictionaries sync interrupted by shutdown
console.warn: services.settings: main/devtools-devices sync interrupted by shutdown
console.warn: services.settings: main/doh-config sync interrupted by shutdown
console.warn: services.settings: main/doh-providers sync interrupted by shutdown
console.warn: services.settings: main/hijack-blocklists sync interrupted by shutdown
console.error: (new AbortError("IndexedDB: main/pioneer-study-addons getLastModified() IndexedDB:  execute() A request was aborted, for example through a call to IDBTransaction.abort.", "resource://services-settings/IDBHelpers.sys.mjs", 16))
