1742453003787	geckodriver	INFO	Listening on 127.0.0.1:52350
1742453006853	mozrunner::runner	INFO	Running command: "C:\\Program Files\\Mozilla Firefox\\firefox.exe" "--marionette" "--remote-debugging-port" "52351" "--remote-allow-hosts" "localhost" "-no-remote" "-profile" "D:\\Users\\sasikumarj\\AppData\\Local\\Temp\\rust_mozprofile9yPGqs"
console.warn: services.settings: Ignoring preference override of remote settings server
console.warn: services.settings: Allow by setting MOZ_REMOTE_SETTINGS_DEVTOOLS=1 in the environment
Dynamically enable window occlusion 0
1742453007542	Marionette	INFO	Marionette enabled
1742453007806	Marionette	INFO	Listening on port 52363
WebDriver BiDi listening on ws://127.0.0.1:52351
Read port: 52363
console.error: Policies: 
  Download failed - ERROR_CORRUPT_FILE - file://C:\Program Files\Snow Software\Inventory\Agent\FFCloudmetering.xpi
1742453008129	RemoteAgent	WARN	TLS certificate errors will be ignored for this session
DevTools listening on ws://127.0.0.1:52351/devtools/browser/a1f86270-9ec6-4b03-b813-bbd958ee9b22
console.error: ({})
console.error: ({})
JavaScript error: https://tags.tiqcdn.com/utag/wsjdn/barrons/prod/utag.js, line 94: ReferenceError: s is not defined
JavaScript error: https://cdn.tinypass.com/api/tinypass.min.js, line 1: Error: Piano SDK is loaded twice on same page. Try to fix that to prevent the message.
JavaScript warning: https://cdn.gbqofs.com/sv/b/detector-bootstrap.min.js, line 0: Successfully compiled asm.js code (total compilation time 3ms)
JavaScript error: https://cdn.cxense.com/sp1.html#ver=2.8.92&typ=pgv&rnd=m8gzjbihugjmvnx9&sid=9222325317970825875&loc=https%3A%2F%2Fwww.barrons.com%2F&new=1&arf=0&ltm=1742453015564&ref=&tzo=-330&wsz=1280x762&res=1920x982&dpr=1&col=24&bln=en-US&chs=UTF-8&cks=m8gzje3oro13n96g&ckp=m8gzjbihlw9gd1xb&glb=&cp_userState=anon, line 1: TypeError: cX.loadScript is not a function
JavaScript error: https://ib.3lift.com/rev/5f2b18825277a9ebc5e6773a0e81ec36b86d11f7/dist/bundle.js, line 1: SecurityError: Permission denied to access property "__gpp" on cross-origin object
1742453022777	Marionette	WARN	Ignoring event 'pageshow' because document has an invalid readyState of 'interactive'.
1742453022889	Marionette	WARN	Ignoring event 'pageshow' because document has an invalid readyState of 'loading'.
JavaScript warning: https://pagead2.googlesyndication.com/bg/XXhQVJd-KRqHuvRXUMhwDjVyE3uMgBOFksSJA8MgzWY.js line 2 > eval line 1819 > eval line 1 > eval line 1 > eval, line 1: WEBGL_debug_renderer_info is deprecated in Firefox and will be removed. Please use RENDERER.
JavaScript warning: https://pagead2.googlesyndication.com/bg/ErmbWlE-kTRg-2prXDDd2s1ZxwRTgxUadDitJptamoY.js line 2 > eval line 4757 > eval line 1 > eval line 1 > eval, line 1: WEBGL_debug_renderer_info is deprecated in Firefox and will be removed. Please use RENDERER.
JavaScript warning: https://pagead2.googlesyndication.com/pagead/managed/js/activeview/current/ufs_web_display.js, line 13: Script terminated by timeout at:
B@https://pagead2.googlesyndication.com/pagead/managed/js/activeview/current/ufs_web_display.js:13:325
h@https://pagead2.googlesyndication.com/pagead/managed/js/activeview/current/ufs_web_display.js:93:449

console.error: ({})
console.error: ({})
JavaScript warning: https://cdn.gbqofs.com/sv/b/detector-bootstrap.min.js, line 0: Successfully compiled asm.js code (total compilation time 3ms)
JavaScript error: https://cdn.cxense.com/sp1.html#ver=2.8.92&typ=pgv&rnd=m8gzjoryp4wiptiq&sid=9222325317970825875&loc=https%3A%2F%2Fwww.s.dev.barrons.com%2Farticles%2Fbuy-under-armour-stock-pick-51650672000&new=0&arf=0&ltm=1742453032766&ref=&tzo=-330&wsz=1280x762&res=1920x982&dpr=1&col=24&bln=en-US&chs=UTF-8&cks=m8gzjp5s2jxawghy&ckp=m8gzjbihlw9gd1xb&glb=&amo=1741755900&cp_userState=anon, line 1: TypeError: cX.loadScript is not a function
JavaScript warning: https://pagead2.googlesyndication.com/bg/ErmbWlE-kTRg-2prXDDd2s1ZxwRTgxUadDitJptamoY.js line 2 > eval line 3395 > eval line 1 > eval line 1 > eval, line 1: WEBGL_debug_renderer_info is deprecated in Firefox and will be removed. Please use RENDERER.
JavaScript warning: https://pagead2.googlesyndication.com/bg/ErmbWlE-kTRg-2prXDDd2s1ZxwRTgxUadDitJptamoY.js line 2 > eval line 1696 > eval line 1 > eval line 1 > eval, line 1: WEBGL_debug_renderer_info is deprecated in Firefox and will be removed. Please use RENDERER.
JavaScript warning: https://pagead2.googlesyndication.com/bg/ErmbWlE-kTRg-2prXDDd2s1ZxwRTgxUadDitJptamoY.js line 2 > eval line 2341 > eval line 1 > eval line 1 > eval, line 1: WEBGL_debug_renderer_info is deprecated in Firefox and will be removed. Please use RENDERER.
1742453040052	Marionette	WARN	TimedPromise timed out after 500 ms: stacktrace:
TimedPromise/<@chrome://remote/content/marionette/sync.sys.mjs:205:24
TimedPromise@chrome://remote/content/marionette/sync.sys.mjs:189:10
interaction.flushEventLoop@chrome://remote/content/marionette/interaction.sys.mjs:467:10
webdriverClickElement@chrome://remote/content/marionette/interaction.sys.mjs:220:33
JavaScript warning: https://cdn.cxense.com/cx.js, line 6: Script terminated by timeout at:
Si@https://cdn.cxense.com/cx.js:6:48550
Ki@https://cdn.cxense.com/cx.js:6:53263
ia@https://cdn.cxense.com/cx.js:6:70527
ca/<@https://cdn.cxense.com/cx.js:6:70988

console.warn: LoginRecipes: "Falling back to a synchronous message for: https://sso.int.accounts.dowjones.com."
console.warn: LoginRecipes: "Falling back to a synchronous message for: https://sso.int.accounts.dowjones.com."
JavaScript warning: https://sso.int.accounts.dowjones.com/datadome/tags.js, line 2: Script terminated by timeout at:
@https://sso.int.accounts.dowjones.com/datadome/tags.js:2:161072

JavaScript error: https://pbcs.barrons.com/s/dj/barrons/pb.js, line 831: TypeError: can't convert undefined to object
console.error: ({})
1742453057867	Marionette	INFO	Stopped listening on port 52363
JavaScript warning: https://www.s.dev.barrons.com/_next/static/chunks/pages/_app-d3b1878c24b80e41.js, line 1: Script terminated by timeout at:
N@https://www.s.dev.barrons.com/_next/static/chunks/pages/_app-d3b1878c24b80e41.js:1:3403
F@https://www.s.dev.barrons.com/_next/static/chunks/pages/_app-d3b1878c24b80e41.js:1:3636
B@https://www.s.dev.barrons.com/_next/static/chunks/pages/_app-d3b1878c24b80e41.js:1:3925
3904/W/j<@https://www.s.dev.barrons.com/_next/static/chunks/pages/_app-d3b1878c24b80e41.js:1:7538
_@https://www.s.dev.barrons.com/_next/static/chunks/pages/_app-d3b1878c24b80e41.js:1:2659
$@https://www.s.dev.barrons.com/_next/static/chunks/pages/_app-d3b1878c24b80e41.js:1:7592
insert@https://www.s.dev.barrons.com/_next/static/chunks/pages/_app-d3b1878c24b80e41.js:1:9463
o@https://www.s.dev.barrons.com/_next/static/chunks/pages/_app-d3b1878c24b80e41.js:1:27475
81631/d/<@https://www.s.dev.barrons.com/_next/static/chunks/2531-d9741d1452821bbc.js:1:173171
uI@https://www.s.dev.barrons.com/_next/static/chunks/framework-273fc4bad100babc.js:1:84175
uq@https://www.s.dev.barrons.com/_next/static/chunks/framework-273fc4bad100babc.js:1:86580
uQ@https://www.s.dev.barrons.com/_next/static/chunks/framework-273fc4bad100babc.js:1:86429
uq@https://www.s.dev.barrons.com/_next/static/chunks/framework-273fc4bad100babc.js:1:86542
uQ@https://www.s.dev.barrons.com/_next/static/chunks/framework-273fc4bad100babc.js:1:86429
uq@https://www.s.dev.barrons.com/_next/static/chunks/framework-273fc4bad100babc.js:1:86542
uQ@https://www.s.dev.barrons.com/_next/static/chunks/framework-273fc4bad100babc.js:1:86429
uq@https://www.s.dev.barrons.com/_next/static/chunks/framework-273fc4bad100babc.js:1:86739
uQ@https://www.s.dev.barrons.com/_next/static/chunks/framework-273fc4bad100babc.js:1:86429
uq@https://www.s.dev.barrons.com/_next/static/chunks/framework-273fc4bad100babc.js:1:86542
uQ@https://www.s.dev.barrons.com/_next/static/chunks/framework-273fc4bad100babc.js:1:86429
uq@https://www.s.dev.barrons.com/_next/static/chunks/framework-273fc4bad100babc.js:1:86542
uQ@https://www.s.dev.barrons.com/_next/static/chunks/framework-273fc4bad100babc.js:1:86429
uq@https://www.s.dev.barrons.com/_next/static/chunks/framework-273fc4bad100babc.js:1:86739
uQ@https://www.s.dev.barrons.com/_next/static/chunks/framework-273fc4bad100babc.js:1:86429
uq@https://www.s.dev.barrons.com/_next/static/chunks/framework-273fc4bad100babc.js:1:86542
uQ@https://www.s.dev.barrons.com/_next/static/chunks/framework-273fc4bad100babc.js:1:86429
uq@https://www.s.dev.barrons.com/_next/static/chunks/framework-273fc4bad100babc.js:1:86542
uQ@https://www.s.dev.barrons.com/_next/static/chunks/framework-273fc4bad100babc.js:1:86429
uq@https://www.s.dev.barrons.com/_next/static/chunks/framework-273fc4bad100babc.js:1:86542
uQ@https://www.s.dev.barrons.com/_next/static/chunks/framework-273fc4bad100babc.js:1:86429
uq@https://www.s.dev.barrons.com/_next/static/chunks/framework-273fc4bad100babc.js:1:86739
uQ@https://www.s.dev.barrons.com/_next/static/chunks/framework-273fc4bad100babc.js:1:86429
uq@https://www.s.dev.barrons.com/_next/static/chunks/framework-273fc4bad100babc.js:1:86542
uQ@https://www.s.dev.barrons.com/_next/static/chunks/framework-273fc4bad100babc.js:1:86429
uq@https://www.s.dev.barrons.com/_next/static/chunks/framework-273fc4bad100babc.js:1:86542
uQ@https://www.s.dev.barrons.com/_next/static/chunks/framework-273fc4bad100babc.js:1:86429
uq@https://www.s.dev.barrons.com/_next/static/chunks/framework-273fc4bad100babc.js:1:87859
uQ@https://www.s.dev.barrons.com/_next/static/chunks/framework-273fc4bad100babc.js:1:86429
uq@https://www.s.dev.barrons.com/_next/static/chunks/framework-273fc4bad100babc.js:1:87859
uQ@https://www.s.dev.barrons.com/_next/static/chunks/framework-273fc4bad100babc.js:1:86429
uq@https://www.s.dev.barrons.com/_next/static/chunks/framework-273fc4bad100babc.js:1:86542
uQ@https://www.s.dev.barrons.com/_next/static/chunks/framework-273fc4bad100babc.js:1:86429
uq@https://www.s.dev.barrons.com/_next/static/chunks/framework-273fc4bad100babc.js:1:86739
uQ@https://www.s.dev.barrons.com/_next/static/chunks/framework-273fc4bad100babc.js:1:86429
uq@https://www.s.dev.barrons.com/_next/static/chunks/framework-273fc4bad100babc.js:1:86542
uQ@https://www.s.dev.barrons.com/_next/static/chunks/framework-273fc4bad100babc.js:1:86429
uq@https://www.s.dev.barrons.com/_next/static/chunks/framework-273fc4bad100babc.js:1:86542
uQ@https://www.s.dev.barrons.com/_next/static/chunks/framework-273fc4bad100babc.js:1:86429
uq@https://www.s.dev.barrons.com/_next/static/chunks/framework-273fc4bad100babc.js:1:86542
uQ@https://www.s.dev.barrons.com/_next/static/chunks/framework-273fc4bad100babc.js:1:86429
uq@https://www.s.dev.barrons.com/_next/static/chunks/framework-273fc4bad100babc.js:1:87859
uQ@https://www.s.dev.barrons.com/_next/static/chunks/framework-273fc4bad100babc.js:1:86429
uq@https://www.s.dev.barrons.com/_next/static/chunks/framework-273fc4bad100babc.js:1:86542
uQ@https://www.s.dev.barrons.com/_next/static/chunks/framework-273fc4bad100babc.js:1:86429
uq@https://www.s.dev.barrons.com/_next/static/chunks/framework-273fc4bad100babc.js:1:86739
uQ@https://www.s.dev.barrons.com/_next/static/chunks/framework-273fc4bad100babc.js:1:86429
uq@https://www.s.dev.barrons.com/_next/static/chunks/framework-273fc4bad100babc.js:1:86542
uQ@https://www.s.dev.barrons.com/_next/static/chunks/framework-273fc4bad100babc.js:1:86429
uq@https://www.s.dev.barrons.com/_next/static/chunks/framework-273fc4bad100babc.js:1:86739
uQ@https://www.s.dev.barrons.com/_next/static/chunks/framework-273fc4bad100babc.js:1:86429
uq@https://www.s.dev.barrons.com/_next/static/chunks/framework-273fc4bad100babc.js:1:86542
uQ@https://www.s.dev.barrons.com/_next/static/chunks/framework-273fc4bad100babc.js:1:86429
uq@https://www.s.dev.barrons.com/_next/static/chunks/framework-273fc4bad100babc.js:1:86739
uQ@https://www.s.dev.barrons.com/_next/static/chunks/framework-273fc4bad100babc.js:1:86429
uq@https://www.s.dev.barrons.com/_next/static/chunks/framework-273fc4bad100babc.js:1:86542
uQ@https://www.s.dev.barrons.com/_next/static/chunks/framework-273fc4bad100babc.js:1:86429
uq@https://www.s.dev.barrons.com/_next/static/chunks/framework-273fc4bad100babc.js:1:86739
uQ@https://www.s.dev.barrons.com/_next/static/chunks/framework-273fc4bad100babc.js:1:86429
uq@https://www.s.dev.barrons.com/_next/static/chunks/framework-273fc4bad100babc.js:1:86542
uQ@https://www.s.dev.barrons.com/_next/static/chunks/framework-273fc4bad100babc.js:1:86429
uq@https://www.s.dev.barrons.com/_next/static/chunks/framework-273fc4bad100babc.js:1:86739
uQ@https://www.s.dev.barrons.com/_next/static/chunks/framework-273fc4bad100babc.js:1:86429
uq@https://www.s.dev.barrons.com/_next/static/chunks/framework-273fc4bad100babc.js:1:86542
uQ@https://www.s.dev.barrons.com/_next/static/chunks/framework-273fc4bad100babc.js:1:86429
uq@https://www.s.dev.barrons.com/_next/static/chunks/framework-273fc4bad100babc.js:1:86739
uQ@https://www.s.dev.barrons.com/_next/static/chunks/framework-273fc4bad100babc.js:1:86429
uq@https://www.s.dev.barrons.com/_next/static/chunks/framework-273fc4bad100babc.js:1:86542
uQ@https://www.s.dev.barrons.com/_next/static/chunks/framework-273fc4bad100babc.js:1:86429
uq@https://www.s.dev.barrons.com/_next/static/chunks/framework-273fc4bad100babc.js:1:86542
uQ@https://www.s.dev.barrons.com/_next/static/chunks/framework-273fc4bad100babc.js:1:86429
uq@https://www.s.dev.barrons.com/_next/static/chunks/framework-273fc4bad100babc.js:1:86739
uQ@https://www.s.dev.barrons.com/_next/static/chunks/framework-273fc4bad100babc.js:1:86429
uq@https://www.s.dev.barrons.com/_next/static/chunks/framework-273fc4bad100babc.js:1:86542
uQ@https://www.s.dev.barrons.com/_next/static/chunks/framework-273fc4bad100babc.js:1:86429
uq@https://www.s.dev.barrons.com/_next/static/chunks/framework-273fc4bad100babc.js:1:87859
uQ@https://www.s.dev.barrons.com/_next/static/chunks/framework-273fc4bad100babc.js:1:86429
uq@https://www.s.dev.barrons.com/_next/static/chunks/framework-273fc4bad100babc.js:1:86542
uQ@https://www.s.dev.barrons.com/_next/static/chunks/framework-273fc4bad100babc.js:1:86429
uq@https://www.s.dev.barrons.com/_next/static/chunks/framework-273fc4bad100babc.js:1:87859
uQ@https://www.s.dev.barrons.com/_next/static/chunks/framework-273fc4bad100babc.js:1:86429
uq@https://www.s.dev.barrons.com/_next/static/chunks/framework-273fc4bad100babc.js:1:86542
uQ@https://www.s.dev.barrons.com/_next/static/chunks/framework-273fc4bad100babc.js:1:86429
uq@https://www.s.dev.barrons.com/_next/static/chunks/framework-273fc4bad100babc.js:1:87859
uQ@https://www.s.dev.barrons.com/_next/static/chunks/framework-273fc4bad100babc.js:1:86429
uq@https://www.s.dev.barrons.com/_next/static/chunks/framework-273fc4bad100babc.js:1:86542
uQ@https://www.s.dev.barrons.com/_next/static/chunks/framework-273fc4bad100babc.js:1:86429
uq@https://www.s.dev.barrons.com/_next/static/chunks/framework-273fc4bad100babc.js:1:87859
uQ@https://www.s.dev.barrons.com/_next/static/chunks/framework-273fc4bad100babc.js:1:86429
uq@https://www.s.dev.barrons.com/_next/static/chunks/framework-273fc4bad100babc.js:1:86542
uQ@https://www.s.dev.barrons.com/_next/static/chunks/framework-273fc4bad100babc.js:1:86429
uq@https://www.s.dev.barrons.com/_next/static/chunks/framework-273fc4bad100babc.js:1:86542
uQ@https://www.s.dev.barrons.com/_next/static/chunks/framework-273fc4bad100babc.js:1:86429
uq@https://www.s.dev.barrons.com/_next/static/chunks/framework-273fc4bad100babc.js:1:86542
uQ@https://www.s.dev.barrons.com/_next/static/chunks/framework-273fc4bad100babc.js:1:86429
uq@https://www.s.dev.barrons.com/_next/static/chunks/framework-273fc4bad100babc.js:1:87859
uQ@https://www.s.dev.barrons.com/_next/static/chunks/framework-273fc4bad100babc.js:1:86429
uq@https://www.s.dev.barrons.com/_next/static/chunks/framework-273fc4bad100babc.js:1:86542
uQ@https://www.s.dev.barrons.com/_next/static/chunks/framework-273fc4bad100babc.js:1:86429
uq@https://www.s.dev.barrons.com/_next/static/chunks/framework-273fc4bad100babc.js:1:86542
uQ@https://www.s.dev.barrons.com/_next/static/chunks/framework-273fc4bad100babc.js:1:86429
uq@https://www.s.dev.barrons.com/_next/static/chunks/framework-273fc4bad100babc.js:1:87859
uQ@https://www.s.dev.barrons.com/_next/static/chunks/framework-273fc4bad100babc.js:1:86429
uq@https://www.s.dev.barrons.com/_next/static/chunks/framework-273fc4bad100babc.js:1:86542
uQ@https://www.s.dev.barrons.com/_next/static/chunks/framework-273fc4bad100babc.js:1:86429
uq@https://www.s.dev.barrons.com/_next/static/chunks/framework-273fc4bad100babc.js:1:86677
uQ@https://www.s.dev.barrons.com/_next/static/chunks/framework-273fc4bad100babc.js:1:86429
uq@https://www.s.dev.barrons.com/_next/static/chunks/framework-273fc4bad100babc.js:1:86542
uQ@https://www.s.dev.barrons.com/_next/static/chunks/framework-273fc4bad100babc.js:1:86429
uq@https://www.s.dev.barrons.com/_next/static/chunks/framework-273fc4bad100babc.js:1:87859
uQ@https://www.s.dev.barrons.com/_next/static/chunks/framework-273fc4bad100babc.js:1:86429
uq@https://www.s.dev.barrons.com/_next/static/chunks/framework-273fc4bad100babc.js:1:86542
uQ@https://www.s.dev.barrons.com/_next/static/chunks/framework-273fc4bad100babc.js:1:86429
uq@https://www.s.dev.barrons.com/_next/static/chunks/framework-273fc4bad100babc.js:1:86542
uQ@https://www.s.dev.barrons.com/_next/static/chunks/framework-273fc4bad100babc.js:1:86429
uq@https://www.s.dev.barrons.com/_next/static/chunks/framework-273fc4bad100babc.js:1:87859
uQ@https://www.s.dev.barrons.com/_next/static/chunks/framework-273fc4bad100babc.js:1:86429
uq@https://www.s.dev.barrons.com/_next/static/chunks/framework-273fc4bad100babc.js:1:86542
uQ@https://www.s.dev.barrons.com/_next/static/chunks/framework-273fc4bad100babc.js:1:86429

Dynamically enable window occlusion 1
