1742294126942	geckodriver	INFO	Listening on 127.0.0.1:55561
1742294130014	mozrunner::runner	INFO	Running command: "C:\\Program Files\\Mozilla Firefox\\firefox.exe" "--marionette" "--remote-debugging-port" "55562" "--remote-allow-hosts" "localhost" "-no-remote" "-profile" "D:\\Users\\sasikumarj\\AppData\\Local\\Temp\\rust_mozprofilepX4unU"
console.warn: services.settings: Ignoring preference override of remote settings server
console.warn: services.settings: Allow by setting MOZ_REMOTE_SETTINGS_DEVTOOLS=1 in the environment
Dynamically enable window occlusion 0
1742294130602	Marionette	INFO	Marionette enabled
1742294130844	Marionette	INFO	Listening on port 55589
WebDriver BiDi listening on ws://127.0.0.1:55562
Read port: 55589
console.error: Policies: 
  Download failed - ERROR_CORRUPT_FILE - file://C:\Program Files\Snow Software\Inventory\Agent\FFCloudmetering.xpi
1742294131105	RemoteAgent	WARN	TLS certificate errors will be ignored for this session
DevTools listening on ws://127.0.0.1:55562/devtools/browser/82c9b8af-a01b-4157-a74a-a6c12069d875
JavaScript error: https://pbcs.barrons.com/s/dj/barrons/pb.js, line 831: TypeError: can't convert undefined to object
console.error: ({})
console.error: ({})
JavaScript warning: https://pagead2.googlesyndication.com/bg/jtqLS4CpbIVFtG__JM-T91toxYP3JyzmW2J4VfJqIi8.js line 2 > eval line 5395 > eval line 1 > eval line 1 > eval, line 1: WEBGL_debug_renderer_info is deprecated in Firefox and will be removed. Please use RENDERER.
JavaScript error: https://cdn.cxense.com/sp1.html#ver=2.8.92&typ=pgv&rnd=m8ecy3cuit1n2fs3&sid=9222325317970825875&loc=https%3A%2F%2Fwww.s.dev.barrons.com%2F&new=1&arf=0&ltm=1742294141316&ref=&tzo=-330&wsz=1280x595&res=1280x720&dpr=1&col=24&bln=en-US&chs=UTF-8&cks=m8ecy3kdedyb1ppq&ckp=m8ecy3cucml3wggg&glb=&cp_userState=anon, line 1: TypeError: cX.loadScript is not a function
JavaScript error: https://pbcs.barrons.com/s/dj/barrons/pb.js, line 831: TypeError: can't convert undefined to object
JavaScript warning: https://cdn.doubleverify.com/dv-measurements7477.js, line 2: Script terminated by timeout at:
getElementChildren@https://cdn.doubleverify.com/dv-measurements7477.js:2:175794
getElements@https://cdn.doubleverify.com/dv-measurements7477.js:2:55918
483/getElements/<@https://cdn.doubleverify.com/dv-measurements7477.js:2:55974
getElements@https://cdn.doubleverify.com/dv-measurements7477.js:2:55957
483/getElements/<@https://cdn.doubleverify.com/dv-measurements7477.js:2:55974
getElements@https://cdn.doubleverify.com/dv-measurements7477.js:2:55957
483/getElements/<@https://cdn.doubleverify.com/dv-measurements7477.js:2:55974
getElements@https://cdn.doubleverify.com/dv-measurements7477.js:2:55957
483/getElements/<@https://cdn.doubleverify.com/dv-measurements7477.js:2:55974
getElements@https://cdn.doubleverify.com/dv-measurements7477.js:2:55957
scan@https://cdn.doubleverify.com/dv-measurements7477.js:2:55379
getAds@https://cdn.doubleverify.com/dv-measurements7477.js:2:23179
5219/tryGetAds/<@https://cdn.doubleverify.com/dv-measurements7477.js:2:18584
6820/e.invokeWithPerformanceMeasures@https://cdn.doubleverify.com/dv-measurements7477.js:2:239533
tryGetAds@https://cdn.doubleverify.com/dv-measurements7477.js:2:18524
5219/start/this.timeoutReference<@https://cdn.doubleverify.com/dv-measurements7477.js:2:18192
2478/runSafelyWhenInvoked/<@https://cdn.doubleverify.com/dv-measurements7477.js:2:263859

JavaScript warning: https://cdn.gbqofs.com/sv/b/detector-bootstrap.min.js, line 0: Successfully compiled asm.js code (total compilation time 5ms)
JavaScript error: https://cdn.gbqofs.com/sv/b/detector-bootstrap.min.js, line 10: Error: Piano SDK is loaded twice on same page. Try to fix that to prevent the message.
1742294166985	Marionette	INFO	Stopped listening on port 55589
JavaScript warning: https://0cf17917-395b-4f25-91cc-db3bdd6044b0.edge.permutive.app/772abb27-aff3-4dcc-b7af-8ab66a56137a-web.js, line 1: Script terminated by timeout at:
4703/u/s</n<@https://0cf17917-395b-4f25-91cc-db3bdd6044b0.edge.permutive.app/772abb27-aff3-4dcc-b7af-8ab66a56137a-web.js:1:49615

Dynamically enable window occlusion 1
