1742294688350	geckodriver	INFO	Listening on 127.0.0.1:57453
1742294691395	mozrunner::runner	INFO	Running command: "C:\\Program Files\\Mozilla Firefox\\firefox.exe" "--marionette" "--remote-debugging-port" "57454" "--remote-allow-hosts" "localhost" "-no-remote" "-profile" "D:\\Users\\sasikumarj\\AppData\\Local\\Temp\\rust_mozprofileJoDwZ5"
console.warn: services.settings: Ignoring preference override of remote settings server
console.warn: services.settings: Allow by setting MOZ_REMOTE_SETTINGS_DEVTOOLS=1 in the environment
Dynamically enable window occlusion 0
1742294692335	Marionette	INFO	Marionette enabled
1742294692805	Marionette	INFO	Listening on port 57486
WebDriver BiDi listening on ws://127.0.0.1:57454
Read port: 57486
console.error: Policies: 
  Download failed - ERROR_CORRUPT_FILE - file://C:\Program Files\Snow Software\Inventory\Agent\FFCloudmetering.xpi
1742294693137	RemoteAgent	WARN	TLS certificate errors will be ignored for this session
DevTools listening on ws://127.0.0.1:57454/devtools/browser/2c29e60e-8627-4ae4-85e2-394a3819dab0
console.error: ({})
console.error: ({})
JavaScript error: https://www.barrons.com/asset/dj-watchlist/v1.14.3/p-0633e57d.entry.js, line 11: TypeError: Error.captureStackTrace is not a function
JavaScript warning: https://js-agent.newrelic.com/nr-1044.min.js, line 1: Script terminated by timeout at:
r@https://js-agent.newrelic.com/nr-1044.min.js:1:22526
[15]</r/<@https://js-agent.newrelic.com/nr-1044.min.js:1:9115

JavaScript error: https://tags.tiqcdn.com/utag/wsjdn/barrons/prod/utag.js, line 94: ReferenceError: s is not defined
JavaScript error: https://tags.tiqcdn.com/utag/wsjdn/barrons/prod/utag.js, line 94: ReferenceError: s is not defined
JavaScript error: https://us.tags.newscgp.com/prod/ncg/ncg.js, line 10: TypeError: window.GlobalSnowplowNamespace is undefined
JavaScript error: https://cdn.tinypass.com/api/tinypass.min.js, line 1: Error: Piano SDK is loaded twice on same page. Try to fix that to prevent the message.
JavaScript error: https://cdn.cxense.com/sp1.html#ver=2.8.92&typ=pgv&rnd=m8eda45m8rvec6mc&sid=9222325317970825875&loc=https%3A%2F%2Fwww.barrons.com%2Fmarket-data%2Fstocks%2Fstock-picks%3Fmod%3DBOL_TOPNAV&new=1&arf=0&ltm=1742294702224&ref=&tzo=-330&wsz=1280x595&res=1280x720&dpr=1&col=24&bln=en-US&chs=UTF-8&cks=m8eda4jdah2ufrhp&ckp=m8eda45msd9tj29t&glb=&cp_userState=anon, line 1: TypeError: cX.loadScript is not a function
1742294728010	Marionette	WARN	TimedPromise timed out after 500 ms: stacktrace:
TimedPromise/<@chrome://remote/content/marionette/sync.sys.mjs:205:24
TimedPromise@chrome://remote/content/marionette/sync.sys.mjs:189:10
interaction.flushEventLoop@chrome://remote/content/marionette/interaction.sys.mjs:467:10
webdriverClickElement@chrome://remote/content/marionette/interaction.sys.mjs:220:33
JavaScript error: https://tags.tiqcdn.com/utag/wsjdn/barrons/prod/utag.js, line 94: ReferenceError: s is not defined
JavaScript warning: https://www.barrons.com/market-data/stocks/stock-picks?mod=BOL_TOPNAV, line 124: Script terminated by timeout at:
nrWrapper@https://www.barrons.com/market-data/stocks/stock-picks?mod=BOL_TOPNAV:124:17584

console.warn: LoginRecipes: "Falling back to a synchronous message for: https://sso.accounts.dowjones.com."
console.warn: LoginRecipes: "Falling back to a synchronous message for: https://sso.accounts.dowjones.com."
JavaScript error: https://tags.tiqcdn.com/utag/wsjdn/barrons/prod/utag.js, line 94: ReferenceError: s is not defined
JavaScript error: https://tags.tiqcdn.com/utag/wsjdn/barrons/prod/utag.js, line 94: ReferenceError: s is not defined
JavaScript error: https://us.tags.newscgp.com/prod/ncg/ncg.js, line 10: TypeError: window.GlobalSnowplowNamespace is undefined
JavaScript error: https://cdn.tinypass.com/api/tinypass.min.js, line 1: Error: Piano SDK is loaded twice on same page. Try to fix that to prevent the message.
1742294916963	Marionette	INFO	Stopped listening on port 57486
JavaScript warning: https://www.barrons.com/market-data/stocks/stock-picks?mod=BOL_TOPNAV, line 124: Script terminated by timeout at:
nrWrapper@https://www.barrons.com/market-data/stocks/stock-picks?mod=BOL_TOPNAV:124:17584

Dynamically enable window occlusion 1
