1742295238747	geckodriver	INFO	Listening on 127.0.0.1:50929
1742295241788	mozrunner::runner	INFO	Running command: "C:\\Program Files\\Mozilla Firefox\\firefox.exe" "--marionette" "--remote-debugging-port" "50930" "--remote-allow-hosts" "localhost" "-no-remote" "-profile" "D:\\Users\\sasikumarj\\AppData\\Local\\Temp\\rust_mozprofileeY4xVH"
console.warn: services.settings: Ignoring preference override of remote settings server
console.warn: services.settings: Allow by setting MOZ_REMOTE_SETTINGS_DEVTOOLS=1 in the environment
Dynamically enable window occlusion 0
1742295242401	Marionette	INFO	Marionette enabled
1742295242646	Marionette	INFO	Listening on port 50944
WebDriver BiDi listening on ws://127.0.0.1:50930
Read port: 50944
console.error: Policies: 
  Download failed - ERROR_CORRUPT_FILE - file://C:\Program Files\Snow Software\Inventory\Agent\FFCloudmetering.xpi
1742295242897	RemoteAgent	WARN	TLS certificate errors will be ignored for this session
DevTools listening on ws://127.0.0.1:50930/devtools/browser/265f96c7-7e75-406d-818c-abee40199a91
console.error: ({})
console.error: ({})
JavaScript error: https://tags.tiqcdn.com/utag/wsjdn/barrons/prod/utag.js, line 94: ReferenceError: s is not defined
JavaScript warning: https://js-agent.newrelic.com/nr-1044.min.js, line 1: Script terminated by timeout at:
r@https://js-agent.newrelic.com/nr-1044.min.js:1:22526
[15]</r/<@https://js-agent.newrelic.com/nr-1044.min.js:1:9115

console.error: ({})
console.error: ({})
JavaScript error: https://tags.tiqcdn.com/utag/wsjdn/barrons/prod/utag.js, line 94: ReferenceError: s is not defined
JavaScript error: https://cdn.cxense.com/sp1.html#ver=2.8.92&typ=pgv&rnd=m8edlw9y3wxduxev&sid=9222325317970825875&loc=https%3A%2F%2Fwww.barrons.com%2Farticles%2Fwendys-wen-stock-earnings-51652268634&new=1&arf=0&ltm=1742295251882&ref=&tzo=-330&wsz=1280x595&res=1280x720&dpr=1&col=24&bln=en-US&chs=UTF-8&cks=m8edlwj1qqdtdh81&ckp=m8edlw9yyy35aoch&glb=&amo=1652281620&cp_userState=anon, line 1: TypeError: cX.loadScript is not a function
JavaScript error: https://tags.tiqcdn.com/utag/wsjdn/barrons/prod/utag.js, line 94: ReferenceError: s is not defined
JavaScript warning: https://pagead2.googlesyndication.com/bg/jtqLS4CpbIVFtG__JM-T91toxYP3JyzmW2J4VfJqIi8.js line 2 > eval line 5280 > eval line 1 > eval line 1 > eval, line 1: WEBGL_debug_renderer_info is deprecated in Firefox and will be removed. Please use RENDERER.
JavaScript error: https://us.tags.newscgp.com/prod/ncg/ncg.js, line 10: TypeError: window.GlobalSnowplowNamespace is undefined
console.warn: WindowsJumpLists: "Failed to fetch favicon for " "https://www.barrons.com/articles/wendys-wen-stock-earnings-51652268634" ({})
console.warn: WindowsJumpLists: "Failed to fetch favicon for " "https://www.barrons.com/" ({})
console.warn: WindowsJumpLists: "Failed to fetch favicon for " "https://www.barrons.com/articles/wendys-wen-stock-earnings-51652268634" ({})
console.warn: WindowsJumpLists: "Failed to fetch favicon for " "https://www.barrons.com/" ({})
JavaScript warning: https://js-agent.newrelic.com/nr-spa-1.284.1.min.js, line 2: Script terminated by timeout at:
3922/triggerHarvestFor/</<@https://js-agent.newrelic.com/nr-spa-1.284.1.min.js:2:97737
3922/triggerHarvestFor/<@https://js-agent.newrelic.com/nr-spa-1.284.1.min.js:2:99360
triggerHarvestFor@https://js-agent.newrelic.com/nr-spa-1.284.1.min.js:2:96995
3922/C/t/<@https://js-agent.newrelic.com/nr-spa-1.284.1.min.js:2:96282
t@https://js-agent.newrelic.com/nr-spa-1.284.1.min.js:2:96265
2843/i/<@https://www.barrons.com/articles/wendys-wen-stock-earnings-51652268634:129:15822
nrWrapper@https://www.barrons.com/articles/wendys-wen-stock-earnings-51652268634:129:17734

1742295516104	Marionette	INFO	Stopped listening on port 50944
Dynamically enable window occlusion 1
!!! error running onStopped callback: TypeError: callback is not a function
