1742294281763	geckodriver	INFO	Listening on 127.0.0.1:56164
1742294284965	mozrunner::runner	INFO	Running command: "C:\\Program Files\\Mozilla Firefox\\firefox.exe" "--marionette" "--remote-debugging-port" "56165" "--remote-allow-hosts" "localhost" "-no-remote" "-profile" "D:\\Users\\sasikumarj\\AppData\\Local\\Temp\\rust_mozprofileTed0k6"
console.warn: services.settings: Ignoring preference override of remote settings server
console.warn: services.settings: Allow by setting MOZ_REMOTE_SETTINGS_DEVTOOLS=1 in the environment
Dynamically enable window occlusion 0
1742294285577	Marionette	INFO	Marionette enabled
1742294285823	Marionette	INFO	Listening on port 56218
WebDriver BiDi listening on ws://127.0.0.1:56165
Read port: 56218
console.error: Policies: 
  Download failed - ERROR_CORRUPT_FILE - file://C:\Program Files\Snow Software\Inventory\Agent\FFCloudmetering.xpi
1742294286070	RemoteAgent	WARN	TLS certificate errors will be ignored for this session
DevTools listening on ws://127.0.0.1:56165/devtools/browser/2e92ec5f-2a24-4ce2-b2ff-00968b3ed52a
JavaScript error: https://pbcs.barrons.com/s/dj/barrons/pb.js, line 831: TypeError: can't convert undefined to object
console.error: ({})
console.error: ({})
JavaScript warning: https://cdn.gbqofs.com/sv/b/detector-bootstrap.min.js, line 0: Successfully compiled asm.js code (total compilation time 5ms)
JavaScript error: https://cdn.gbqofs.com/sv/b/detector-bootstrap.min.js, line 10: Error: Piano SDK is loaded twice on same page. Try to fix that to prevent the message.
JavaScript error: https://cdn.cxense.com/sp1.html#ver=2.8.92&typ=pgv&rnd=m8ed1dv5h8xexvcx&sid=9222325317970825875&loc=https%3A%2F%2Fwww.s.dev.barrons.com%2F&new=1&arf=0&ltm=1742294294904&ref=&tzo=-330&wsz=1280x595&res=1280x720&dpr=1&col=24&bln=en-US&chs=UTF-8&cks=m8ed1ef1tyqishoc&ckp=m8ed1dv59jjhj4c6&glb=&cp_userState=anon, line 1: TypeError: cX.loadScript is not a function
JavaScript error: resource://devtools/client/jsonview/Sniffer.sys.mjs, line 53: NS_ERROR_NOT_AVAILABLE: Component returned failure code: 0x80040111 (NS_ERROR_NOT_AVAILABLE) [nsIChannel.contentType]
JavaScript error: , line 0: uncaught exception: Failed to track Pageview. A validation check carried out by the server did not succeed.
JavaScript error: https://pbcs.barrons.com/s/dj/barrons/pb.js, line 831: TypeError: can't convert undefined to object
JavaScript error: https://cdn.tinypass.com/api/tinypass.min.js, line 1: Error: Piano SDK is loaded twice on same page. Try to fix that to prevent the message.
JavaScript warning: https://cdn.gbqofs.com/sv/b/detector-bootstrap.min.js, line 0: Successfully compiled asm.js code (total compilation time 2ms)
1742294335433	Marionette	INFO	Stopped listening on port 56218
Dynamically enable window occlusion 1
!!! error running onStopped callback: TypeError: callback is not a function
