1742453955338	geckodriver	INFO	Listening on 127.0.0.1:49914
1742453958401	mozrunner::runner	INFO	Running command: "C:\\Program Files\\Mozilla Firefox\\firefox.exe" "--marionette" "--remote-debugging-port" "49915" "--remote-allow-hosts" "localhost" "-no-remote" "-profile" "D:\\Users\\sasikumarj\\AppData\\Local\\Temp\\rust_mozprofilevNU3Pf"
console.warn: services.settings: Ignoring preference override of remote settings server
console.warn: services.settings: Allow by setting MOZ_REMOTE_SETTINGS_DEVTOOLS=1 in the environment
Dynamically enable window occlusion 0
1742453959094	Marionette	INFO	Marionette enabled
1742453959340	Marionette	INFO	Listening on port 49926
WebDriver BiDi listening on ws://127.0.0.1:49915
Read port: 49926
console.error: Policies: 
  Download failed - ERROR_CORRUPT_FILE - file://C:\Program Files\Snow Software\Inventory\Agent\FFCloudmetering.xpi
1742453959585	RemoteAgent	WARN	TLS certificate errors will be ignored for this session
DevTools listening on ws://127.0.0.1:49915/devtools/browser/540dbe82-eb0d-4b4c-a399-f23bb1f2c76f
console.error: ({})
console.error: ({})
JavaScript error: https://tags.tiqcdn.com/utag/wsjdn/barrons/prod/utag.js, line 94: ReferenceError: s is not defined
JavaScript warning: https://cdn.gbqofs.com/sv/b/detector-bootstrap.min.js, line 0: Successfully compiled asm.js code (total compilation time 5ms)
JavaScript error: https://cdn.gbqofs.com/sv/b/detector-bootstrap.min.js, line 10: Error: Piano SDK is loaded twice on same page. Try to fix that to prevent the message.
JavaScript error: https://cdn.cxense.com/sp1.html#ver=2.8.92&typ=pgv&rnd=m8h03pahmw44yfzh&sid=9222325317970825875&loc=https%3A%2F%2Fwww.barrons.com%2F&new=1&arf=0&ltm=1742453966539&ref=&tzo=-330&wsz=1280x762&res=1920x982&dpr=1&col=24&bln=en-US&chs=UTF-8&cks=m8h03rz1adcxbkcx&ckp=m8h03pah9jdoheku&glb=&cp_userState=anon, line 1: TypeError: cX.loadScript is not a function
JavaScript warning: https://pagead2.googlesyndication.com/bg/ErmbWlE-kTRg-2prXDDd2s1ZxwRTgxUadDitJptamoY.js line 2 > eval, line 4810: Script terminated by timeout at:
h@https://pagead2.googlesyndication.com/bg/ErmbWlE-kTRg-2prXDDd2s1ZxwRTgxUadDitJptamoY.js line 2 > eval:4810:35003
H@https://pagead2.googlesyndication.com/bg/ErmbWlE-kTRg-2prXDDd2s1ZxwRTgxUadDitJptamoY.js line 2 > eval:4810:35511
VQ@https://pagead2.googlesyndication.com/bg/ErmbWlE-kTRg-2prXDDd2s1ZxwRTgxUadDitJptamoY.js line 2 > eval:4810:25236
Ww@https://pagead2.googlesyndication.com/bg/ErmbWlE-kTRg-2prXDDd2s1ZxwRTgxUadDitJptamoY.js line 2 > eval:4810:21923
QQ@https://pagead2.googlesyndication.com/bg/ErmbWlE-kTRg-2prXDDd2s1ZxwRTgxUadDitJptamoY.js line 2 > eval:4810:33912
c.v</<@https://pagead2.googlesyndication.com/bg/ErmbWlE-kTRg-2prXDDd2s1ZxwRTgxUadDitJptamoY.js line 2 > eval:4810:51647
Zn@https://pagead2.googlesyndication.com/bg/ErmbWlE-kTRg-2prXDDd2s1ZxwRTgxUadDitJptamoY.js line 2 > eval:4810:23078
y@https://pagead2.googlesyndication.com/bg/ErmbWlE-kTRg-2prXDDd2s1ZxwRTgxUadDitJptamoY.js line 2 > eval:4810:6969
OV@https://pagead2.googlesyndication.com/bg/ErmbWlE-kTRg-2prXDDd2s1ZxwRTgxUadDitJptamoY.js line 2 > eval:4810:8741
y/<@https://pagead2.googlesyndication.com/bg/ErmbWlE-kTRg-2prXDDd2s1ZxwRTgxUadDitJptamoY.js line 2 > eval:4810:6839
GW</<@https://pagead2.googlesyndication.com/bg/ErmbWlE-kTRg-2prXDDd2s1ZxwRTgxUadDitJptamoY.js line 2 > eval:4810:48203

console.error: ({})
console.error: ({})
JavaScript error: https://tags.tiqcdn.com/utag/wsjdn/barrons/prod/utag.js, line 94: ReferenceError: s is not defined
JavaScript warning: https://pagead2.googlesyndication.com/bg/ErmbWlE-kTRg-2prXDDd2s1ZxwRTgxUadDitJptamoY.js line 2 > eval line 6203 > eval line 1 > eval line 1 > eval, line 1: WEBGL_debug_renderer_info is deprecated in Firefox and will be removed. Please use RENDERER.
JavaScript warning: https://cdn.gbqofs.com/sv/b/detector-bootstrap.min.js, line 0: Successfully compiled asm.js code (total compilation time 61ms)
JavaScript warning: https://pagead2.googlesyndication.com/bg/ErmbWlE-kTRg-2prXDDd2s1ZxwRTgxUadDitJptamoY.js line 2 > eval line 7177 > eval line 1 > eval line 1 > eval, line 1: WEBGL_debug_renderer_info is deprecated in Firefox and will be removed. Please use RENDERER.
1742453984267	Marionette	WARN	TimedPromise timed out after 500 ms: stacktrace:
TimedPromise/<@chrome://remote/content/marionette/sync.sys.mjs:205:24
TimedPromise@chrome://remote/content/marionette/sync.sys.mjs:189:10
interaction.flushEventLoop@chrome://remote/content/marionette/interaction.sys.mjs:467:10
webdriverClickElement@chrome://remote/content/marionette/interaction.sys.mjs:220:33
JavaScript warning: https://cdn.cxense.com/cx.js, line 6: Script terminated by timeout at:
n@https://cdn.cxense.com/cx.js:6:1149
r@https://cdn.cxense.com/cx.js:6:1272
Vi@https://cdn.cxense.com/cx.js:6:52437
co@https://cdn.cxense.com/cx.js:6:54797
ia@https://cdn.cxense.com/cx.js:6:70681
ca/<@https://cdn.cxense.com/cx.js:6:70988
nrWrapper@https://www.barrons.com/articles/wendys-wen-stock-earnings-51652268634:129:17734

JavaScript warning: https://gum.criteo.com/syncframe?origin=criteoPrebidAdapter&topUrl=www.barrons.com&us_privacy=1YNN&gpp=DBABRg~BVoAACA&gpp_sid=9#{%22bundle%22:%22oYv6LV9PakVWbW91aGg4JTJCY2NiTUk4WXp1b2hKMUFCOWdEY0prbnRhUmNWMlJicGdsN2hVcXpVJTJGU1ltZm4lMkZQUSUyQkV2Y3ZMOGFnTEMyYVhsREtiR09EQkp4TUFUaDJ4RXZKNUhmQXl3Z3lDTE01aGtuVk1sJTJCQmRISiUyRjV5bDdtTGNUQjdJUGY3ODZQdk9weTNkOWhHcEN2UnZpJTJGUSUzRCUzRA%22,%22cw%22:true,%22lsw%22:true,%22origin%22:%22criteoPrebidAdapter%22,%22requestId%22:%220.8120071518959584%22,%22tld%22:%22www.barrons.com%22,%22topUrl%22:%22www.barrons.com%22,%22version%22:%229_30_0%22}, line 13: Script terminated by timeout at:
r.prototype.flushEventQueue@https://gum.criteo.com/syncframe?origin=criteoPrebidAdapter&topUrl=www.barrons.com&us_privacy=1YNN&gpp=DBABRg~BVoAACA&gpp_sid=9#{%22bundle%22:%22oYv6LV9PakVWbW91aGg4JTJCY2NiTUk4WXp1b2hKMUFCOWdEY0prbnRhUmNWMlJicGdsN2hVcXpVJTJGU1ltZm4lMkZQUSUyQkV2Y3ZMOGFnTEMyYVhsREtiR09EQkp4TUFUaDJ4RXZKNUhmQXl3Z3lDTE01aGtuVk1sJTJCQmRISiUyRjV5bDdtTGNUQjdJUGY3ODZQdk9weTNkOWhHcEN2UnZpJTJGUSUzRCUzRA%22,%22cw%22:true,%22lsw%22:true,%22origin%22:%22criteoPrebidAdapter%22,%22requestId%22:%220.8120071518959584%22,%22tld%22:%22www.barrons.com%22,%22topUrl%22:%22www.barrons.com%22,%22version%22:%229_30_0%22}:13:3137
r/<@https://gum.criteo.com/syncframe?origin=criteoPrebidAdapter&topUrl=www.barrons.com&us_privacy=1YNN&gpp=DBABRg~BVoAACA&gpp_sid=9#{%22bundle%22:%22oYv6LV9PakVWbW91aGg4JTJCY2NiTUk4WXp1b2hKMUFCOWdEY0prbnRhUmNWMlJicGdsN2hVcXpVJTJGU1ltZm4lMkZQUSUyQkV2Y3ZMOGFnTEMyYVhsREtiR09EQkp4TUFUaDJ4RXZKNUhmQXl3Z3lDTE01aGtuVk1sJTJCQmRISiUyRjV5bDdtTGNUQjdJUGY3ODZQdk9weTNkOWhHcEN2UnZpJTJGUSUzRCUzRA%22,%22cw%22:true,%22lsw%22:true,%22origin%22:%22criteoPrebidAdapter%22,%22requestId%22:%220.8120071518959584%22,%22tld%22:%22www.barrons.com%22,%22topUrl%22:%22www.barrons.com%22,%22version%22:%229_30_0%22}:13:3642

JavaScript warning: https://static.cloudflareinsights.com/beacon.min.js/vcd15cbe7772f49c399c6a5babf22c1241717689176015, line 1: Script terminated by timeout at:
o@https://static.cloudflareinsights.com/beacon.min.js/vcd15cbe7772f49c399c6a5babf22c1241717689176015:1:18291
104/e.onLCP/</c<@https://static.cloudflareinsights.com/beacon.min.js/vcd15cbe7772f49c399c6a5babf22c1241717689176015:1:18393
104/T/<@https://static.cloudflareinsights.com/beacon.min.js/vcd15cbe7772f49c399c6a5babf22c1241717689176015:1:11636
t@https://static.cloudflareinsights.com/beacon.min.js/vcd15cbe7772f49c399c6a5babf22c1241717689176015:1:11507

JavaScript warning: https://ads.pubmatic.com/AdServer/js/user_sync.html?gdpr=0&gdpr_consent=&us_privacy=pbs-ozone&predirect=https%3A%2F%2Felb.the-ozone-project.com%2Fsetuid%3Fbidder%3Dpubmatic%26gdpr%3D0%26gdpr_consent%3D%26us_privacy%3Dpbs-ozone%26uid%3D, line 1: Script terminated by timeout at:
ax@https://ads.pubmatic.com/AdServer/js/user_sync.html?gdpr=0&gdpr_consent=&us_privacy=pbs-ozone&predirect=https%3A%2F%2Felb.the-ozone-project.com%2Fsetuid%3Fbidder%3Dpubmatic%26gdpr%3D0%26gdpr_consent%3D%26us_privacy%3Dpbs-ozone%26uid%3D:1:14741
B@https://ads.pubmatic.com/AdServer/js/user_sync.html?gdpr=0&gdpr_consent=&us_privacy=pbs-ozone&predirect=https%3A%2F%2Felb.the-ozone-project.com%2Fsetuid%3Fbidder%3Dpubmatic%26gdpr%3D0%26gdpr_consent%3D%26us_privacy%3Dpbs-ozone%26uid%3D:1:15326

console.warn: LoginRecipes: "Falling back to a synchronous message for: https://sso.accounts.dowjones.com."
console.warn: LoginRecipes: "Falling back to a synchronous message for: https://sso.accounts.dowjones.com."
JavaScript warning: https://sso.accounts.dowjones.com/datadome/tags.js, line 2: Script terminated by timeout at:
y@https://sso.accounts.dowjones.com/datadome/tags.js:2:159260
@https://sso.accounts.dowjones.com/datadome/tags.js:2:161168

console.error: ({})
console.error: ({})
JavaScript error: https://tags.tiqcdn.com/utag/wsjdn/barrons/prod/utag.js, line 94: ReferenceError: s is not defined
JavaScript warning: https://pagead2.googlesyndication.com/bg/PcSWGRWl2mLW4O5uRUTCwBTBSkoSFBc_REwve846xD4.js line 2 > eval line 6878 > eval line 1 > eval line 1 > eval, line 1: WEBGL_debug_renderer_info is deprecated in Firefox and will be removed. Please use RENDERER.
JavaScript warning: https://cdn.gbqofs.com/sv/b/detector-bootstrap.min.js, line 0: Successfully compiled asm.js code (total compilation time 4ms)
1742454005670	Marionette	INFO	Stopped listening on port 49926
JavaScript warning: https://www.barrons.com/articles/wendys-wen-stock-earnings-51652268634 line 33 > injectedScript, line 34: Script terminated by timeout at:
CTicker.prototype._tick@https://www.barrons.com/articles/wendys-wen-stock-earnings-51652268634 line 33 > injectedScript:34:822

Dynamically enable window occlusion 1
JavaScript error: , line 0: TypeError: NetworkError when attempting to fetch resource.
JavaScript error: , line 0: TypeError: NetworkError when attempting to fetch resource.
JavaScript error: , line 0: TypeError: NetworkError when attempting to fetch resource.
