1742460367879	geckodriver	INFO	Listening on 127.0.0.1:49602
1742460370944	mozrunner::runner	INFO	Running command: "C:\\Program Files\\Mozilla Firefox\\firefox.exe" "--marionette" "--remote-debugging-port" "49603" "--remote-allow-hosts" "localhost" "-no-remote" "-profile" "D:\\Users\\sasikumarj\\AppData\\Local\\Temp\\rust_mozprofileSb0C9O"
console.warn: services.settings: Ignoring preference override of remote settings server
console.warn: services.settings: Allow by setting MOZ_REMOTE_SETTINGS_DEVTOOLS=1 in the environment
Dynamically enable window occlusion 0
1742460371580	Marionette	INFO	Marionette enabled
1742460371833	Marionette	INFO	Listening on port 49618
WebDriver BiDi listening on ws://127.0.0.1:49603
Read port: 49618
console.error: Policies: 
  Download failed - ERROR_CORRUPT_FILE - file://C:\Program Files\Snow Software\Inventory\Agent\FFCloudmetering.xpi
1742460372097	RemoteAgent	WARN	TLS certificate errors will be ignored for this session
DevTools listening on ws://127.0.0.1:49603/devtools/browser/cedcb69a-ce61-464e-a048-c81bf7a5dc07
console.error: ({})
console.error: ({})
JavaScript error: https://tags.tiqcdn.com/utag/wsjdn/barrons/prod/utag.js, line 94: ReferenceError: s is not defined
JavaScript error: https://pbcs.barrons.com/s/dj/barrons/pb.js, line 831: TypeError: can't convert undefined to object
console.error: ({})
console.error: ({})
JavaScript warning: https://cdn.gbqofs.com/sv/b/detector-bootstrap.min.js, line 0: Successfully compiled asm.js code (total compilation time 38ms)
JavaScript error: https://cdn.cxense.com/sp1.html#ver=2.8.92&typ=pgv&rnd=m8h3x7lpxpu8t9f5&sid=9222325317970825875&loc=https%3A%2F%2Fwww.s.dev.barrons.com%2Farticles%2Fbuy-under-armour-stock-pick-51650672000&new=1&arf=0&ltm=1742460382149&ref=&tzo=-330&wsz=1280x762&res=1920x982&dpr=1&col=24&bln=en-US&chs=UTF-8&cks=m8h3x92mj1wx1i5w&ckp=m8h3x7lpd0n6wp56&glb=&amo=1741755900&cp_userState=anon, line 1: TypeError: cX.loadScript is not a function
JavaScript warning: https://pagead2.googlesyndication.com/bg/PcSWGRWl2mLW4O5uRUTCwBTBSkoSFBc_REwve846xD4.js line 2 > eval line 1310 > eval line 1 > eval line 1 > eval, line 1: WEBGL_debug_renderer_info is deprecated in Firefox and will be removed. Please use RENDERER.
JavaScript warning: https://pagead2.googlesyndication.com/bg/PcSWGRWl2mLW4O5uRUTCwBTBSkoSFBc_REwve846xD4.js line 2 > eval line 2963 > eval line 1 > eval line 1 > eval, line 1: WEBGL_debug_renderer_info is deprecated in Firefox and will be removed. Please use RENDERER.
JavaScript warning: https://pagead2.googlesyndication.com/bg/PcSWGRWl2mLW4O5uRUTCwBTBSkoSFBc_REwve846xD4.js line 2 > eval line 1844 > eval line 1 > eval line 1 > eval, line 1: WEBGL_debug_renderer_info is deprecated in Firefox and will be removed. Please use RENDERER.
1742460389795	Marionette	INFO	Stopped listening on port 49618
Dynamically enable window occlusion 1
JavaScript error: , line 0: TypeError: NetworkError when attempting to fetch resource.
JavaScript error: , line 0: TypeError: NetworkError when attempting to fetch resource.
