1742454361596	geckodriver	INFO	Listening on 127.0.0.1:63135
1742454364632	mozrunner::runner	INFO	Running command: "C:\\Program Files\\Mozilla Firefox\\firefox.exe" "--marionette" "--remote-debugging-port" "63136" "--remote-allow-hosts" "localhost" "-no-remote" "-profile" "D:\\Users\\sasikumarj\\AppData\\Local\\Temp\\rust_mozprofile4fY3be"
console.warn: services.settings: Ignoring preference override of remote settings server
console.warn: services.settings: Allow by setting MOZ_REMOTE_SETTINGS_DEVTOOLS=1 in the environment
Dynamically enable window occlusion 0
1742454365227	Marionette	INFO	Marionette enabled
1742454365473	Marionette	INFO	Listening on port 63147
WebDriver BiDi listening on ws://127.0.0.1:63136
Read port: 63147
console.error: Policies: 
  Download failed - ERROR_CORRUPT_FILE - file://C:\Program Files\Snow Software\Inventory\Agent\FFCloudmetering.xpi
1742454365769	RemoteAgent	WARN	TLS certificate errors will be ignored for this session
DevTools listening on ws://127.0.0.1:63136/devtools/browser/c65708c9-9de4-4dee-b322-71eecb7789c0
console.error: ({})
console.error: ({})
JavaScript error: https://www.barrons.com/asset/dj-watchlist/v1.14.3/p-0633e57d.entry.js, line 11: TypeError: Error.captureStackTrace is not a function
JavaScript warning: https://graphics.wsj.com/dynamic-inset-iframer/js/jquery-3.5.1.min.js, line 2: Script terminated by timeout at:
reliableTrDimensions@https://graphics.wsj.com/dynamic-inset-iframer/js/jquery-3.5.1.min.js:2:53502
Ze@https://graphics.wsj.com/dynamic-inset-iframer/js/jquery-3.5.1.min.js:2:54706
get@https://graphics.wsj.com/dynamic-inset-iframer/js/jquery-3.5.1.min.js:2:56363
css@https://graphics.wsj.com/dynamic-inset-iframer/js/jquery-3.5.1.min.js:2:56056
S.fn[o]/<@https://graphics.wsj.com/dynamic-inset-iframer/js/jquery-3.5.1.min.js:2:87746
$@https://graphics.wsj.com/dynamic-inset-iframer/js/jquery-3.5.1.min.js:2:32538
S.fn[o]@https://graphics.wsj.com/dynamic-inset-iframer/js/jquery-3.5.1.min.js:2:87490
e@https://graphics.wsj.com/dynamic-inset-iframer/js/app-c118b451.js:1:321
e/<@https://graphics.wsj.com/dynamic-inset-iframer/js/app-c118b451.js:1:1698

console.error: ({})
console.error: ({})
JavaScript error: https://tags.tiqcdn.com/utag/wsjdn/barrons/prod/utag.js, line 94: ReferenceError: s is not defined
JavaScript warning: https://cdn.gbqofs.com/sv/b/detector-bootstrap.min.js, line 0: Successfully compiled asm.js code (total compilation time 2ms)
JavaScript warning: https://pagead2.googlesyndication.com/bg/PcSWGRWl2mLW4O5uRUTCwBTBSkoSFBc_REwve846xD4.js line 2 > eval line 1104 > eval line 1 > eval line 1 > eval, line 1: WEBGL_debug_renderer_info is deprecated in Firefox and will be removed. Please use RENDERER.
JavaScript error: https://cdn.cxense.com/sp1.html#ver=2.8.92&typ=pgv&rnd=m8h0chxmfv3ekpyo&sid=9222325317970825875&loc=https%3A%2F%2Fwww.barrons.com%2Farticles%2Fwendys-wen-stock-earnings-51652268634&new=1&arf=0&ltm=1742454376911&ref=&tzo=-330&wsz=1920x857&res=1920x982&dpr=1&col=24&bln=en-US&chs=UTF-8&cks=m8h0cirpxgsy4ct5&ckp=m8h0chxmz8jix7g5&glb=&amo=1652281620&cp_userState=anon, line 1: TypeError: cX.loadScript is not a function
JavaScript warning: https://www.barrons.com/articles/wendys-wen-stock-earnings-51652268634, line 129: Script terminated by timeout at:
nrWrapper@https://www.barrons.com/articles/wendys-wen-stock-earnings-51652268634:129:17584

console.warn: LoginRecipes: "Falling back to a synchronous message for: https://sso.accounts.dowjones.com."
console.warn: LoginRecipes: "Falling back to a synchronous message for: https://sso.accounts.dowjones.com."
JavaScript warning: https://sso.accounts.dowjones.com/datadome/tags.js, line 2: Script terminated by timeout at:
a@https://sso.accounts.dowjones.com/datadome/tags.js:2:150063
@https://sso.accounts.dowjones.com/datadome/tags.js:2:158181
@https://sso.accounts.dowjones.com/datadome/tags.js:2:152497
y@https://sso.accounts.dowjones.com/datadome/tags.js:2:159434
@https://sso.accounts.dowjones.com/datadome/tags.js:2:161168

console.error: ({})
console.error: ({})
JavaScript error: https://tags.tiqcdn.com/utag/wsjdn/barrons/prod/utag.js, line 94: ReferenceError: s is not defined
JavaScript warning: https://pagead2.googlesyndication.com/bg/PcSWGRWl2mLW4O5uRUTCwBTBSkoSFBc_REwve846xD4.js line 2 > eval line 2545 > eval line 1 > eval line 1 > eval, line 1: WEBGL_debug_renderer_info is deprecated in Firefox and will be removed. Please use RENDERER.
JavaScript warning: https://cdn.gbqofs.com/sv/b/detector-bootstrap.min.js, line 0: Successfully compiled asm.js code (total compilation time 3ms)
1742454419773	Marionette	INFO	Stopped listening on port 63147
JavaScript warning: https://cdnjs.cloudflare.com/ajax/libs/angular.js/1.2.22/angular.min.js, line 41: Script terminated by timeout at:
te/k.defer/c<@https://cdnjs.cloudflare.com/ajax/libs/angular.js/1.2.22/angular.min.js:41:108

Dynamically enable window occlusion 1
JavaScript error: , line 0: TypeError: NetworkError when attempting to fetch resource.
JavaScript error: , line 0: TypeError: NetworkError when attempting to fetch resource.
JavaScript error: , line 0: TypeError: NetworkError when attempting to fetch resource.
