1742367811898	geckodriver	INFO	Listening on 127.0.0.1:59708
1742367814937	mozrunner::runner	INFO	Running command: "C:\\Program Files\\Mozilla Firefox\\firefox.exe" "--marionette" "--remote-debugging-port" "59709" "--remote-allow-hosts" "localhost" "-no-remote" "-profile" "D:\\Users\\sasikumarj\\AppData\\Local\\Temp\\rust_mozprofileC1qPbz"
console.warn: services.settings: Ignoring preference override of remote settings server
console.warn: services.settings: Allow by setting MOZ_REMOTE_SETTINGS_DEVTOOLS=1 in the environment
Dynamically enable window occlusion 0
1742367815538	Marionette	INFO	Marionette enabled
1742367815794	Marionette	INFO	Listening on port 59725
WebDriver BiDi listening on ws://127.0.0.1:59709
Read port: 59725
console.error: Policies: 
  Download failed - ERROR_CORRUPT_FILE - file://C:\Program Files\Snow Software\Inventory\Agent\FFCloudmetering.xpi
1742367816046	RemoteAgent	WARN	TLS certificate errors will be ignored for this session
DevTools listening on ws://127.0.0.1:59709/devtools/browser/7367e317-e92c-412c-8329-7bdf7aea2e2e
console.error: ({})
console.error: ({})
JavaScript error: https://www.barrons.com/asset/dj-watchlist/v1.14.3/p-0633e57d.entry.js, line 11: TypeError: Error.captureStackTrace is not a function
console.error: ({})
console.error: ({})
JavaScript error: https://tags.tiqcdn.com/utag/wsjdn/barrons/prod/utag.js, line 94: ReferenceError: s is not defined
JavaScript error: https://cdn.cxense.com/sp1.html#ver=2.8.92&typ=pgv&rnd=m8fktecsfn139lo0&sid=9222325317970825875&loc=https%3A%2F%2Fwww.barrons.com%2Farticles%2Fwendys-wen-stock-earnings-51652268634&new=1&arf=0&ltm=1742367825395&ref=&tzo=-330&wsz=1920x857&res=1920x982&dpr=1&col=24&bln=en-US&chs=UTF-8&cks=m8fkteqp7kot9zop&ckp=m8fktecssbg2mzq0&glb=&amo=1652281620&cp_userState=anon, line 1: TypeError: cX.loadScript is not a function
JavaScript warning: https://pagead2.googlesyndication.com/bg/XXhQVJd-KRqHuvRXUMhwDjVyE3uMgBOFksSJA8MgzWY.js line 2 > eval line 2125 > eval line 1 > eval line 1 > eval, line 1: WEBGL_debug_renderer_info is deprecated in Firefox and will be removed. Please use RENDERER.
JavaScript warning: https://cdn.gbqofs.com/sv/b/detector-bootstrap.min.js, line 0: Successfully compiled asm.js code (total compilation time 2ms)
JavaScript warning: https://pagead2.googlesyndication.com/bg/ErmbWlE-kTRg-2prXDDd2s1ZxwRTgxUadDitJptamoY.js line 2 > eval line 5602 > eval line 1 > eval line 1 > eval, line 1: WEBGL_debug_renderer_info is deprecated in Firefox and will be removed. Please use RENDERER.
JavaScript warning: https://pagead2.googlesyndication.com/bg/XXhQVJd-KRqHuvRXUMhwDjVyE3uMgBOFksSJA8MgzWY.js line 2 > eval line 3408 > eval line 1 > eval line 1 > eval, line 1: WEBGL_debug_renderer_info is deprecated in Firefox and will be removed. Please use RENDERER.
JavaScript warning: https://pagead2.googlesyndication.com/bg/XXhQVJd-KRqHuvRXUMhwDjVyE3uMgBOFksSJA8MgzWY.js line 2 > eval line 1136 > eval line 1 > eval line 1 > eval, line 1: WEBGL_debug_renderer_info is deprecated in Firefox and will be removed. Please use RENDERER.
console.warn: WindowsJumpLists: "Failed to fetch favicon for " "https://www.barrons.com/articles/wendys-wen-stock-earnings-51652268634" ({})
console.warn: WindowsJumpLists: "Failed to fetch favicon for " "https://www.barrons.com/" ({})
console.warn: WindowsJumpLists: "Failed to fetch favicon for " "https://www.barrons.com/articles/wendys-wen-stock-earnings-51652268634" ({})
console.warn: WindowsJumpLists: "Failed to fetch favicon for " "https://www.barrons.com/" ({})
console.warn: WindowsJumpLists: "Failed to fetch favicon for " "https://www.barrons.com/articles/wendys-wen-stock-earnings-51652268634" ({})
console.warn: WindowsJumpLists: "Failed to fetch favicon for " "https://www.barrons.com/" ({})
console.warn: WindowsJumpLists: "Failed to fetch favicon for " "https://www.barrons.com/articles/wendys-wen-stock-earnings-51652268634" ({})
console.warn: WindowsJumpLists: "Failed to fetch favicon for " "https://www.barrons.com/" ({})
JavaScript warning: https://js-agent.newrelic.com/nr-spa-1.284.1.min.js, line 2: Script terminated by timeout at:
makeHarvestPayload@https://js-agent.newrelic.com/nr-spa-1.284.1.min.js:2:100992
triggerHarvestFor@https://js-agent.newrelic.com/nr-spa-1.284.1.min.js:2:96950
3922/C/t/<@https://js-agent.newrelic.com/nr-spa-1.284.1.min.js:2:96282
t@https://js-agent.newrelic.com/nr-spa-1.284.1.min.js:2:96265
2843/i/<@https://www.barrons.com/articles/wendys-wen-stock-earnings-51652268634:129:15822
nrWrapper@https://www.barrons.com/articles/wendys-wen-stock-earnings-51652268634:129:17734

1742387874866	Marionette	INFO	Stopped listening on port 59725
Dynamically enable window occlusion 1
!!! error running onStopped callback: TypeError: callback is not a function
