1742453333548	geckodriver	INFO	Listening on 127.0.0.1:64942
1742453336608	mozrunner::runner	INFO	Running command: "C:\\Program Files\\Mozilla Firefox\\firefox.exe" "--marionette" "--remote-debugging-port" "64943" "--remote-allow-hosts" "localhost" "-no-remote" "-profile" "D:\\Users\\sasikumarj\\AppData\\Local\\Temp\\rust_mozprofile9SOqpe"
console.warn: services.settings: Ignoring preference override of remote settings server
console.warn: services.settings: Allow by setting MOZ_REMOTE_SETTINGS_DEVTOOLS=1 in the environment
Dynamically enable window occlusion 0
1742453337202	Marionette	INFO	Marionette enabled
1742453337449	Marionette	INFO	Listening on port 64954
WebDriver BiDi listening on ws://127.0.0.1:64943
Read port: 64954
console.error: Policies: 
  Download failed - ERROR_CORRUPT_FILE - file://C:\Program Files\Snow Software\Inventory\Agent\FFCloudmetering.xpi
1742453337705	RemoteAgent	WARN	TLS certificate errors will be ignored for this session
DevTools listening on ws://127.0.0.1:64943/devtools/browser/8f426ef8-8b8a-4ce3-8c7d-933010aae9ed
console.error: ({})
console.error: ({})
JavaScript error: https://tags.tiqcdn.com/utag/wsjdn/barrons/prod/utag.js, line 94: ReferenceError: s is not defined
JavaScript error: https://cdn.cxense.com/sp1.html#ver=2.8.92&typ=pgv&rnd=m8gzqdgwsoolc8v0&sid=9222325317970825875&loc=https%3A%2F%2Fwww.barrons.com%2F&new=1&arf=0&ltm=1742453344694&ref=&tzo=-330&wsz=1280x762&res=1920x982&dpr=1&col=24&bln=en-US&chs=UTF-8&cks=m8gzqdsa798lvy9x&ckp=m8gzqdgwvlpku29g&glb=&cp_userState=anon, line 1: TypeError: cX.loadScript is not a function
JavaScript warning: https://js-agent.newrelic.com/nr-1044.min.js, line 1: Script terminated by timeout at:
r@https://js-agent.newrelic.com/nr-1044.min.js:1:22526
[15]</r/<@https://js-agent.newrelic.com/nr-1044.min.js:1:9115

console.error: ({})
console.error: ({})
JavaScript error: https://tags.tiqcdn.com/utag/wsjdn/barrons/prod/utag.js, line 94: ReferenceError: s is not defined
JavaScript warning: https://pagead2.googlesyndication.com/bg/ErmbWlE-kTRg-2prXDDd2s1ZxwRTgxUadDitJptamoY.js line 2 > eval line 120 > eval line 1 > eval line 1 > eval, line 1: WEBGL_debug_renderer_info is deprecated in Firefox and will be removed. Please use RENDERER.
JavaScript warning: https://cdn.gbqofs.com/sv/b/detector-bootstrap.min.js, line 0: Successfully compiled asm.js code (total compilation time 2ms)
JavaScript warning: https://static.adsafeprotected.com/sca.17.6.4.js, line 31: Script terminated by timeout at:
j@https://static.adsafeprotected.com/sca.17.6.4.js:31:18761
k@https://static.adsafeprotected.com/sca.17.6.4.js:31:18872
o@https://static.adsafeprotected.com/sca.17.6.4.js:31:19316
p@https://static.adsafeprotected.com/sca.17.6.4.js:31:19347
s@https://static.adsafeprotected.com/sca.17.6.4.js:31:19472
a173@https://static.adsafeprotected.com/sca.17.6.4.js:31:20535
load@https://static.adsafeprotected.com/sca.17.6.4.js:31:720
a156@https://static.adsafeprotected.com/sca.17.6.4.js:34:10830
f@https://static.adsafeprotected.com/sca.17.6.4.js:31:13841
H@https://static.adsafeprotected.com/sca.17.6.4.js:31:13858
init/<@https://static.adsafeprotected.com/sca.17.6.4.js:34:10795
init@https://static.adsafeprotected.com/sca.17.6.4.js:34:10805
r@https://static.adsafeprotected.com/sca.17.6.4.js:34:11314
@https://static.adsafeprotected.com/sca.17.6.4.js:34:11406

console.warn: LoginRecipes: "Falling back to a synchronous message for: https://sso.accounts.dowjones.com."
console.warn: LoginRecipes: "Falling back to a synchronous message for: https://sso.accounts.dowjones.com."
JavaScript warning: https://sso.accounts.dowjones.com/datadome/tags.js, line 2: Script terminated by timeout at:
@https://sso.accounts.dowjones.com/datadome/tags.js:2:161072

console.error: ({})
console.error: ({})
JavaScript error: https://tags.tiqcdn.com/utag/wsjdn/barrons/prod/utag.js, line 94: ReferenceError: s is not defined
JavaScript warning: https://pagead2.googlesyndication.com/bg/ErmbWlE-kTRg-2prXDDd2s1ZxwRTgxUadDitJptamoY.js line 2 > eval line 7595 > eval line 1 > eval line 1 > eval, line 1: WEBGL_debug_renderer_info is deprecated in Firefox and will be removed. Please use RENDERER.
JavaScript warning: https://pagead2.googlesyndication.com/bg/ErmbWlE-kTRg-2prXDDd2s1ZxwRTgxUadDitJptamoY.js line 2 > eval line 959 > eval line 1 > eval line 1 > eval, line 1: WEBGL_debug_renderer_info is deprecated in Firefox and will be removed. Please use RENDERER.
JavaScript warning: https://cdn.gbqofs.com/sv/b/detector-bootstrap.min.js, line 0: Successfully compiled asm.js code (total compilation time 2ms)
JavaScript warning: https://pagead2.googlesyndication.com/bg/ErmbWlE-kTRg-2prXDDd2s1ZxwRTgxUadDitJptamoY.js line 2 > eval line 3310 > eval line 1 > eval line 1 > eval, line 1: WEBGL_debug_renderer_info is deprecated in Firefox and will be removed. Please use RENDERER.
1742453377958	Marionette	INFO	Stopped listening on port 64954
Dynamically enable window occlusion 1
