1740058384684	geckodriver	INFO	Listening on 127.0.0.1:60775
1740058387735	mozrunner::runner	INFO	Running command: "C:\\Program Files\\Mozilla Firefox\\firefox.exe" "--marionette" "--remote-debugging-port" "60776" "--remote-allow-hosts" "localhost" "-no-remote" "-profile" "D:\\Users\\sasikumarj\\AppData\\Local\\Temp\\rust_mozprofilec9bYyf"
console.warn: services.settings: Ignoring preference override of remote settings server
console.warn: services.settings: Allow by setting MOZ_REMOTE_SETTINGS_DEVTOOLS=1 in the environment
Dynamically enable window occlusion 0
1740058388329	Marionette	INFO	Marionette enabled
1740058388572	Marionette	INFO	Listening on port 60788
WebDriver BiDi listening on ws://127.0.0.1:60776
Read port: 60788
console.error: Policies: 
  Download failed - ERROR_CORRUPT_FILE - file://C:\Program Files\Snow Software\Inventory\Agent\FFCloudmetering.xpi
1740058388807	RemoteAgent	WARN	TLS certificate errors will be ignored for this session
DevTools listening on ws://127.0.0.1:60776/devtools/browser/d6bb28c4-219d-4c72-9e98-7d7239f87ebb
JavaScript warning: https://cdn.gbqofs.com/sv/b/detector-bootstrap.min.js, line 0: Successfully compiled asm.js code (total compilation time 3ms)
1740058396697	Marionette	WARN	Ignoring event 'DOMContentLoaded' because document has an invalid readyState of 'complete'.
JavaScript error: https://cdn.cxense.com/sp1.html#ver=2.8.91&typ=pgv&rnd=m7ddubsa3jtnr4t8&sid=1133979867428110118&loc=https%3A%2F%2Fwww.dev.penews.com%2Farticles%2Ftest-3testing-wsj-full-bleed-3k-words-20220215&new=1&arf=0&ltm=1740058396719&ref=&tzo=-330&wsz=1278x497&res=1278x622&dpr=1&col=24&bln=en-US&chs=UTF-8&cks=m7ddubtctub0uxht&ckp=m7ddubsa7v0y6wi9&glb=&amo=1644922380&cp_userState=anon&cp_testGroup=18&cp_env=staging&cp_topDomain=penews.com&cp_type=Advisers&cp_template=preview&cp_access=free&cp_section=ESG&cp_subsection=ESG&cp_cms_name=Wordpress&cp_subscriber=nonsubscriber&cp_edition=europe%252Cgb&cp_bucket=7&cp_ab_bucket=77&cp_pageContentSource=Private%20Equity%20News&cp_pageContentType=Article&cp_pageContentTypeDetai=article&cp_pageSiteProduct=PEN&cp_userTags=&cp_sessionState=none, line 1: TypeError: cX.loadScript is not a function
JavaScript warning: https://op1static.oktacdn.com/assets/js/vendor/lib/fingerprint2.min.68ab45bd98459cb766f3ab26d086e5f5.js, line 1: WEBGL_debug_renderer_info is deprecated in Firefox and will be removed. Please use RENDERER.
1740058409264	Marionette	WARN	Ignoring event 'DOMContentLoaded' because document has an invalid readyState of 'complete'.
console.error: ({})
console.warn: LoginRecipes: "Falling back to a synchronous message for: https://newscorp.okta.com."
1740058429733	Marionette	INFO	Stopped listening on port 60788
Dynamically enable window occlusion 1
!!! error running onStopped callback: TypeError: callback is not a function
JavaScript error: chrome://remote/content/marionette/cert.sys.mjs, line 47: NS_ERROR_NOT_AVAILABLE: Component returned failure code: 0x80040111 (NS_ERROR_NOT_AVAILABLE) [nsICertOverrideService.setDisableAllSecurityChecksAndLetAttackersInterceptMyData]
[GFX1-]: CompositorBridgeChild receives IPC close with reason=AbnormalShutdown
